Archive member included to satisfy reference by file (symbol)

/Applications/SEGGER/SEGGER Embedded Studio 8.24/lib/libc_v7em_fpv4_sp_d16_hard_t_le_eabi_balanced.a(floatasmops_arm.o)
                              Output/Debug/Obj/spi_pca10040/main.o (__aeabi_dsub)
/Applications/SEGGER/SEGGER Embedded Studio 8.24/lib/libc_v7em_fpv4_sp_d16_hard_t_le_eabi_balanced.a(intasmops_arm.o)
                              Output/Debug/Obj/spi_pca10040/bsp.o (__aeabi_uldivmod)
/Applications/SEGGER/SEGGER Embedded Studio 8.24/lib/libc_v7em_fpv4_sp_d16_hard_t_le_eabi_balanced.a(__SEGGER_RTL_vfprintf_long.o)
                              (__SEGGER_RTL_vfprintf_long)
/Applications/SEGGER/SEGGER Embedded Studio 8.24/lib/libc_v7em_fpv4_sp_d16_hard_t_le_eabi_balanced.a(__SEGGER_RTL_vfscanf_long.o)
                              (__SEGGER_RTL_vfscanf_long)
/Applications/SEGGER/SEGGER Embedded Studio 8.24/lib/libc_v7em_fpv4_sp_d16_hard_t_le_eabi_balanced.a(utilops.o)
                              /Applications/SEGGER/SEGGER Embedded Studio 8.24/lib/libc_v7em_fpv4_sp_d16_hard_t_le_eabi_balanced.a(__SEGGER_RTL_vfscanf_long.o) (__SEGGER_RTL_digit)
/Applications/SEGGER/SEGGER Embedded Studio 8.24/lib/libc_v7em_fpv4_sp_d16_hard_t_le_eabi_balanced.a(prinops.o)
                              /Applications/SEGGER/SEGGER Embedded Studio 8.24/lib/libc_v7em_fpv4_sp_d16_hard_t_le_eabi_balanced.a(__SEGGER_RTL_vfprintf_long.o) (__SEGGER_RTL_putc)
/Applications/SEGGER/SEGGER Embedded Studio 8.24/lib/libc_v7em_fpv4_sp_d16_hard_t_le_eabi_balanced.a(fileops.o)
                              /Applications/SEGGER/SEGGER Embedded Studio 8.24/lib/libc_v7em_fpv4_sp_d16_hard_t_le_eabi_balanced.a(prinops.o) (fwrite)
/Applications/SEGGER/SEGGER Embedded Studio 8.24/lib/libc_v7em_fpv4_sp_d16_hard_t_le_eabi_balanced.a(errno.o)
                              /Applications/SEGGER/SEGGER Embedded Studio 8.24/lib/libc_v7em_fpv4_sp_d16_hard_t_le_eabi_balanced.a(fileops.o) (__aeabi_errno_addr)
/Applications/SEGGER/SEGGER Embedded Studio 8.24/lib/heapops_basic_v7em_fpv4_sp_d16_hard_t_le_eabi_balanced.a(heapops_basic.o)
                              Output/Debug/Obj/spi_pca10040/thumb_crt0.o (__SEGGER_RTL_init_heap)
/Applications/SEGGER/SEGGER Embedded Studio 8.24/lib/heapops_disable_interrupts_locking_v7em_fpv4_sp_d16_hard_t_le_eabi_balanced.a(heapops.o)
                              /Applications/SEGGER/SEGGER Embedded Studio 8.24/lib/libc_v7em_fpv4_sp_d16_hard_t_le_eabi_balanced.a(prinops.o) (free)
/Applications/SEGGER/SEGGER Embedded Studio 8.24/lib/strops_unaligned_v7em_fpv4_sp_d16_hard_t_le_eabi_balanced.a(strops.o)
                              Output/Debug/Obj/spi_pca10040/nrf_fprintf_format.o (strlen)
/Applications/SEGGER/SEGGER Embedded Studio 8.24/lib/strops_unaligned_v7em_fpv4_sp_d16_hard_t_le_eabi_balanced.a(strasmops_arm.o)
                              /Applications/SEGGER/SEGGER Embedded Studio 8.24/lib/strops_unaligned_v7em_fpv4_sp_d16_hard_t_le_eabi_balanced.a(strops.o) (strcmp)
/Applications/SEGGER/SEGGER Embedded Studio 8.24/lib/mbops_timeops_v7em_fpv4_sp_d16_hard_t_le_eabi_balanced.a(mbops.o)
                              /Applications/SEGGER/SEGGER Embedded Studio 8.24/lib/libc_v7em_fpv4_sp_d16_hard_t_le_eabi_balanced.a(prinops.o) (__SEGGER_RTL_current_locale)
/Applications/SEGGER/SEGGER Embedded Studio 8.24/lib/mbops_timeops_v7em_fpv4_sp_d16_hard_t_le_eabi_balanced.a(timeops.o)
                              /Applications/SEGGER/SEGGER Embedded Studio 8.24/lib/mbops_timeops_v7em_fpv4_sp_d16_hard_t_le_eabi_balanced.a(mbops.o) (__SEGGER_RTL_string_list_encode)
/Applications/SEGGER/SEGGER Embedded Studio 8.24/lib/libc_v7em_fpv4_sp_d16_hard_t_le_eabi_balanced.a(execops.o)
                              /Applications/SEGGER/SEGGER Embedded Studio 8.24/lib/strops_unaligned_v7em_fpv4_sp_d16_hard_t_le_eabi_balanced.a(strops.o) (__SEGGER_RTL_constraint_violation)
/Applications/SEGGER/SEGGER Embedded Studio 8.24/lib/libc_v7em_fpv4_sp_d16_hard_t_le_eabi_balanced.a(execops_arm.o)
                              /Applications/SEGGER/SEGGER Embedded Studio 8.24/lib/libc_v7em_fpv4_sp_d16_hard_t_le_eabi_balanced.a(execops.o) (__aeabi_SIGABRT)
/Applications/SEGGER/SEGGER Embedded Studio 8.24/lib/libc_v7em_fpv4_sp_d16_hard_t_le_eabi_balanced.a(intops.o)
                              /Applications/SEGGER/SEGGER Embedded Studio 8.24/lib/mbops_timeops_v7em_fpv4_sp_d16_hard_t_le_eabi_balanced.a(timeops.o) (div)
/Applications/SEGGER/SEGGER Embedded Studio 8.24/lib/libc_v7em_fpv4_sp_d16_hard_t_le_eabi_balanced.a(sortops.o)
                              /Applications/SEGGER/SEGGER Embedded Studio 8.24/lib/mbops_timeops_v7em_fpv4_sp_d16_hard_t_le_eabi_balanced.a(mbops.o) (bsearch)
/Applications/SEGGER/SEGGER Embedded Studio 8.24/lib/libc_v7em_fpv4_sp_d16_hard_t_le_eabi_balanced.a(convops.o)
                              /Applications/SEGGER/SEGGER Embedded Studio 8.24/lib/libc_v7em_fpv4_sp_d16_hard_t_le_eabi_balanced.a(execops.o) (itoa)
[...]
Memory Configuration

Name             Origin             Length             Attributes
UNPLACED_SECTIONS 0x00000000         0x00000000         xw
RAM1             0x20000000         0x00010000         xw
FLASH            0x00000000         0x00080000         xw
*default*        0x00000000         0xffffffff

Linker script and memory map

                0x20000000                        __RAM1_segment_start__ = 0x20000000
                0x20010000                        __RAM1_segment_end__ = 0x20010000
                0x00010000                        __RAM1_segment_size__ = 0x10000
                0x00000000                        __FLASH_segment_start__ = 0x0
                0x00080000                        __FLASH_segment_end__ = 0x80000
                0x00080000                        __FLASH_segment_size__ = 0x80000
                0x00002000                        __HEAPSIZE__ = 0x2000
                0x00000000                        __SEGGER_RTL_vfprintf = __SEGGER_RTL_vfprintf_long
                0x00000000                        __SEGGER_RTL_vfscanf = __SEGGER_RTL_vfscanf_long
                0x00000000                        __STACKSIZE_PROCESS__ = 0x0
                0x00002000                        __STACKSIZE__ = 0x2000
                0x20000000                        __vectors_ram_load_start__ = 0x20000000

.vectors_ram    0x20000000        0x0
                0x20000000                        __vectors_ram_start__ = .
                0x20000000                        __app_ram_start__ = __vectors_ram_start__
 *(.vectors_ram .vectors_ram.*)
                0x20000000                        __vectors_ram_end__ = (__vectors_ram_start__ + SIZEOF (.vectors_ram))
                0x00000000                        __vectors_ram_size__ = SIZEOF (.vectors_ram)
                0x20000000                        __vectors_ram_load_end__ = __vectors_ram_end__
                0x00000001                        . = ASSERT (((__vectors_ram_start__ == __vectors_ram_end__) || ((__vectors_ram_end__ - __RAM1_segment_start__) <= __RAM1_segment_size__)), error: .vectors_ram is too large to fit in RAM1 memory segment)
                0x20000000                        __nrf_sections_run_load_start__ = ALIGN (__vectors_ram_end__, 0x4)

.nrf_sections_run
                0x20000000        0x0
                0x20000000                        __nrf_sections_run_start__ = .
                0x20000000                        __start_nrf_sections_run = __nrf_sections_run_start__
 *(.nrf_sections_run .nrf_sections_run.*)
                0x20000000                        __nrf_sections_run_end__ = (__nrf_sections_run_start__ + SIZEOF (.nrf_sections_run))
                0x00000000                        __nrf_sections_run_size__ = SIZEOF (.nrf_sections_run)
                0x20000000                        __nrf_sections_run_load_end__ = __nrf_sections_run_end__
                0x00000001                        . = ASSERT (((__nrf_sections_run_start__ == __nrf_sections_run_end__) || ((__nrf_sections_run_end__ - __RAM1_segment_start__) <= __RAM1_segment_size__)), error: .nrf_sections_run is too large to fit in RAM1 memory segment)
                0x00000000                        __vectors_load_start__ = 0x0

.vectors        0x00000000      0x200
                0x00000000                        __vectors_start__ = .
 *(.vectors .vectors.*)
 .vectors       0x00000000      0x200 Output/Debug/Obj/spi_pca10040/ses_startup_nrf52.o
                0x00000000                _vectors
                0x00000200                        __vectors_end__ = (__vectors_start__ + SIZEOF (.vectors))
                0x00000200                        __vectors_size__ = SIZEOF (.vectors)
                0x00000200                        __vectors_load_end__ = __vectors_end__
                0x00000001                        . = ASSERT (((__vectors_start__ == __vectors_end__) || ((__vectors_end__ - __FLASH_segment_start__) <= __FLASH_segment_size__)), error: .vectors is too large to fit in FLASH memory segment)
                0x00000200                        __init_load_start__ = ALIGN (__vectors_end__, 0x4)

.init           0x00000200      0x1e0
                0x00000200                        __init_start__ = .
 *(.init .init.*)
 .init          0x00000200       0x18 Output/Debug/Obj/spi_pca10040/ses_startup_nrf52.o
                0x00000200                NMI_Handler
                0x00000202                HardFault_Handler
                0x00000204                MemoryManagement_Handler
                0x00000206                BusFault_Handler
                0x00000208                UsageFault_Handler
                0x0000020a                SVC_Handler
                0x0000020c                DebugMon_Handler
                0x0000020e                PendSV_Handler
                0x00000210                SysTick_Handler
                0x00000212                QDEC_IRQHandler
                0x00000212                TIMER3_IRQHandler
                0x00000212                FPU_IRQHandler
                0x00000212                TIMER4_IRQHandler
                0x00000212                I2S_IRQHandler
                0x00000212                SWI4_EGU4_IRQHandler
                0x00000212                TIMER0_IRQHandler
                0x00000212                Dummy_Handler
                0x00000212                TIMER1_IRQHandler
                0x00000212                PWM2_IRQHandler
                0x00000212                ECB_IRQHandler
                0x00000212                SPIM1_SPIS1_TWIM1_TWIS1_SPI1_TWI1_IRQHandler
                0x00000212                CCM_AAR_IRQHandler
                0x00000212                WDT_IRQHandler
                0x00000212                SWI5_EGU5_IRQHandler
                0x00000212                RNG_IRQHandler
                0x00000212                RTC2_IRQHandler
                0x00000212                PWM0_IRQHandler
                0x00000212                SWI3_EGU3_IRQHandler
                0x00000212                SWI1_EGU1_IRQHandler
                0x00000212                SPIM2_SPIS2_SPI2_IRQHandler
                0x00000212                NFCT_IRQHandler
                0x00000212                MWU_IRQHandler
                0x00000212                COMP_LPCOMP_IRQHandler
                0x00000212                RTC0_IRQHandler
                0x00000212                SWI0_EGU0_IRQHandler
                0x00000212                SWI2_EGU2_IRQHandler
                0x00000212                PWM1_IRQHandler
                0x00000212                POWER_CLOCK_IRQHandler
                0x00000212                RADIO_IRQHandler
                0x00000212                PDM_IRQHandler
                0x00000212                TEMP_IRQHandler
                0x00000212                TIMER2_IRQHandler
                0x00000214                nRFInitialize
 .init          0x00000218       0x5c Output/Debug/Obj/spi_pca10040/ses_startup_nrf_common.o
                0x00000218                Reset_Handler
                0x0000021c                afterInitialize
                0x00000240                InitializeUserMemorySections
 .init          0x00000274      0x16c Output/Debug/Obj/spi_pca10040/thumb_crt0.o
                0x00000274                _start
                0x0000031c                _Exit
                0x0000031c                exit
                0x000003e0                        __init_end__ = (__init_start__ + SIZEOF (.init))
                0x000001e0                        __init_size__ = SIZEOF (.init)
                0x000003e0                        __init_load_end__ = __init_end__
                0x00000001                        . = ASSERT (((__init_start__ == __init_end__) || ((__init_end__ - __FLASH_segment_start__) <= __FLASH_segment_size__)), error: .init is too large to fit in FLASH memory segment)
                0x000003e0                        __init_rodata_load_start__ = ALIGN (__init_end__, 0x4)

.init_rodata    0x000003e0        0x0
                0x000003e0                        __init_rodata_start__ = .
 *(.init_rodata .init_rodata.*)
                0x000003e0                        __init_rodata_end__ = (__init_rodata_start__ + SIZEOF (.init_rodata))
                0x00000000                        __init_rodata_size__ = SIZEOF (.init_rodata)
                0x000003e0                        __init_rodata_load_end__ = __init_rodata_end__
                0x00000001                        . = ASSERT (((__init_rodata_start__ == __init_rodata_end__) || ((__init_rodata_end__ - __FLASH_segment_start__) <= __FLASH_segment_size__)), error: .init_rodata is too large to fit in FLASH memory segment)
                0x000003e0                        __text_load_start__ = ALIGN (__init_rodata_end__, 0x4)

.text           0x000003e0     0x6480
                0x000003e0                        __text_start__ = .
 *(.text .text.* .gnu.linkonce.t.* .glue_7t .glue_7 .gcc_except_table .ARM.extab* .gnu.linkonce.armextab.*)
 .glue_7        0x000003e0        0x0 linker stubs
 .glue_7t       0x000003e0        0x0 linker stubs
 .text.nrfx_coredep_delay_us
                0x000003e0       0x30 Output/Debug/Obj/spi_pca10040/main.o
 .text.nrf_drv_spi_uninit
                0x00000410       0x18 Output/Debug/Obj/spi_pca10040/main.o
 .text.nrf_drv_spi_transfer
                0x00000428       0x42 Output/Debug/Obj/spi_pca10040/main.o
 *fill*         0x0000046a        0x2 
 .text.nrf_gpio_pin_port_decode
                0x0000046c       0x30 Output/Debug/Obj/spi_pca10040/main.o
 .text.nrf_gpio_cfg
                0x0000049c       0x62 Output/Debug/Obj/spi_pca10040/main.o
 .text.nrf_gpio_cfg_output
                0x000004fe       0x22 Output/Debug/Obj/spi_pca10040/main.o
 .text.nrf_gpio_pin_set
                0x00000520       0x28 Output/Debug/Obj/spi_pca10040/main.o
 .text.nrf_gpio_pin_clear
                0x00000548       0x28 Output/Debug/Obj/spi_pca10040/main.o
 .text.nrf_gpio_pin_write
                0x00000570       0x24 Output/Debug/Obj/spi_pca10040/main.o
 .text.nrf_gpio_port_out_set
                0x00000594       0x14 Output/Debug/Obj/spi_pca10040/main.o
 .text.nrf_gpio_port_out_clear
                0x000005a8       0x14 Output/Debug/Obj/spi_pca10040/main.o
 .text.nrf_gpio_pin_present_check
                0x000005bc       0x38 Output/Debug/Obj/spi_pca10040/main.o
 .text.nrf_delay_ms
                0x000005f4       0x2a Output/Debug/Obj/spi_pca10040/main.o
 *fill*         0x0000061e        0x2 
 .text.timestamp_timer_handler
                0x00000620       0x18 Output/Debug/Obj/spi_pca10040/main.o
 .text.timer_init
                0x00000638       0x6c Output/Debug/Obj/spi_pca10040/main.o
                0x00000638                timer_init
 .text.spi_event_handler
                0x000006a4       0x18 Output/Debug/Obj/spi_pca10040/main.o
                0x000006a4                spi_event_handler
 .text.ad7789_reset
                0x000006bc       0xb0 Output/Debug/Obj/spi_pca10040/main.o
                0x000006bc                ad7789_reset
 .text.ad7789_read_status
                0x0000076c       0x7c Output/Debug/Obj/spi_pca10040/main.o
                0x0000076c                ad7789_read_status
 .text.ad7789_read_mode
                0x000007e8       0x7c Output/Debug/Obj/spi_pca10040/main.o
                0x000007e8                ad7789_read_mode
 .text.ad7789_wait_for_data
                0x00000864       0x9c Output/Debug/Obj/spi_pca10040/main.o
                0x00000864                ad7789_wait_for_data
 .text.ad7789_select_channel
                0x00000900      0x104 Output/Debug/Obj/spi_pca10040/main.o
                0x00000900                ad7789_select_channel
 .text.ad7789_read_data
                0x00000a04       0xc8 Output/Debug/Obj/spi_pca10040/main.o
                0x00000a04                ad7789_read_data
 .text.ad7789_configure_analog_input
                0x00000acc       0x84 Output/Debug/Obj/spi_pca10040/main.o
                0x00000acc                ad7789_configure_analog_input
 .text.send_DAC_msg
                0x00000b50       0x6c Output/Debug/Obj/spi_pca10040/main.o
                0x00000b50                send_DAC_msg
 .text.log_init
                0x00000bbc       0x34 Output/Debug/Obj/spi_pca10040/main.o
                0x00000bbc                log_init
 .text.main     0x00000bf0      0x324 Output/Debug/Obj/spi_pca10040/main.o
                0x00000bf0                main
 .text.nrf_gpio_pin_port_decode
                0x00000f14       0x30 Output/Debug/Obj/spi_pca10040/boards.o
 .text.nrf_gpio_cfg
                0x00000f44       0x62 Output/Debug/Obj/spi_pca10040/boards.o
 .text.nrf_gpio_cfg_output
                0x00000fa6       0x22 Output/Debug/Obj/spi_pca10040/boards.o
 .text.nrf_gpio_cfg_input
                0x00000fc8       0x2a Output/Debug/Obj/spi_pca10040/boards.o
 .text.nrf_gpio_pin_set
                0x00000ff2       0x28 Output/Debug/Obj/spi_pca10040/boards.o
 .text.nrf_gpio_pin_clear
                0x0000101a       0x28 Output/Debug/Obj/spi_pca10040/boards.o
 .text.nrf_gpio_pin_toggle
                0x00001042       0x44 Output/Debug/Obj/spi_pca10040/boards.o
 .text.nrf_gpio_pin_write
                0x00001086       0x24 Output/Debug/Obj/spi_pca10040/boards.o
 .text.nrf_gpio_port_out_set
                0x000010aa       0x14 Output/Debug/Obj/spi_pca10040/boards.o
 .text.nrf_gpio_port_out_clear
                0x000010be       0x14 Output/Debug/Obj/spi_pca10040/boards.o
 .text.nrf_gpio_pin_present_check
                0x000010d2       0x38 Output/Debug/Obj/spi_pca10040/boards.o
 *fill*         0x0000110a        0x2 
 .text.bsp_board_led_off
                0x0000110c       0x34 Output/Debug/Obj/spi_pca10040/boards.o
                0x0000110c                bsp_board_led_off
 .text.bsp_board_leds_off
                0x00001140       0x26 Output/Debug/Obj/spi_pca10040/boards.o
                0x00001140                bsp_board_leds_off
 *fill*         0x00001166        0x2 
 .text.bsp_board_led_invert
                0x00001168       0x34 Output/Debug/Obj/spi_pca10040/boards.o
                0x00001168                bsp_board_led_invert
 .text.bsp_board_leds_init
                0x0000119c       0x34 Output/Debug/Obj/spi_pca10040/boards.o
 .text.bsp_board_buttons_init
                0x000011d0       0x34 Output/Debug/Obj/spi_pca10040/boards.o
 .text.bsp_board_init
                0x00001204       0x2a Output/Debug/Obj/spi_pca10040/boards.o
                0x00001204                bsp_board_init
 *fill*         0x0000122e        0x2 
 .text.__NVIC_SystemReset
                0x00001230       0x28 Output/Debug/Obj/spi_pca10040/system_nrf52.o
 .text.nrf52_errata_12
                0x00001258       0x80 Output/Debug/Obj/spi_pca10040/system_nrf52.o
 .text.nrf52_errata_16
                0x000012d8       0x60 Output/Debug/Obj/spi_pca10040/system_nrf52.o
 .text.nrf52_errata_31
                0x00001338       0x80 Output/Debug/Obj/spi_pca10040/system_nrf52.o
 .text.nrf52_errata_32
                0x000013b8       0x60 Output/Debug/Obj/spi_pca10040/system_nrf52.o
 .text.nrf52_errata_36
                0x00001418       0x80 Output/Debug/Obj/spi_pca10040/system_nrf52.o
 .text.nrf52_errata_37
                0x00001498       0x60 Output/Debug/Obj/spi_pca10040/system_nrf52.o
 .text.nrf52_errata_57
                0x000014f8       0x60 Output/Debug/Obj/spi_pca10040/system_nrf52.o
 .text.nrf52_errata_66
                0x00001558       0x80 Output/Debug/Obj/spi_pca10040/system_nrf52.o
 .text.nrf52_errata_108
                0x000015d8       0x80 Output/Debug/Obj/spi_pca10040/system_nrf52.o
 .text.nrf52_errata_136
                0x00001658       0x80 Output/Debug/Obj/spi_pca10040/system_nrf52.o
 .text.nrf52_errata_182
                0x000016d8       0x58 Output/Debug/Obj/spi_pca10040/system_nrf52.o
 .text.SystemCoreClockUpdate
                0x00001730       0x14 Output/Debug/Obj/spi_pca10040/system_nrf52.o
                0x00001730                SystemCoreClockUpdate
 .text.SystemInit
                0x00001744      0x334 Output/Debug/Obj/spi_pca10040/system_nrf52.o
                0x00001744                SystemInit
 .text.spim_evt_handler
                0x00001a78       0x5c Output/Debug/Obj/spi_pca10040/nrf_drv_spi.o
 .text.nrf_drv_spi_init
                0x00001ad4       0xac Output/Debug/Obj/spi_pca10040/nrf_drv_spi.o
                0x00001ad4                nrf_drv_spi_init
 .text.nrf_gpiote_event_is_set
                0x00001b80       0x2a Output/Debug/Obj/spi_pca10040/nrfx_gpiote.o
 .text.nrf_gpiote_event_clear
                0x00001baa       0x36 Output/Debug/Obj/spi_pca10040/nrfx_gpiote.o
 .text.nrf_gpiote_event_addr_get
                0x00001be0       0x1a Output/Debug/Obj/spi_pca10040/nrfx_gpiote.o
 *fill*         0x00001bfa        0x2 
 .text.nrf_gpiote_int_is_enabled
                0x00001bfc       0x18 Output/Debug/Obj/spi_pca10040/nrfx_gpiote.o
 .text.nrf_gpiote_event_pin_get
                0x00001c14       0x20 Output/Debug/Obj/spi_pca10040/nrfx_gpiote.o
 .text.nrf_gpiote_event_polarity_get
                0x00001c34       0x24 Output/Debug/Obj/spi_pca10040/nrfx_gpiote.o
 .text.nrf_gpio_pin_port_decode
                0x00001c58       0x30 Output/Debug/Obj/spi_pca10040/nrfx_gpiote.o
 .text.nrf_gpio_cfg_sense_set
                0x00001c88       0x5a Output/Debug/Obj/spi_pca10040/nrfx_gpiote.o
 .text.nrf_gpio_pin_sense_get
                0x00001ce2       0x2c Output/Debug/Obj/spi_pca10040/nrfx_gpiote.o
 .text.nrf_gpio_latches_read_and_clear
                0x00001d0e       0x5c Output/Debug/Obj/spi_pca10040/nrfx_gpiote.o
 .text.nrf_gpio_pin_latch_clear
                0x00001d6a       0x28 Output/Debug/Obj/spi_pca10040/nrfx_gpiote.o
 .text.nrf_gpio_pin_present_check
                0x00001d92       0x38 Output/Debug/Obj/spi_pca10040/nrfx_gpiote.o
 .text.nrf_bitmask_bit_is_set
                0x00001dca       0x30 Output/Debug/Obj/spi_pca10040/nrfx_gpiote.o
 *fill*         0x00001dfa        0x2 
 .text.channel_port_get
                0x00001dfc       0x1c Output/Debug/Obj/spi_pca10040/nrfx_gpiote.o
 .text.channel_handler_get
                0x00001e18       0x18 Output/Debug/Obj/spi_pca10040/nrfx_gpiote.o
 .text.port_handler_pin_get
                0x00001e30       0x28 Output/Debug/Obj/spi_pca10040/nrfx_gpiote.o
 .text.port_handler_polarity_get
                0x00001e58       0x28 Output/Debug/Obj/spi_pca10040/nrfx_gpiote.o
 .text.latch_pending_read_and_check
                0x00001e80       0x3e Output/Debug/Obj/spi_pca10040/nrfx_gpiote.o
 *fill*         0x00001ebe        0x2 
 .text.port_event_handle
                0x00001ec0       0xe4 Output/Debug/Obj/spi_pca10040/nrfx_gpiote.o
 .text.GPIOTE_IRQHandler
                0x00001fa4      0x104 Output/Debug/Obj/spi_pca10040/nrfx_gpiote.o
                0x00001fa4                GPIOTE_IRQHandler
 .text.UARTE0_UART0_IRQHandler
                0x000020a8       0x24 Output/Debug/Obj/spi_pca10040/nrfx_prs.o
                0x000020a8                UARTE0_UART0_IRQHandler
 .text.prs_box_get
                0x000020cc       0x20 Output/Debug/Obj/spi_pca10040/nrfx_prs.o
 .text.nrfx_prs_acquire
                0x000020ec       0x74 Output/Debug/Obj/spi_pca10040/nrfx_prs.o
                0x000020ec                nrfx_prs_acquire
 .text.nrfx_prs_release
                0x00002160       0x3c Output/Debug/Obj/spi_pca10040/nrfx_prs.o
                0x00002160                nrfx_prs_release
 .text.nrf_saadc_task_trigger
                0x0000219c       0x1e Output/Debug/Obj/spi_pca10040/nrfx_saadc.o
 .text.nrf_saadc_event_check
                0x000021ba       0x26 Output/Debug/Obj/spi_pca10040/nrfx_saadc.o
 .text.nrf_saadc_event_clear
                0x000021e0       0x30 Output/Debug/Obj/spi_pca10040/nrfx_saadc.o
 .text.nrf_saadc_buffer_init
                0x00002210       0x20 Output/Debug/Obj/spi_pca10040/nrfx_saadc.o
 .text.SAADC_IRQHandler
                0x00002230      0x258 Output/Debug/Obj/spi_pca10040/nrfx_saadc.o
                0x00002230                SAADC_IRQHandler
 .text.__NVIC_EnableIRQ
                0x00002488       0x34 Output/Debug/Obj/spi_pca10040/nrfx_spim.o
 .text.__NVIC_DisableIRQ
                0x000024bc       0x44 Output/Debug/Obj/spi_pca10040/nrfx_spim.o
 .text.__NVIC_SetPriority
                0x00002500       0x50 Output/Debug/Obj/spi_pca10040/nrfx_spim.o
 .text.nrfx_is_in_ram
                0x00002550       0x1c Output/Debug/Obj/spi_pca10040/nrfx_spim.o
 .text.nrfx_get_irq_number
                0x0000256c       0x10 Output/Debug/Obj/spi_pca10040/nrfx_spim.o
 .text._NRFX_IRQ_PRIORITY_SET
                0x0000257c       0x40 Output/Debug/Obj/spi_pca10040/nrfx_spim.o
 .text._NRFX_IRQ_ENABLE
                0x000025bc       0x1c Output/Debug/Obj/spi_pca10040/nrfx_spim.o
 .text._NRFX_IRQ_DISABLE
                0x000025d8       0x1c Output/Debug/Obj/spi_pca10040/nrfx_spim.o
 .text.nrf_spim_task_trigger
                0x000025f4       0x1c Output/Debug/Obj/spi_pca10040/nrfx_spim.o
 .text.nrf_spim_event_clear
                0x00002610       0x2a Output/Debug/Obj/spi_pca10040/nrfx_spim.o
 .text.nrf_spim_event_check
                0x0000263a       0x24 Output/Debug/Obj/spi_pca10040/nrfx_spim.o
 .text.nrf_spim_int_enable
                0x0000265e       0x14 Output/Debug/Obj/spi_pca10040/nrfx_spim.o
 .text.nrf_spim_int_disable
                0x00002672       0x14 Output/Debug/Obj/spi_pca10040/nrfx_spim.o
 .text.nrf_spim_enable
                0x00002686       0x12 Output/Debug/Obj/spi_pca10040/nrfx_spim.o
 .text.nrf_spim_disable
                0x00002698       0x12 Output/Debug/Obj/spi_pca10040/nrfx_spim.o
 .text.nrf_spim_pins_set
                0x000026aa       0x28 Output/Debug/Obj/spi_pca10040/nrfx_spim.o
 .text.nrf_spim_frequency_set
                0x000026d2       0x14 Output/Debug/Obj/spi_pca10040/nrfx_spim.o
 .text.nrf_spim_tx_buffer_set
                0x000026e6       0x1e Output/Debug/Obj/spi_pca10040/nrfx_spim.o
 .text.nrf_spim_rx_buffer_set
                0x00002704       0x1e Output/Debug/Obj/spi_pca10040/nrfx_spim.o
 .text.nrf_spim_configure
                0x00002722       0x64 Output/Debug/Obj/spi_pca10040/nrfx_spim.o
 .text.nrf_spim_orc_set
                0x00002786       0x1a Output/Debug/Obj/spi_pca10040/nrfx_spim.o
 .text.nrf_spim_tx_list_enable
                0x000027a0       0x12 Output/Debug/Obj/spi_pca10040/nrfx_spim.o
 .text.nrf_spim_tx_list_disable
                0x000027b2       0x12 Output/Debug/Obj/spi_pca10040/nrfx_spim.o
 .text.nrf_spim_rx_list_enable
                0x000027c4       0x12 Output/Debug/Obj/spi_pca10040/nrfx_spim.o
 .text.nrf_spim_rx_list_disable
                0x000027d6       0x12 Output/Debug/Obj/spi_pca10040/nrfx_spim.o
 .text.nrf_gpio_pin_port_decode
                0x000027e8       0x30 Output/Debug/Obj/spi_pca10040/nrfx_spim.o
 .text.nrf_gpio_cfg
                0x00002818       0x62 Output/Debug/Obj/spi_pca10040/nrfx_spim.o
 .text.nrf_gpio_cfg_output
                0x0000287a       0x22 Output/Debug/Obj/spi_pca10040/nrfx_spim.o
 .text.nrf_gpio_cfg_input
                0x0000289c       0x2a Output/Debug/Obj/spi_pca10040/nrfx_spim.o
 .text.nrf_gpio_cfg_default
                0x000028c6       0x22 Output/Debug/Obj/spi_pca10040/nrfx_spim.o
 .text.nrf_gpio_pin_set
                0x000028e8       0x28 Output/Debug/Obj/spi_pca10040/nrfx_spim.o
 .text.nrf_gpio_pin_clear
                0x00002910       0x28 Output/Debug/Obj/spi_pca10040/nrfx_spim.o
 .text.nrf_gpio_port_out_set
                0x00002938       0x14 Output/Debug/Obj/spi_pca10040/nrfx_spim.o
 .text.nrf_gpio_port_out_clear
                0x0000294c       0x14 Output/Debug/Obj/spi_pca10040/nrfx_spim.o
 .text.nrf_gpio_pin_present_check
                0x00002960       0x38 Output/Debug/Obj/spi_pca10040/nrfx_spim.o
 .text.nrfx_spim_init
                0x00002998      0x1d0 Output/Debug/Obj/spi_pca10040/nrfx_spim.o
                0x00002998                nrfx_spim_init
 .text.nrfx_spim_uninit
                0x00002b68       0xcc Output/Debug/Obj/spi_pca10040/nrfx_spim.o
                0x00002b68                nrfx_spim_uninit
 .text.finish_transfer
                0x00002c34       0x52 Output/Debug/Obj/spi_pca10040/nrfx_spim.o
 .text.spim_int_enable
                0x00002c86       0x34 Output/Debug/Obj/spi_pca10040/nrfx_spim.o
 .text.spim_list_enable_handle
                0x00002cba       0x40 Output/Debug/Obj/spi_pca10040/nrfx_spim.o
 .text.spim_xfer
                0x00002cfa      0x108 Output/Debug/Obj/spi_pca10040/nrfx_spim.o
 *fill*         0x00002e02        0x2 
 .text.nrfx_spim_xfer
                0x00002e04      0x108 Output/Debug/Obj/spi_pca10040/nrfx_spim.o
                0x00002e04                nrfx_spim_xfer
 .text.irq_handler
                0x00002f0c       0x48 Output/Debug/Obj/spi_pca10040/nrfx_spim.o
 .text.SPIM0_SPIS0_TWIM0_TWIS0_SPI0_TWI0_IRQHandler
                0x00002f54       0x18 Output/Debug/Obj/spi_pca10040/nrfx_spim.o
                0x00002f54                SPIM0_SPIS0_TWIM0_TWIS0_SPI0_TWI0_IRQHandler
 .text.app_error_save_and_stop
                0x00002f6c       0x98 Output/Debug/Obj/spi_pca10040/app_error.o
                0x00002f6c                app_error_save_and_stop
 .text.app_error_handler
                0x00003004       0x1c Output/Debug/Obj/spi_pca10040/app_error_handler_gcc.o
                0x00003004                app_error_handler
 .text.app_error_fault_handler
                0x00003020      0x104 Output/Debug/Obj/spi_pca10040/app_error_weak.o
                0x00003020                app_error_fault_handler
 .text.get_now  0x00003124       0x64 Output/Debug/Obj/spi_pca10040/app_timer2.o
 .text.compare_func
                0x00003188       0x3e Output/Debug/Obj/spi_pca10040/app_timer2.o
 *fill*         0x000031c6        0x2 
 .text.timer_expire
                0x000031c8       0xc8 Output/Debug/Obj/spi_pca10040/app_timer2.o
 .text.rtc_schedule
                0x00003290       0xa8 Output/Debug/Obj/spi_pca10040/app_timer2.o
 .text.sortlist_pop
                0x00003338       0x1c Output/Debug/Obj/spi_pca10040/app_timer2.o
 .text.sortlist_peek
                0x00003354       0x1c Output/Debug/Obj/spi_pca10040/app_timer2.o
 .text.sorted_list_stop_all
                0x00003370       0x26 Output/Debug/Obj/spi_pca10040/app_timer2.o
 *fill*         0x00003396        0x2 
 .text.on_overflow_evt
                0x00003398       0x1c Output/Debug/Obj/spi_pca10040/app_timer2.o
 .text.on_compare_evt
                0x000033b4       0x58 Output/Debug/Obj/spi_pca10040/app_timer2.o
 .text.on_compare1_evt
                0x0000340c       0x20 Output/Debug/Obj/spi_pca10040/app_timer2.o
 .text.rtc_update
                0x0000342c       0xd0 Output/Debug/Obj/spi_pca10040/app_timer2.o
 .text.timer_req_process
                0x000034fc       0xc8 Output/Debug/Obj/spi_pca10040/app_timer2.o
 .text.rtc_irq  0x000035c4       0x52 Output/Debug/Obj/spi_pca10040/app_timer2.o
 *fill*         0x00003616        0x2 
 .text.timer_request_proc_trigger
                0x00003618       0x10 Output/Debug/Obj/spi_pca10040/app_timer2.o
 .text.timer_req_schedule
                0x00003628       0x58 Output/Debug/Obj/spi_pca10040/app_timer2.o
 .text.app_timer_init
                0x00003680       0x7c Output/Debug/Obj/spi_pca10040/app_timer2.o
                0x00003680                app_timer_init
 .text.app_timer_create
                0x000036fc       0x68 Output/Debug/Obj/spi_pca10040/app_timer2.o
                0x000036fc                app_timer_create
 .text.app_timer_start
                0x00003764       0x70 Output/Debug/Obj/spi_pca10040/app_timer2.o
                0x00003764                app_timer_start
 .text.app_timer_cnt_diff_compute
                0x000037d4       0x16 Output/Debug/Obj/spi_pca10040/app_timer2.o
                0x000037d4                app_timer_cnt_diff_compute
 *fill*         0x000037ea        0x2 
 .text.app_timer_cnt_get
                0x000037ec       0x14 Output/Debug/Obj/spi_pca10040/app_timer2.o
                0x000037ec                app_timer_cnt_get
 .text.app_util_disable_irq
                0x00003800       0x18 Output/Debug/Obj/spi_pca10040/app_util_platform.o
                0x00003800                app_util_disable_irq
 .text.app_util_enable_irq
                0x00003818       0x20 Output/Debug/Obj/spi_pca10040/app_util_platform.o
                0x00003818                app_util_enable_irq
 .text.app_util_critical_region_enter
                0x00003838       0x28 Output/Debug/Obj/spi_pca10040/app_util_platform.o
                0x00003838                app_util_critical_region_enter
 .text.app_util_critical_region_exit
                0x00003860       0x2c Output/Debug/Obj/spi_pca10040/app_util_platform.o
                0x00003860                app_util_critical_region_exit
 .text.privilege_level_get
                0x0000388c       0x3a Output/Debug/Obj/spi_pca10040/app_util_platform.o
                0x0000388c                privilege_level_get
 *fill*         0x000038c6        0x2 
 .text.__NVIC_EnableIRQ
                0x000038c8       0x34 Output/Debug/Obj/spi_pca10040/drv_rtc.o
 .text.__NVIC_SetPendingIRQ
                0x000038fc       0x38 Output/Debug/Obj/spi_pca10040/drv_rtc.o
 .text.__NVIC_SetPriority
                0x00003934       0x50 Output/Debug/Obj/spi_pca10040/drv_rtc.o
 .text._NRFX_IRQ_PRIORITY_SET
                0x00003984       0x40 Output/Debug/Obj/spi_pca10040/drv_rtc.o
 .text._NRFX_IRQ_ENABLE
                0x000039c4       0x1c Output/Debug/Obj/spi_pca10040/drv_rtc.o
 .text.nrfx_coredep_delay_us
                0x000039e0       0x30 Output/Debug/Obj/spi_pca10040/drv_rtc.o
 .text.nrf_rtc_cc_set
                0x00003a10       0x1c Output/Debug/Obj/spi_pca10040/drv_rtc.o
 .text.nrf_rtc_cc_get
                0x00003a2c       0x18 Output/Debug/Obj/spi_pca10040/drv_rtc.o
 .text.nrf_rtc_int_enable
                0x00003a44       0x14 Output/Debug/Obj/spi_pca10040/drv_rtc.o
 .text.nrf_rtc_int_disable
                0x00003a58       0x14 Output/Debug/Obj/spi_pca10040/drv_rtc.o
 .text.nrf_rtc_event_pending
                0x00003a6c       0x1a Output/Debug/Obj/spi_pca10040/drv_rtc.o
 .text.nrf_rtc_event_clear
                0x00003a86       0x2a Output/Debug/Obj/spi_pca10040/drv_rtc.o
 .text.nrf_rtc_counter_get
                0x00003ab0       0x10 Output/Debug/Obj/spi_pca10040/drv_rtc.o
 .text.nrf_rtc_prescaler_set
                0x00003ac0       0x30 Output/Debug/Obj/spi_pca10040/drv_rtc.o
 .text.nrf_rtc_task_trigger
                0x00003af0       0x1e Output/Debug/Obj/spi_pca10040/drv_rtc.o
 .text.nrf_rtc_event_enable
                0x00003b0e       0x14 Output/Debug/Obj/spi_pca10040/drv_rtc.o
 .text.nrf_rtc_event_disable
                0x00003b22       0x14 Output/Debug/Obj/spi_pca10040/drv_rtc.o
 *fill*         0x00003b36        0x2 
 .text.drv_rtc_init
                0x00003b38       0xfc Output/Debug/Obj/spi_pca10040/drv_rtc.o
                0x00003b38                drv_rtc_init
 .text.drv_rtc_start
                0x00003c34       0x2c Output/Debug/Obj/spi_pca10040/drv_rtc.o
                0x00003c34                drv_rtc_start
 .text.drv_rtc_stop
                0x00003c60       0x2c Output/Debug/Obj/spi_pca10040/drv_rtc.o
                0x00003c60                drv_rtc_stop
 .text.drv_rtc_compare_set
                0x00003c8c       0xa0 Output/Debug/Obj/spi_pca10040/drv_rtc.o
                0x00003c8c                drv_rtc_compare_set
 .text.evt_enable
                0x00003d2c       0x48 Output/Debug/Obj/spi_pca10040/drv_rtc.o
 .text.evt_disable
                0x00003d74       0x3c Output/Debug/Obj/spi_pca10040/drv_rtc.o
 .text.evt_pending
                0x00003db0       0x54 Output/Debug/Obj/spi_pca10040/drv_rtc.o
 .text.ticks_sub
                0x00003e04       0x16 Output/Debug/Obj/spi_pca10040/drv_rtc.o
 *fill*         0x00003e1a        0x2 
 .text.drv_rtc_windowed_compare_set
                0x00003e1c      0x174 Output/Debug/Obj/spi_pca10040/drv_rtc.o
                0x00003e1c                drv_rtc_windowed_compare_set
 .text.drv_rtc_overflow_enable
                0x00003f90       0x22 Output/Debug/Obj/spi_pca10040/drv_rtc.o
                0x00003f90                drv_rtc_overflow_enable
 .text.drv_rtc_overflow_pending
                0x00003fb2       0x1a Output/Debug/Obj/spi_pca10040/drv_rtc.o
                0x00003fb2                drv_rtc_overflow_pending
 .text.drv_rtc_compare_disable
                0x00003fcc       0x22 Output/Debug/Obj/spi_pca10040/drv_rtc.o
                0x00003fcc                drv_rtc_compare_disable
 .text.drv_rtc_compare_pending
                0x00003fee       0x2a Output/Debug/Obj/spi_pca10040/drv_rtc.o
                0x00003fee                drv_rtc_compare_pending
 .text.drv_rtc_compare_get
                0x00004018       0x1e Output/Debug/Obj/spi_pca10040/drv_rtc.o
                0x00004018                drv_rtc_compare_get
 .text.drv_rtc_counter_get
                0x00004036       0x1a Output/Debug/Obj/spi_pca10040/drv_rtc.o
                0x00004036                drv_rtc_counter_get
 .text.drv_rtc_irq_trigger
                0x00004050       0x1a Output/Debug/Obj/spi_pca10040/drv_rtc.o
                0x00004050                drv_rtc_irq_trigger
 *fill*         0x0000406a        0x2 
 .text.RTC1_IRQHandler
                0x0000406c       0x1c Output/Debug/Obj/spi_pca10040/drv_rtc.o
                0x0000406c                RTC1_IRQHandler
 .text.assert_nrf_callback
                0x00004088       0x2c Output/Debug/Obj/spi_pca10040/nrf_assert.o
                0x00004088                assert_nrf_callback
 .text.nrf_atfifo_wspace_req
                0x000040b4       0x54 Output/Debug/Obj/spi_pca10040/nrf_atfifo.o
 .text.nrf_atfifo_wspace_close
                0x00004108       0x20 Output/Debug/Obj/spi_pca10040/nrf_atfifo.o
 .text.nrf_atfifo_rspace_req
                0x00004128       0x56 Output/Debug/Obj/spi_pca10040/nrf_atfifo.o
 .text.nrf_atfifo_rspace_close
                0x0000417e       0x20 Output/Debug/Obj/spi_pca10040/nrf_atfifo.o
 .text.nrf_atfifo_init
                0x0000419e       0x66 Output/Debug/Obj/spi_pca10040/nrf_atfifo.o
                0x0000419e                nrf_atfifo_init
 .text.nrf_atfifo_item_alloc
                0x00004204       0x32 Output/Debug/Obj/spi_pca10040/nrf_atfifo.o
                0x00004204                nrf_atfifo_item_alloc
 .text.nrf_atfifo_item_put
                0x00004236       0x28 Output/Debug/Obj/spi_pca10040/nrf_atfifo.o
                0x00004236                nrf_atfifo_item_put
 .text.nrf_atfifo_item_get
                0x0000425e       0x32 Output/Debug/Obj/spi_pca10040/nrf_atfifo.o
                0x0000425e                nrf_atfifo_item_get
 .text.nrf_atfifo_item_free
                0x00004290       0x28 Output/Debug/Obj/spi_pca10040/nrf_atfifo.o
                0x00004290                nrf_atfifo_item_free
 .text.nrf_atomic_u32_fetch_store
                0x000042b8       0x2e Output/Debug/Obj/spi_pca10040/nrf_atomic.o
                0x000042b8                nrf_atomic_u32_fetch_store
 .text.nrf_atomic_u32_or
                0x000042e6       0x30 Output/Debug/Obj/spi_pca10040/nrf_atomic.o
                0x000042e6                nrf_atomic_u32_or
 .text.nrf_atomic_u32_fetch_and
                0x00004316       0x30 Output/Debug/Obj/spi_pca10040/nrf_atomic.o
                0x00004316                nrf_atomic_u32_fetch_and
 .text.nrf_atomic_u32_add
                0x00004346       0x30 Output/Debug/Obj/spi_pca10040/nrf_atomic.o
                0x00004346                nrf_atomic_u32_add
 .text.nrf_atomic_u32_sub
                0x00004376       0x30 Output/Debug/Obj/spi_pca10040/nrf_atomic.o
                0x00004376                nrf_atomic_u32_sub
 .text.nrf_atomic_flag_set
                0x000043a6       0x18 Output/Debug/Obj/spi_pca10040/nrf_atomic.o
                0x000043a6                nrf_atomic_flag_set
 .text.nrf_atomic_flag_clear_fetch
                0x000043be       0x18 Output/Debug/Obj/spi_pca10040/nrf_atomic.o
                0x000043be                nrf_atomic_flag_clear_fetch
 *fill*         0x000043d6        0x2 
 .text.nrf_balloc_idx2block
                0x000043d8       0x38 Output/Debug/Obj/spi_pca10040/nrf_balloc.o
 .text.nrf_balloc_block2idx
                0x00004410       0x34 Output/Debug/Obj/spi_pca10040/nrf_balloc.o
 .text.nrf_balloc_init
                0x00004444       0xb8 Output/Debug/Obj/spi_pca10040/nrf_balloc.o
                0x00004444                nrf_balloc_init
 .text.nrf_balloc_alloc
                0x000044fc       0x84 Output/Debug/Obj/spi_pca10040/nrf_balloc.o
                0x000044fc                nrf_balloc_alloc
 .text.nrf_balloc_free
                0x00004580       0x58 Output/Debug/Obj/spi_pca10040/nrf_balloc.o
                0x00004580                nrf_balloc_free
 .text.nrf_fprintf_buffer_flush
                0x000045d8       0x44 Output/Debug/Obj/spi_pca10040/nrf_fprintf.o
                0x000045d8                nrf_fprintf_buffer_flush
 .text.nrf_fprintf
                0x0000461c       0x74 Output/Debug/Obj/spi_pca10040/nrf_fprintf.o
                0x0000461c                nrf_fprintf
 .text.buffer_add
                0x00004690       0x4c Output/Debug/Obj/spi_pca10040/nrf_fprintf_format.o
 .text.string_print
                0x000046dc       0xc2 Output/Debug/Obj/spi_pca10040/nrf_fprintf_format.o
 *fill*         0x0000479e        0x2 
 .text.unsigned_print
                0x000047a0      0x130 Output/Debug/Obj/spi_pca10040/nrf_fprintf_format.o
 .text.int_print
                0x000048d0      0x11c Output/Debug/Obj/spi_pca10040/nrf_fprintf_format.o
 .text.nrf_fprintf_fmt
                0x000049ec      0x388 Output/Debug/Obj/spi_pca10040/nrf_fprintf_format.o
                0x000049ec                nrf_fprintf_fmt
 .text.nrf_memobj_pool_init
                0x00004d74       0x16 Output/Debug/Obj/spi_pca10040/nrf_memobj.o
                0x00004d74                nrf_memobj_pool_init
 .text.nrf_memobj_alloc
                0x00004d8a       0xae Output/Debug/Obj/spi_pca10040/nrf_memobj.o
                0x00004d8a                nrf_memobj_alloc
 .text.nrf_memobj_free
                0x00004e38       0x74 Output/Debug/Obj/spi_pca10040/nrf_memobj.o
                0x00004e38                nrf_memobj_free
 .text.nrf_memobj_get
                0x00004eac       0x1e Output/Debug/Obj/spi_pca10040/nrf_memobj.o
                0x00004eac                nrf_memobj_get
 .text.nrf_memobj_put
                0x00004eca       0x34 Output/Debug/Obj/spi_pca10040/nrf_memobj.o
                0x00004eca                nrf_memobj_put
 *fill*         0x00004efe        0x2 
 .text.memobj_op
                0x00004f00      0x124 Output/Debug/Obj/spi_pca10040/nrf_memobj.o
 .text.nrf_memobj_write
                0x00005024       0x3c Output/Debug/Obj/spi_pca10040/nrf_memobj.o
                0x00005024                nrf_memobj_write
 .text.nrf_memobj_read
                0x00005060       0x40 Output/Debug/Obj/spi_pca10040/nrf_memobj.o
                0x00005060                nrf_memobj_read
 .text.nrf_ringbuf_init
                0x000050a0       0x3a Output/Debug/Obj/spi_pca10040/nrf_ringbuf.o
                0x000050a0                nrf_ringbuf_init
 *fill*         0x000050da        0x2 
 .text.nrf_sortlist_add
                0x000050dc       0x74 Output/Debug/Obj/spi_pca10040/nrf_sortlist.o
                0x000050dc                nrf_sortlist_add
 .text.nrf_sortlist_pop
                0x00005150       0x44 Output/Debug/Obj/spi_pca10040/nrf_sortlist.o
                0x00005150                nrf_sortlist_pop
 .text.nrf_sortlist_peek
                0x00005194       0x28 Output/Debug/Obj/spi_pca10040/nrf_sortlist.o
                0x00005194                nrf_sortlist_peek
 .text.nrf_sortlist_remove
                0x000051bc       0x6c Output/Debug/Obj/spi_pca10040/nrf_sortlist.o
                0x000051bc                nrf_sortlist_remove
 .text.nrf_strerror_get
                0x00005228       0x28 Output/Debug/Obj/spi_pca10040/nrf_strerror.o
                0x00005228                nrf_strerror_get
 .text.nrf_strerror_find
                0x00005250       0x68 Output/Debug/Obj/spi_pca10040/nrf_strerror.o
                0x00005250                nrf_strerror_find
 .text.nrfx_coredep_delay_us
                0x000052b8       0x30 Output/Debug/Obj/spi_pca10040/nrf_log_backend_rtt.o
 .text.nrf_delay_ms
                0x000052e8       0x2a Output/Debug/Obj/spi_pca10040/nrf_log_backend_rtt.o
 .text.nrf_log_backend_rtt_init
                0x00005312        0xa Output/Debug/Obj/spi_pca10040/nrf_log_backend_rtt.o
                0x00005312                nrf_log_backend_rtt_init
 .text.serial_tx
                0x0000531c       0x84 Output/Debug/Obj/spi_pca10040/nrf_log_backend_rtt.o
 .text.nrf_log_backend_rtt_put
                0x000053a0       0x28 Output/Debug/Obj/spi_pca10040/nrf_log_backend_rtt.o
 .text.nrf_log_backend_rtt_flush
                0x000053c8        0xa Output/Debug/Obj/spi_pca10040/nrf_log_backend_rtt.o
 .text.nrf_log_backend_rtt_panic_set
                0x000053d2        0xa Output/Debug/Obj/spi_pca10040/nrf_log_backend_rtt.o
 .text.nrf_log_backend_serial_put
                0x000053dc      0x124 Output/Debug/Obj/spi_pca10040/nrf_log_backend_serial.o
                0x000053dc                nrf_log_backend_serial_put
 .text.nrf_log_backend_enable
                0x00005500       0x12 Output/Debug/Obj/spi_pca10040/nrf_log_default_backends.o
 *fill*         0x00005512        0x2 
 .text.nrf_log_default_backends_init
                0x00005514       0x3c Output/Debug/Obj/spi_pca10040/nrf_log_default_backends.o
                0x00005514                nrf_log_default_backends_init
 .text.nrf_log_backend_put
                0x00005550       0x1c Output/Debug/Obj/spi_pca10040/nrf_log_frontend.o
 .text.nrf_log_backend_panic_set
                0x0000556c       0x18 Output/Debug/Obj/spi_pca10040/nrf_log_frontend.o
 .text.nrf_log_backend_flush
                0x00005584       0x18 Output/Debug/Obj/spi_pca10040/nrf_log_frontend.o
 .text.nrf_log_backend_id_set
                0x0000559c       0x1a Output/Debug/Obj/spi_pca10040/nrf_log_frontend.o
 .text.nrf_log_backend_id_get
                0x000055b6       0x10 Output/Debug/Obj/spi_pca10040/nrf_log_frontend.o
 .text.nrf_log_backend_enable
                0x000055c6       0x12 Output/Debug/Obj/spi_pca10040/nrf_log_frontend.o
 .text.nrf_log_backend_is_enabled
                0x000055d8       0x10 Output/Debug/Obj/spi_pca10040/nrf_log_frontend.o
 .text.nrf_log_init
                0x000055e8       0x50 Output/Debug/Obj/spi_pca10040/nrf_log_frontend.o
                0x000055e8                nrf_log_init
 .text.nrf_log_module_cnt_get
                0x00005638       0x14 Output/Debug/Obj/spi_pca10040/nrf_log_frontend.o
                0x00005638                nrf_log_module_cnt_get
 .text.module_idx_get
                0x0000564c       0x64 Output/Debug/Obj/spi_pca10040/nrf_log_frontend.o
 .text.nrf_log_module_name_get
                0x000056b0       0x40 Output/Debug/Obj/spi_pca10040/nrf_log_frontend.o
                0x000056b0                nrf_log_module_name_get
 .text.nrf_log_color_id_get
                0x000056f0       0x70 Output/Debug/Obj/spi_pca10040/nrf_log_frontend.o
                0x000056f0                nrf_log_color_id_get
 .text.invalid_packets_omit
                0x00005760       0x6e Output/Debug/Obj/spi_pca10040/nrf_log_frontend.o
 *fill*         0x000057ce        0x2 
 .text.log_skip
                0x000057d0      0x118 Output/Debug/Obj/spi_pca10040/nrf_log_frontend.o
 .text.dropped_sat16_get
                0x000058e8       0x28 Output/Debug/Obj/spi_pca10040/nrf_log_frontend.o
 .text.std_header_set
                0x00005910       0xb4 Output/Debug/Obj/spi_pca10040/nrf_log_frontend.o
 .text.buf_prealloc
                0x000059c4      0x128 Output/Debug/Obj/spi_pca10040/nrf_log_frontend.o
 .text.std_n    0x00005aec       0x90 Output/Debug/Obj/spi_pca10040/nrf_log_frontend.o
 .text.nrf_log_frontend_std_0
                0x00005b7c       0x1c Output/Debug/Obj/spi_pca10040/nrf_log_frontend.o
                0x00005b7c                nrf_log_frontend_std_0
 .text.nrf_log_frontend_std_1
                0x00005b98       0x22 Output/Debug/Obj/spi_pca10040/nrf_log_frontend.o
                0x00005b98                nrf_log_frontend_std_1
 .text.nrf_log_frontend_std_2
                0x00005bba       0x28 Output/Debug/Obj/spi_pca10040/nrf_log_frontend.o
                0x00005bba                nrf_log_frontend_std_2
 .text.nrf_log_frontend_std_5
                0x00005be2       0x34 Output/Debug/Obj/spi_pca10040/nrf_log_frontend.o
                0x00005be2                nrf_log_frontend_std_5
 *fill*         0x00005c16        0x2 
 .text.buffer_is_empty
                0x00005c18       0x1c Output/Debug/Obj/spi_pca10040/nrf_log_frontend.o
                0x00005c18                buffer_is_empty
 .text.nrf_log_frontend_dequeue
                0x00005c34      0x3a4 Output/Debug/Obj/spi_pca10040/nrf_log_frontend.o
                0x00005c34                nrf_log_frontend_dequeue
 .text.backend_id_assign
                0x00005fd8       0x68 Output/Debug/Obj/spi_pca10040/nrf_log_frontend.o
 .text.nrf_log_backend_add
                0x00006040       0x70 Output/Debug/Obj/spi_pca10040/nrf_log_frontend.o
                0x00006040                nrf_log_backend_add
 .text.nrf_log_panic
                0x000060b0       0x3c Output/Debug/Obj/spi_pca10040/nrf_log_frontend.o
                0x000060b0                nrf_log_panic
 .text.timestamp_print
                0x000060ec        0xc Output/Debug/Obj/spi_pca10040/nrf_log_str_formatter.o
 .text.prefix_process
                0x000060f8       0xb0 Output/Debug/Obj/spi_pca10040/nrf_log_str_formatter.o
 .text.postfix_process
                0x000061a8       0x60 Output/Debug/Obj/spi_pca10040/nrf_log_str_formatter.o
 .text.nrf_log_std_entry_process
                0x00006208      0x144 Output/Debug/Obj/spi_pca10040/nrf_log_str_formatter.o
                0x00006208                nrf_log_std_entry_process
 .text.nrf_log_hexdump_entry_process
                0x0000634c       0xf0 Output/Debug/Obj/spi_pca10040/nrf_log_str_formatter.o
                0x0000634c                nrf_log_hexdump_entry_process
 .text._DoInit  0x0000643c       0x9c Output/Debug/Obj/spi_pca10040/SEGGER_RTT.o
 .text._WriteBlocking
                0x000064d8       0xb2 Output/Debug/Obj/spi_pca10040/SEGGER_RTT.o
 .text._WriteNoCheck
                0x0000658a       0x7e Output/Debug/Obj/spi_pca10040/SEGGER_RTT.o
 .text._GetAvailWriteSpace
                0x00006608       0x3c Output/Debug/Obj/spi_pca10040/SEGGER_RTT.o
 .text.SEGGER_RTT_WriteNoLock
                0x00006644       0xa0 Output/Debug/Obj/spi_pca10040/SEGGER_RTT.o
                0x00006644                SEGGER_RTT_WriteNoLock
 .text.SEGGER_RTT_Init
                0x000066e4        0xa Output/Debug/Obj/spi_pca10040/SEGGER_RTT.o
                0x000066e4                SEGGER_RTT_Init
 .text.libc.__SEGGER_RTL_init_heap
                0x000066ee       0x16 /Applications/SEGGER/SEGGER Embedded Studio 8.24/lib/heapops_basic_v7em_fpv4_sp_d16_hard_t_le_eabi_balanced.a(heapops_basic.o)
                0x000066ee                __SEGGER_RTL_init_heap
 .text.libc.strlen
                0x00006704       0x2a /Applications/SEGGER/SEGGER Embedded Studio 8.24/lib/strops_unaligned_v7em_fpv4_sp_d16_hard_t_le_eabi_balanced.a(strops.o)
                0x00006704                strlen
 *fill*         0x0000672e        0x2 
 .text.libc.memcpy
                0x00006730       0x5c /Applications/SEGGER/SEGGER Embedded Studio 8.24/lib/strops_unaligned_v7em_fpv4_sp_d16_hard_t_le_eabi_balanced.a(strasmops_arm.o)
                0x00006730                memcpy
                0x00006730                __aeabi_memcpy
                0x0000674e                __aeabi_memcpy4
                0x0000674e                __aeabi_memcpy8
 .text.libc.__SEGGER_RTL_ascii_mbtowc
                0x0000678c       0x32 /Applications/SEGGER/SEGGER Embedded Studio 8.24/lib/mbops_timeops_v7em_fpv4_sp_d16_hard_t_le_eabi_balanced.a(mbops.o)
                0x0000678c                __SEGGER_RTL_ascii_mbtowc
 .text.libc.__SEGGER_RTL_ascii_wctomb
                0x000067be        0xe /Applications/SEGGER/SEGGER Embedded Studio 8.24/lib/mbops_timeops_v7em_fpv4_sp_d16_hard_t_le_eabi_balanced.a(mbops.o)
                0x000067be                __SEGGER_RTL_ascii_wctomb
 .text.libc.isprint
                0x000067cc       0x20 /Applications/SEGGER/SEGGER Embedded Studio 8.24/lib/mbops_timeops_v7em_fpv4_sp_d16_hard_t_le_eabi_balanced.a(mbops.o)
                0x000067cc                isprint
 .text.libc.__SEGGER_RTL_ascii_isctype
                0x000067ec       0x20 /Applications/SEGGER/SEGGER Embedded Studio 8.24/lib/mbops_timeops_v7em_fpv4_sp_d16_hard_t_le_eabi_balanced.a(mbops.o)
 .text.libc.__SEGGER_RTL_ascii_toupper
                0x0000680c        0xc /Applications/SEGGER/SEGGER Embedded Studio 8.24/lib/mbops_timeops_v7em_fpv4_sp_d16_hard_t_le_eabi_balanced.a(mbops.o)
 .text.libc.__SEGGER_RTL_ascii_tolower
                0x00006818        0xe /Applications/SEGGER/SEGGER Embedded Studio 8.24/lib/mbops_timeops_v7em_fpv4_sp_d16_hard_t_le_eabi_balanced.a(mbops.o)
 .text.libc.__SEGGER_RTL_ascii_iswctype
                0x00006826       0x20 /Applications/SEGGER/SEGGER Embedded Studio 8.24/lib/mbops_timeops_v7em_fpv4_sp_d16_hard_t_le_eabi_balanced.a(mbops.o)
 .text.libc.__SEGGER_RTL_ascii_towupper
                0x00006846        0xc /Applications/SEGGER/SEGGER Embedded Studio 8.24/lib/mbops_timeops_v7em_fpv4_sp_d16_hard_t_le_eabi_balanced.a(mbops.o)
 .text.libc.__SEGGER_RTL_ascii_towlower
                0x00006852        0xe /Applications/SEGGER/SEGGER Embedded Studio 8.24/lib/mbops_timeops_v7em_fpv4_sp_d16_hard_t_le_eabi_balanced.a(mbops.o)
                0x00006860                        __text_end__ = (__text_start__ + SIZEOF (.text))
                0x00006480                        __text_size__ = SIZEOF (.text)
                0x00006860                        __text_load_end__ = __text_end__

.vfp11_veneer   0x00000000        0x0
 .vfp11_veneer  0x00000000        0x0 linker stubs

.v4_bx          0x00000000        0x0
 .v4_bx         0x00000000        0x0 linker stubs

.iplt           0x00000000        0x0
 .iplt          0x00000000        0x0 Output/Debug/Obj/spi_pca10040/main.o
                0x00000001                        . = ASSERT (((__text_start__ == __text_end__) || ((__text_end__ - __FLASH_segment_start__) <= __FLASH_segment_size__)), error: .text is too large to fit in FLASH memory segment)
                0x00006860                        __log_const_data_load_start__ = ALIGN (__text_end__, 0x4)

.log_const_data
                0x00006860       0x50
                0x00006860                        __log_const_data_start__ = .
                0x00006860                        __start_log_const_data = __log_const_data_start__
 *(SORT_BY_NAME(.log_const_data*))
 .log_const_data_GPIOTE
                0x00006860        0x8 Output/Debug/Obj/spi_pca10040/nrfx_gpiote.o
                0x00006860                m_nrf_log_GPIOTE_logs_data_const
 .log_const_data_PRS
                0x00006868        0x8 Output/Debug/Obj/spi_pca10040/nrfx_prs.o
                0x00006868                m_nrf_log_PRS_logs_data_const
 .log_const_data_SAADC
                0x00006870        0x8 Output/Debug/Obj/spi_pca10040/nrfx_saadc.o
                0x00006870                m_nrf_log_SAADC_logs_data_const
 .log_const_data_SPIM
                0x00006878        0x8 Output/Debug/Obj/spi_pca10040/nrfx_spim.o
                0x00006878                m_nrf_log_SPIM_logs_data_const
 .log_const_data_UART
                0x00006880        0x8 Output/Debug/Obj/spi_pca10040/nrfx_uart.o
                0x00006880                m_nrf_log_UART_logs_data_const
 .log_const_data_UARTE
                0x00006888        0x8 Output/Debug/Obj/spi_pca10040/nrfx_uarte.o
                0x00006888                m_nrf_log_UARTE_logs_data_const
 .log_const_data_app
                0x00006890        0x8 Output/Debug/Obj/spi_pca10040/nrf_log_frontend.o
                0x00006890                m_nrf_log_app_logs_data_const
 .log_const_data_app_button
                0x00006898        0x8 Output/Debug/Obj/spi_pca10040/app_button.o
                0x00006898                m_nrf_log_app_button_logs_data_const
 .log_const_data_app_timer
                0x000068a0        0x8 Output/Debug/Obj/spi_pca10040/app_timer2.o
                0x000068a0                m_nrf_log_app_timer_logs_data_const
 .log_const_data_sortlist
                0x000068a8        0x8 Output/Debug/Obj/spi_pca10040/nrf_sortlist.o
                0x000068a8                m_nrf_log_sortlist_logs_data_const
                0x000068b0                        __log_const_data_end__ = (__log_const_data_start__ + SIZEOF (.log_const_data))
                0x00000050                        __log_const_data_size__ = SIZEOF (.log_const_data)
                0x000068b0                        __stop_log_const_data = __log_const_data_end__
                0x000068b0                        __log_const_data_load_end__ = __log_const_data_end__
                0x00000001                        . = ASSERT (((__log_const_data_start__ == __log_const_data_end__) || ((__log_const_data_end__ - __FLASH_segment_start__) <= __FLASH_segment_size__)), error: .log_const_data is too large to fit in FLASH memory segment)
                0x000068b0                        __log_backends_load_start__ = ALIGN (__log_const_data_end__, 0x4)

.log_backends   0x000068b0       0x10
                0x000068b0                        __log_backends_start__ = .
                0x000068b0                        __start_log_backends = __log_backends_start__
 *(SORT_BY_NAME(.log_backends*))
 .log_backends  0x000068b0       0x10 Output/Debug/Obj/spi_pca10040/nrf_log_default_backends.o
                0x000068c0                        __log_backends_end__ = (__log_backends_start__ + SIZEOF (.log_backends))
                0x00000010                        __log_backends_size__ = SIZEOF (.log_backends)
                0x000068c0                        __stop_log_backends = __log_backends_end__
                0x000068c0                        __log_backends_load_end__ = __log_backends_end__
                0x00000001                        . = ASSERT (((__log_backends_start__ == __log_backends_end__) || ((__log_backends_end__ - __FLASH_segment_start__) <= __FLASH_segment_size__)), error: .log_backends is too large to fit in FLASH memory segment)
                0x000068c0                        __nrf_balloc_load_start__ = ALIGN (__log_backends_end__, 0x4)

.nrf_balloc     0x000068c0       0x14
                0x000068c0                        __nrf_balloc_start__ = .
                0x000068c0                        __start_nrf_balloc = __nrf_balloc_start__
 *(.nrf_balloc*)
 .nrf_balloc    0x000068c0       0x14 Output/Debug/Obj/spi_pca10040/nrf_log_frontend.o
                0x000068c0                log_mempool
                0x000068d4                        __nrf_balloc_end__ = (__nrf_balloc_start__ + SIZEOF (.nrf_balloc))
                0x00000014                        __nrf_balloc_size__ = SIZEOF (.nrf_balloc)
                0x000068d4                        __stop_nrf_balloc = __nrf_balloc_end__
                0x000068d4                        __nrf_balloc_load_end__ = __nrf_balloc_end__
                0x00000001                        . = ASSERT (((__nrf_balloc_start__ == __nrf_balloc_end__) || ((__nrf_balloc_end__ - __FLASH_segment_start__) <= __FLASH_segment_size__)), error: .nrf_balloc is too large to fit in FLASH memory segment)
                0x000068d4                        __nrf_sections_load_start__ = ALIGN (__nrf_balloc_end__, 0x4)

.nrf_sections   0x000068d4        0x0
                0x000068d4                        __nrf_sections_start__ = .
                0x000068d4                        __start_nrf_sections = __nrf_sections_start__
 *(.nrf_sections .nrf_sections.*)
                0x000068d4                        __nrf_sections_end__ = (__nrf_sections_start__ + SIZEOF (.nrf_sections))
                0x00000000                        __nrf_sections_size__ = SIZEOF (.nrf_sections)
                0x000068d4                        __nrf_sections_load_end__ = __nrf_sections_end__
                0x00000001                        . = ASSERT (((__nrf_sections_start__ == __nrf_sections_end__) || ((__nrf_sections_end__ - __FLASH_segment_start__) <= __FLASH_segment_size__)), error: .nrf_sections is too large to fit in FLASH memory segment)
                0x000068d4                        __log_dynamic_data_load_start__ = ALIGN (__nrf_sections_end__, 0x4)

.log_dynamic_data
                0x20000000        0x0 load address 0x000068d4
                0x20000000                        __log_dynamic_data_start__ = .
 *(SORT_BY_NAME(.log_dynamic_data*))
                0x20000000                        __log_dynamic_data_end__ = (__log_dynamic_data_start__ + SIZEOF (.log_dynamic_data))
                0x00000000                        __log_dynamic_data_size__ = SIZEOF (.log_dynamic_data)
                0x000068d4                        __log_dynamic_data_load_end__ = (__log_dynamic_data_load_start__ + SIZEOF (.log_dynamic_data))
                0x00000001                        . = ASSERT (((__log_dynamic_data_load_start__ == __log_dynamic_data_load_end__) || ((__log_dynamic_data_load_end__ - __FLASH_segment_start__) <= __FLASH_segment_size__)), error: .log_dynamic_data is too large to fit in FLASH memory segment)

.log_dynamic_data_run
                0x20000000        0x0
                0x20000000                        __log_dynamic_data_run_start__ = .
                0x20000000                        __start_log_dynamic_data = __log_dynamic_data_run_start__
                0x20000000                        __log_dynamic_data_run_end__ = (__log_dynamic_data_run_start__ + SIZEOF (.log_dynamic_data))
                0x00000000                        __log_dynamic_data_run_size__ = (__log_dynamic_data_run_end__ - __log_dynamic_data_run_start__)
                0x20000000                        __stop_log_dynamic_data = __log_dynamic_data_run_end__
                0x20000000                        __log_dynamic_data_run_load_end__ = __log_dynamic_data_run_end__
                0x00000001                        . = ASSERT (((__log_dynamic_data_run_start__ == __log_dynamic_data_run_end__) || ((__log_dynamic_data_run_end__ - __RAM1_segment_start__) <= __RAM1_segment_size__)), error: .log_dynamic_data_run is too large to fit in RAM1 memory segment)
                0x000068d4                        __log_filter_data_load_start__ = ALIGN ((__log_dynamic_data_load_start__ + SIZEOF (.log_dynamic_data)), 0x4)

.log_filter_data
                0x20000000        0x0 load address 0x000068d4
                0x20000000                        __log_filter_data_start__ = .
 *(SORT_BY_NAME(.log_filter_data*))
                0x20000000                        __log_filter_data_end__ = (__log_filter_data_start__ + SIZEOF (.log_filter_data))
                0x00000000                        __log_filter_data_size__ = SIZEOF (.log_filter_data)
                0x000068d4                        __log_filter_data_load_end__ = (__log_filter_data_load_start__ + SIZEOF (.log_filter_data))
                0x00000001                        . = ASSERT (((__log_filter_data_load_start__ == __log_filter_data_load_end__) || ((__log_filter_data_load_end__ - __FLASH_segment_start__) <= __FLASH_segment_size__)), error: .log_filter_data is too large to fit in FLASH memory segment)

.log_filter_data_run
                0x20000000        0x0
                0x20000000                        __log_filter_data_run_start__ = .
                0x20000000                        __start_log_filter_data = __log_filter_data_run_start__
                0x20000000                        __log_filter_data_run_end__ = (__log_filter_data_run_start__ + SIZEOF (.log_filter_data))
                0x00000000                        __log_filter_data_run_size__ = (__log_filter_data_run_end__ - __log_filter_data_run_start__)
                0x20000000                        __stop_log_filter_data = __log_filter_data_run_end__
                0x20000000                        __log_filter_data_run_load_end__ = __log_filter_data_run_end__
                0x00000001                        . = ASSERT (((__log_filter_data_run_start__ == __log_filter_data_run_end__) || ((__log_filter_data_run_end__ - __RAM1_segment_start__) <= __RAM1_segment_size__)), error: .log_filter_data_run is too large to fit in RAM1 memory segment)
                0x20000000                        __nrf_sections_run_end_load_start__ = ALIGN (__log_filter_data_run_end__, 0x4)

.nrf_sections_run_end
                0x20000000        0x0
                0x20000000                        __nrf_sections_run_end_start__ = .
                0x20000000                        __end_nrf_sections_run = __nrf_sections_run_end_start__
 *(.nrf_sections_run_end .nrf_sections_run_end.*)
                0x20000000                        __nrf_sections_run_end_end__ = (__nrf_sections_run_end_start__ + SIZEOF (.nrf_sections_run_end))
                0x00000000                        __nrf_sections_run_end_size__ = SIZEOF (.nrf_sections_run_end)
                0x20000000                        __nrf_sections_run_end_load_end__ = __nrf_sections_run_end_end__
                0x00000001                        . = ASSERT (((__nrf_sections_run_end_start__ == __nrf_sections_run_end_end__) || ((__nrf_sections_run_end_end__ - __RAM1_segment_start__) <= __RAM1_segment_size__)), error: .nrf_sections_run_end is too large to fit in RAM1 memory segment)
                0x000068d4                        __dtors_load_start__ = ALIGN ((__log_filter_data_load_start__ + SIZEOF (.log_filter_data)), 0x4)

.dtors          0x000068d4        0x0
                0x000068d4                        __dtors_start__ = .
 *(SORT_BY_NAME(.dtors.*))
 *(.dtors)
 *(.fini_array)
 *(SORT_BY_NAME(.fini_array.*))
                0x000068d4                        __dtors_end__ = (__dtors_start__ + SIZEOF (.dtors))
                0x00000000                        __dtors_size__ = SIZEOF (.dtors)
                0x000068d4                        __dtors_load_end__ = __dtors_end__
                0x00000001                        . = ASSERT (((__dtors_start__ == __dtors_end__) || ((__dtors_end__ - __FLASH_segment_start__) <= __FLASH_segment_size__)), error: .dtors is too large to fit in FLASH memory segment)
                0x000068d4                        __ctors_load_start__ = ALIGN (__dtors_end__, 0x4)

.ctors          0x000068d4        0x0
                0x000068d4                        __ctors_start__ = .
 *(SORT_BY_NAME(.ctors.*))
 *(.ctors)
 *(.init_array)
 *(SORT_BY_NAME(.init_array.*))
                0x000068d4                        __ctors_end__ = (__ctors_start__ + SIZEOF (.ctors))
                0x00000000                        __ctors_size__ = SIZEOF (.ctors)
                0x000068d4                        __ctors_load_end__ = __ctors_end__
                0x00000001                        . = ASSERT (((__ctors_start__ == __ctors_end__) || ((__ctors_end__ - __FLASH_segment_start__) <= __FLASH_segment_size__)), error: .ctors is too large to fit in FLASH memory segment)
                0x000068d4                        __rodata_load_start__ = ALIGN (__ctors_end__, 0x4)

.rodata         0x000068d4     0x159d
                0x000068d4                        __rodata_start__ = .
 *(.rodata .rodata.* .gnu.linkonce.r.* .data.rel.ro .data.rel.ro.*)
 .rodata        0x000068d4      0x26c Output/Debug/Obj/spi_pca10040/main.o
 .rodata.spi    0x00006b40       0x10 Output/Debug/Obj/spi_pca10040/main.o
 .rodata.m_timestamp_timer
                0x00006b50        0x4 Output/Debug/Obj/spi_pca10040/main.o
 *fill*         0x00006b54        0xc 
 .rodata.delay_machine_code.0
                0x00006b60        0x6 Output/Debug/Obj/spi_pca10040/main.o
 *fill*         0x00006b66        0x2 
 .rodata        0x00006b68       0x86 Output/Debug/Obj/spi_pca10040/boards.o
 *fill*         0x00006bee        0x2 
 .rodata.m_board_led_list
                0x00006bf0        0x4 Output/Debug/Obj/spi_pca10040/boards.o
 .rodata.m_board_btn_list
                0x00006bf4        0x4 Output/Debug/Obj/spi_pca10040/boards.o
 .rodata        0x00006bf8       0x10 Output/Debug/Obj/spi_pca10040/nrf_drv_spi.o
 .rodata        0x00006c08       0xca Output/Debug/Obj/spi_pca10040/nrfx_gpiote.o
 *fill*         0x00006cd2        0x2 
 .rodata        0x00006cd4       0x67 Output/Debug/Obj/spi_pca10040/nrfx_prs.o
 *fill*         0x00006d3b        0x1 
 .rodata        0x00006d3c       0xc9 Output/Debug/Obj/spi_pca10040/nrfx_saadc.o
 *fill*         0x00006e05        0x3 
 .rodata        0x00006e08       0xda Output/Debug/Obj/spi_pca10040/nrfx_spim.o
 *fill*         0x00006ee2        0x2 
 .rodata.irq_handlers.0
                0x00006ee4        0x4 Output/Debug/Obj/spi_pca10040/nrfx_spim.o
 .rodata        0x00006ee8       0xc8 Output/Debug/Obj/spi_pca10040/nrfx_uart.o
 .rodata        0x00006fb0       0xc9 Output/Debug/Obj/spi_pca10040/nrfx_uarte.o
 *fill*         0x00007079        0x3 
 .rodata        0x0000707c       0x70 Output/Debug/Obj/spi_pca10040/app_button.o
 .rodata        0x000070ec       0x70 Output/Debug/Obj/spi_pca10040/app_error_weak.o
 .rodata        0x0000715c       0x74 Output/Debug/Obj/spi_pca10040/app_timer2.o
 .rodata.m_app_timer_sortlist
                0x000071d0        0xc Output/Debug/Obj/spi_pca10040/app_timer2.o
 .rodata        0x000071dc       0x69 Output/Debug/Obj/spi_pca10040/app_util_platform.o
 *fill*         0x00007245        0x3 
 .rodata        0x00007248      0x10c Output/Debug/Obj/spi_pca10040/drv_rtc.o
 *fill*         0x00007354        0xc 
 .rodata.delay_machine_code.0
                0x00007360        0x6 Output/Debug/Obj/spi_pca10040/drv_rtc.o
 *fill*         0x00007366        0x2 
 .rodata        0x00007368       0x64 Output/Debug/Obj/spi_pca10040/nrf_balloc.o
 .rodata        0x000073cc       0x5a Output/Debug/Obj/spi_pca10040/nrf_fprintf.o
 *fill*         0x00007426        0x2 
 .rodata        0x00007428       0x61 Output/Debug/Obj/spi_pca10040/nrf_fprintf_format.o
 *fill*         0x00007489        0x3 
 .rodata._aV2C.0
                0x0000748c       0x10 Output/Debug/Obj/spi_pca10040/nrf_fprintf_format.o
 .rodata        0x0000749c       0x64 Output/Debug/Obj/spi_pca10040/nrf_memobj.o
 .rodata        0x00007500       0x74 Output/Debug/Obj/spi_pca10040/nrf_sortlist.o
 .rodata.m_unknown_str
                0x00007574       0x13 Output/Debug/Obj/spi_pca10040/nrf_strerror.o
 *fill*         0x00007587        0x1 
 .rodata        0x00007588      0x3bd Output/Debug/Obj/spi_pca10040/nrf_strerror.o
 *fill*         0x00007945        0x3 
 .rodata.nrf_strerror_array
                0x00007948      0x118 Output/Debug/Obj/spi_pca10040/nrf_strerror.o
 .rodata.nrf_log_backend_rtt_api
                0x00007a60        0xc Output/Debug/Obj/spi_pca10040/nrf_log_backend_rtt.o
                0x00007a60                nrf_log_backend_rtt_api
 *fill*         0x00007a6c        0x4 
 .rodata.delay_machine_code.0
                0x00007a70        0x6 Output/Debug/Obj/spi_pca10040/nrf_log_backend_rtt.o
 *fill*         0x00007a76        0x2 
 .rodata        0x00007a78       0x83 Output/Debug/Obj/spi_pca10040/nrf_log_default_backends.o
 *fill*         0x00007afb        0x1 
 .rodata.m_log_push_ringbuf
                0x00007afc        0xc Output/Debug/Obj/spi_pca10040/nrf_log_frontend.o
 .rodata        0x00007b08       0x81 Output/Debug/Obj/spi_pca10040/nrf_log_frontend.o
 *fill*         0x00007b89        0x3 
 .rodata        0x00007b8c       0xaa Output/Debug/Obj/spi_pca10040/nrf_log_str_formatter.o
 *fill*         0x00007c36        0x2 
 .rodata        0x00007c38       0x17 Output/Debug/Obj/spi_pca10040/SEGGER_RTT.o
 *fill*         0x00007c4f        0x1 
 .rodata.libc.__SEGGER_RTL_c_locale
                0x00007c50        0xc /Applications/SEGGER/SEGGER Embedded Studio 8.24/lib/mbops_timeops_v7em_fpv4_sp_d16_hard_t_le_eabi_balanced.a(mbops.o)
                0x00007c50                __SEGGER_RTL_c_locale
 .rodata.libc.__SEGGER_RTL_c_locale_day_names
                0x00007c5c       0x3a /Applications/SEGGER/SEGGER Embedded Studio 8.24/lib/mbops_timeops_v7em_fpv4_sp_d16_hard_t_le_eabi_balanced.a(mbops.o)
                0x00007c5c                __SEGGER_RTL_c_locale_day_names
 .rodata.libc.__SEGGER_RTL_c_locale_month_names
                0x00007c96       0x57 /Applications/SEGGER/SEGGER Embedded Studio 8.24/lib/mbops_timeops_v7em_fpv4_sp_d16_hard_t_le_eabi_balanced.a(mbops.o)
                0x00007c96                __SEGGER_RTL_c_locale_month_names
 .rodata.libc.__SEGGER_RTL_c_locale_am_pm_indicator
                0x00007ced        0x7 /Applications/SEGGER/SEGGER Embedded Studio 8.24/lib/mbops_timeops_v7em_fpv4_sp_d16_hard_t_le_eabi_balanced.a(mbops.o)
                0x00007ced                __SEGGER_RTL_c_locale_am_pm_indicator
 .rodata.libc.__SEGGER_RTL_c_locale_date_format
                0x00007cf4        0x9 /Applications/SEGGER/SEGGER Embedded Studio 8.24/lib/mbops_timeops_v7em_fpv4_sp_d16_hard_t_le_eabi_balanced.a(mbops.o)
                0x00007cf4                __SEGGER_RTL_c_locale_date_format
 .rodata.libc.__SEGGER_RTL_c_locale_time_format
                0x00007cfd        0x9 /Applications/SEGGER/SEGGER Embedded Studio 8.24/lib/mbops_timeops_v7em_fpv4_sp_d16_hard_t_le_eabi_balanced.a(mbops.o)
                0x00007cfd                __SEGGER_RTL_c_locale_time_format
 .rodata.libc.__SEGGER_RTL_c_locale_date_time_format
                0x00007d06        0xf /Applications/SEGGER/SEGGER Embedded Studio 8.24/lib/mbops_timeops_v7em_fpv4_sp_d16_hard_t_le_eabi_balanced.a(mbops.o)
                0x00007d06                __SEGGER_RTL_c_locale_date_time_format
 .rodata.libc..L.str
                0x00007d15        0x2 /Applications/SEGGER/SEGGER Embedded Studio 8.24/lib/mbops_timeops_v7em_fpv4_sp_d16_hard_t_le_eabi_balanced.a(mbops.o)
 *fill*         0x00007d17        0x1 
 .rodata.libc.__SEGGER_RTL_codeset_ascii
                0x00007d18       0x20 /Applications/SEGGER/SEGGER Embedded Studio 8.24/lib/mbops_timeops_v7em_fpv4_sp_d16_hard_t_le_eabi_balanced.a(mbops.o)
                0x00007d18                __SEGGER_RTL_codeset_ascii
 .rodata.libc.__SEGGER_RTL_c_locale_abbrev_day_names
                0x00007d38       0x1d /Applications/SEGGER/SEGGER Embedded Studio 8.24/lib/mbops_timeops_v7em_fpv4_sp_d16_hard_t_le_eabi_balanced.a(mbops.o)
                0x00007d38                __SEGGER_RTL_c_locale_abbrev_day_names
 .rodata.libc.__SEGGER_RTL_c_locale_abbrev_month_names
                0x00007d55       0x31 /Applications/SEGGER/SEGGER Embedded Studio 8.24/lib/mbops_timeops_v7em_fpv4_sp_d16_hard_t_le_eabi_balanced.a(mbops.o)
                0x00007d55                __SEGGER_RTL_c_locale_abbrev_month_names
 .rodata.libc.__SEGGER_RTL_data_utf8_period
                0x00007d86        0x2 /Applications/SEGGER/SEGGER Embedded Studio 8.24/lib/mbops_timeops_v7em_fpv4_sp_d16_hard_t_le_eabi_balanced.a(mbops.o)
                0x00007d86                __SEGGER_RTL_data_utf8_period
 .rodata.libc.__SEGGER_RTL_data_empty_string
                0x00007d88        0x1 /Applications/SEGGER/SEGGER Embedded Studio 8.24/lib/mbops_timeops_v7em_fpv4_sp_d16_hard_t_le_eabi_balanced.a(mbops.o)
                0x00007d88                __SEGGER_RTL_data_empty_string
 *fill*         0x00007d89        0x3 
 .rodata.libc.__SEGGER_RTL_c_locale_data
                0x00007d8c       0x58 /Applications/SEGGER/SEGGER Embedded Studio 8.24/lib/mbops_timeops_v7em_fpv4_sp_d16_hard_t_le_eabi_balanced.a(mbops.o)
                0x00007d8c                __SEGGER_RTL_c_locale_data
 .rodata.libc.__SEGGER_RTL_ascii_ctype_map
                0x00007de4       0x80 /Applications/SEGGER/SEGGER Embedded Studio 8.24/lib/mbops_timeops_v7em_fpv4_sp_d16_hard_t_le_eabi_balanced.a(mbops.o)
 .rodata.libc.__SEGGER_RTL_ascii_ctype_mask
                0x00007e64        0xd /Applications/SEGGER/SEGGER Embedded Studio 8.24/lib/mbops_timeops_v7em_fpv4_sp_d16_hard_t_le_eabi_balanced.a(mbops.o)
                0x00007e71                        __rodata_end__ = (__rodata_start__ + SIZEOF (.rodata))
                0x0000159d                        __rodata_size__ = SIZEOF (.rodata)
                0x00007e71                        __rodata_load_end__ = __rodata_end__

.rel.dyn        0x00007e74        0x0
 .rel.iplt      0x00007e74        0x0 Output/Debug/Obj/spi_pca10040/main.o
                0x00000001                        . = ASSERT (((__rodata_start__ == __rodata_end__) || ((__rodata_end__ - __FLASH_segment_start__) <= __FLASH_segment_size__)), error: .rodata is too large to fit in FLASH memory segment)
                0x00007e74                        __ARM.exidx_load_start__ = ALIGN (__rodata_end__, 0x4)

.ARM.exidx      0x00007e74        0x0
                0x00007e74                        __ARM.exidx_start__ = .
                0x00007e74                        __exidx_start = __ARM.exidx_start__
 *(.ARM.exidx .ARM.exidx.*)
                0x00007e74                        __ARM.exidx_end__ = (__ARM.exidx_start__ + SIZEOF (.ARM.exidx))
                0x00000000                        __ARM.exidx_size__ = SIZEOF (.ARM.exidx)
                0x00007e74                        __exidx_end = __ARM.exidx_end__
                0x00007e74                        __ARM.exidx_load_end__ = __ARM.exidx_end__
                0x00000001                        . = ASSERT (((__ARM.exidx_start__ == __ARM.exidx_end__) || ((__ARM.exidx_end__ - __FLASH_segment_start__) <= __FLASH_segment_size__)), error: .ARM.exidx is too large to fit in FLASH memory segment)
                0x00007e74                        __fast_load_start__ = ALIGN (__ARM.exidx_end__, 0x4)

.fast           0x20000000        0x0 load address 0x00007e74
                0x20000000                        __fast_start__ = .
 *(.fast .fast.*)
                0x20000000                        __fast_end__ = (__fast_start__ + SIZEOF (.fast))
                0x00000000                        __fast_size__ = SIZEOF (.fast)
                0x00007e74                        __fast_load_end__ = (__fast_load_start__ + SIZEOF (.fast))
                0x00000001                        . = ASSERT (((__fast_load_start__ == __fast_load_end__) || ((__fast_load_end__ - __FLASH_segment_start__) <= __FLASH_segment_size__)), error: .fast is too large to fit in FLASH memory segment)

.fast_run       0x20000000        0x0
                0x20000000                        __fast_run_start__ = .
                0x20000000                        __fast_run_end__ = (__fast_run_start__ + SIZEOF (.fast))
                0x00000000                        __fast_run_size__ = (__fast_run_end__ - __fast_run_start__)
                0x20000000                        __fast_run_load_end__ = __fast_run_end__
                0x00000001                        . = ASSERT (((__fast_run_start__ == __fast_run_end__) || ((__fast_run_end__ - __RAM1_segment_start__) <= __RAM1_segment_size__)), error: .fast_run is too large to fit in RAM1 memory segment)
                0x00007e74                        __data_load_start__ = ALIGN ((__fast_load_start__ + SIZEOF (.fast)), 0x4)

.data           0x20000000       0x6c load address 0x00007e74
                0x20000000                        __data_start__ = .
 *(.data .data.* .gnu.linkonce.d.*)
 .data.m_tx_dac_use_internal_ref
                0x20000000        0x3 Output/Debug/Obj/spi_pca10040/main.o
 *fill*         0x20000003        0x1 
 .data.m_tx_dac_set_500mV
                0x20000004        0x3 Output/Debug/Obj/spi_pca10040/main.o
 *fill*         0x20000007        0x1 
 .data.SystemCoreClock
                0x20000008        0x4 Output/Debug/Obj/spi_pca10040/system_nrf52.o
                0x20000008                SystemCoreClock
 .data.m_rtc_inst
                0x2000000c        0x8 Output/Debug/Obj/spi_pca10040/app_timer2.o
 .data.log_backend_cb_rtt_log_backend
                0x20000014        0x8 Output/Debug/Obj/spi_pca10040/nrf_log_default_backends.o
 .data.m_buffer_mask
                0x2000001c        0x4 Output/Debug/Obj/spi_pca10040/nrf_log_frontend.o
 .data.severity_names
                0x20000020       0x14 Output/Debug/Obj/spi_pca10040/nrf_log_str_formatter.o
 .data.m_colors
                0x20000034       0x24 Output/Debug/Obj/spi_pca10040/nrf_log_str_formatter.o
 .data.libc.__SEGGER_RTL_global_locale
                0x20000058       0x14 /Applications/SEGGER/SEGGER Embedded Studio 8.24/lib/mbops_timeops_v7em_fpv4_sp_d16_hard_t_le_eabi_balanced.a(mbops.o)
                0x20000058                __RAL_global_locale
                0x20000058                __SEGGER_RTL_global_locale
                0x2000006c                        __data_end__ = (__data_start__ + SIZEOF (.data))
                0x0000006c                        __data_size__ = SIZEOF (.data)
                0x00007ee0                        __data_load_end__ = (__data_load_start__ + SIZEOF (.data))

.igot.plt       0x00000000        0x0
 .igot.plt      0x00000000        0x0 Output/Debug/Obj/spi_pca10040/main.o
                0x00000001                        . = ASSERT (((__data_load_start__ == __data_load_end__) || ((__data_load_end__ - __FLASH_segment_start__) <= __FLASH_segment_size__)), error: .data is too large to fit in FLASH memory segment)

.data_run       0x20000000        0x0
                0x20000000                        __data_run_start__ = .
                0x2000006c                        __data_run_end__ = (__data_run_start__ + SIZEOF (.data))
                0x0000006c                        __data_run_size__ = (__data_run_end__ - __data_run_start__)
                0x2000006c                        __data_run_load_end__ = __data_run_end__
                0x00000001                        . = ASSERT (((__data_run_start__ == __data_run_end__) || ((__data_run_end__ - __RAM1_segment_start__) <= __RAM1_segment_size__)), error: .data_run is too large to fit in RAM1 memory segment)
                0x00007ee0                        __tdata_load_start__ = ALIGN ((__data_load_start__ + SIZEOF (.data)), 0x4)

.tdata          0x2000006c        0x0 load address 0x00007ee0
                0x2000006c                        __tdata_start__ = .
 *(.tdata .tdata.*)
                0x2000006c                        __tdata_end__ = (__tdata_start__ + SIZEOF (.tdata))
                0x00000000                        __tdata_size__ = SIZEOF (.tdata)
                0x00007ee0                        __tdata_load_end__ = (__tdata_load_start__ + SIZEOF (.tdata))
                0x00007ee0                        __FLASH_segment_used_end__ = (ALIGN ((__data_load_start__ + SIZEOF (.data)), 0x4) + SIZEOF (.tdata))
                0x00007ee0                        __FLASH_segment_used_size__ = (__FLASH_segment_used_end__ - __FLASH_segment_start__)
                0x00000001                        . = ASSERT (((__tdata_load_start__ == __tdata_load_end__) || ((__tdata_load_end__ - __FLASH_segment_start__) <= __FLASH_segment_size__)), error: .tdata is too large to fit in FLASH memory segment)

.tdata_run      0x2000006c        0x0
                0x2000006c                        __tdata_run_start__ = .
                0x2000006c                        __tdata_run_end__ = (__tdata_run_start__ + SIZEOF (.tdata))
                0x00000000                        __tdata_run_size__ = (__tdata_run_end__ - __tdata_run_start__)
                0x2000006c                        __tdata_run_load_end__ = __tdata_run_end__
                0x00000001                        . = ASSERT (((__tdata_run_start__ == __tdata_run_end__) || ((__tdata_run_end__ - __RAM1_segment_start__) <= __RAM1_segment_size__)), error: .tdata_run is too large to fit in RAM1 memory segment)
                0x2000006c                        __bss_load_start__ = ALIGN (__tdata_run_end__, 0x4)

.bss            0x2000006c     0x5768
                0x2000006c                        __bss_start__ = .
 *(.bss .bss.* .gnu.linkonce.b.*)
 .bss.spi_xfer_done
                0x2000006c        0x1 Output/Debug/Obj/spi_pca10040/main.o
 *fill*         0x2000006d        0x3 
 .bss.ADC_DATA  0x20000070     0x4b40 Output/Debug/Obj/spi_pca10040/main.o
                0x20000070                ADC_DATA
 .bss.m_timestamp_timer_data
                0x20004bb0       0x20 Output/Debug/Obj/spi_pca10040/main.o
 .bss.m_timestamp_ms
                0x20004bd0        0x4 Output/Debug/Obj/spi_pca10040/main.o
 .bss.m_handlers
                0x20004bd4        0xc Output/Debug/Obj/spi_pca10040/nrf_drv_spi.o
 .bss.m_contexts
                0x20004be0        0xc Output/Debug/Obj/spi_pca10040/nrf_drv_spi.o
 .bss.m_cb      0x20004bec       0x5c Output/Debug/Obj/spi_pca10040/nrfx_gpiote.o
 .bss.m_prs_box_4
                0x20004c48        0x8 Output/Debug/Obj/spi_pca10040/nrfx_prs.o
 .bss.m_cb      0x20004c50       0x30 Output/Debug/Obj/spi_pca10040/nrfx_saadc.o
 .bss.m_cb      0x20004c80       0x24 Output/Debug/Obj/spi_pca10040/nrfx_spim.o
 .bss.m_error_data.0
                0x20004ca4       0x20 Output/Debug/Obj/spi_pca10040/app_error.o
 .bss.mp_active_timer
                0x20004cc4        0x4 Output/Debug/Obj/spi_pca10040/app_timer2.o
 .bss.m_global_active
                0x20004cc8        0x1 Output/Debug/Obj/spi_pca10040/app_timer2.o
 *fill*         0x20004cc9        0x7 
 .bss.m_base_counter
                0x20004cd0        0x8 Output/Debug/Obj/spi_pca10040/app_timer2.o
 .bss.m_stamp64
                0x20004cd8        0x8 Output/Debug/Obj/spi_pca10040/app_timer2.o
 .bss.m_req_fifo_data
                0x20004ce0       0x58 Output/Debug/Obj/spi_pca10040/app_timer2.o
 .bss.m_req_fifo_inst
                0x20004d38       0x10 Output/Debug/Obj/spi_pca10040/app_timer2.o
 .bss.m_app_timer_sortlist_sortlist_cb
                0x20004d48        0x4 Output/Debug/Obj/spi_pca10040/app_timer2.o
 .bss.m_in_critical_region
                0x20004d4c        0x4 Output/Debug/Obj/spi_pca10040/app_util_platform.o
 .bss.m_handlers
                0x20004d50        0x4 Output/Debug/Obj/spi_pca10040/drv_rtc.o
 .bss.m_cb      0x20004d54        0x8 Output/Debug/Obj/spi_pca10040/drv_rtc.o
 .bss.m_host_present
                0x20004d5c        0x1 Output/Debug/Obj/spi_pca10040/nrf_log_backend_rtt.o
 *fill*         0x20004d5d        0x3 
 .bss.m_string_buff
                0x20004d60       0x40 Output/Debug/Obj/spi_pca10040/nrf_log_backend_rtt.o
 .bss.log_mempool_nrf_balloc_pool_stack
                0x20004da0       0x14 Output/Debug/Obj/spi_pca10040/nrf_log_frontend.o
 .bss.log_mempool_nrf_balloc_pool_mem
                0x20004db4      0x2d0 Output/Debug/Obj/spi_pca10040/nrf_log_frontend.o
 .bss.log_mempool_nrf_balloc_cb
                0x20005084        0x8 Output/Debug/Obj/spi_pca10040/nrf_log_frontend.o
 .bss.m_log_push_ringbuf_buf
                0x2000508c       0x80 Output/Debug/Obj/spi_pca10040/nrf_log_frontend.o
 .bss.m_log_push_ringbuf_cb
                0x2000510c       0x18 Output/Debug/Obj/spi_pca10040/nrf_log_frontend.o
 .bss.m_log_data
                0x20005124      0x420 Output/Debug/Obj/spi_pca10040/nrf_log_frontend.o
 .bss._SEGGER_RTT
                0x20005544       0x78 Output/Debug/Obj/spi_pca10040/SEGGER_RTT.o
                0x20005544                _SEGGER_RTT
 .bss._acUpBuffer
                0x200055bc      0x200 Output/Debug/Obj/spi_pca10040/SEGGER_RTT.o
 .bss._acDownBuffer
                0x200057bc       0x10 Output/Debug/Obj/spi_pca10040/SEGGER_RTT.o
 .bss.libc.__SEGGER_RTL_heap_globals.0
                0x200057cc        0x4 /Applications/SEGGER/SEGGER Embedded Studio 8.24/lib/heapops_basic_v7em_fpv4_sp_d16_hard_t_le_eabi_balanced.a(heapops_basic.o)
 .bss.libc.__SEGGER_RTL_locale_ptr
                0x200057d0        0x4 /Applications/SEGGER/SEGGER Embedded Studio 8.24/lib/mbops_timeops_v7em_fpv4_sp_d16_hard_t_le_eabi_balanced.a(mbops.o)
                0x200057d0                __SEGGER_RTL_locale_ptr
 *(COMMON)
                0x200057d4                        __bss_end__ = (__bss_start__ + SIZEOF (.bss))
                0x00005768                        __bss_size__ = SIZEOF (.bss)
                0x200057d4                        __bss_load_end__ = __bss_end__
                0x00000001                        . = ASSERT (((__bss_start__ == __bss_end__) || ((__bss_end__ - __RAM1_segment_start__) <= __RAM1_segment_size__)), error: .bss is too large to fit in RAM1 memory segment)
                0x200057d4                        __tbss_load_start__ = ALIGN (__bss_end__, 0x4)

.tbss           0x200057d4        0x0
                0x200057d4                        __tbss_start__ = .
 *(.tbss .tbss.*)
                0x200057d4                        __tbss_end__ = (__tbss_start__ + SIZEOF (.tbss))
                0x00000000                        __tbss_size__ = SIZEOF (.tbss)
                0x200057d4                        __tbss_load_end__ = __tbss_end__
                0x00000001                        . = ASSERT (((__tbss_start__ == __tbss_end__) || ((__tbss_end__ - __RAM1_segment_start__) <= __RAM1_segment_size__)), error: .tbss is too large to fit in RAM1 memory segment)
                0x200057d4                        __non_init_load_start__ = ALIGN (__tbss_end__, 0x4)

.non_init       0x200057d4        0x0
                0x200057d4                        __non_init_start__ = .
 *(.non_init .non_init.*)
                0x200057d4                        __non_init_end__ = (__non_init_start__ + SIZEOF (.non_init))
                0x00000000                        __non_init_size__ = SIZEOF (.non_init)
                0x200057d4                        __non_init_load_end__ = __non_init_end__
                0x00000001                        . = ASSERT (((__non_init_start__ == __non_init_end__) || ((__non_init_end__ - __RAM1_segment_start__) <= __RAM1_segment_size__)), error: .non_init is too large to fit in RAM1 memory segment)
                0x200057d4                        __heap_load_start__ = ALIGN (__non_init_end__, 0x4)

.heap           0x200057d4     0x2000
                0x200057d4                        __heap_start__ = .
 *(.heap .heap.*)
                0x200077d4                        . = ALIGN (MAX ((__heap_start__ + __HEAPSIZE__), .), 0x4)
 *fill*         0x200057d4     0x2000 
                0x200077d4                        __heap_end__ = (__heap_start__ + SIZEOF (.heap))
                0x00002000                        __heap_size__ = SIZEOF (.heap)
                0x200077d4                        __heap_load_end__ = __heap_end__
                0x00000001                        . = ASSERT (((__heap_start__ == __heap_end__) || ((__heap_end__ - __RAM1_segment_start__) <= __RAM1_segment_size__)), error: .heap is too large to fit in RAM1 memory segment)
                0x00000001                        . = ASSERT ((__HEAPSIZE__ == ALIGN (__HEAPSIZE__, 0x4)), error: .heap section size does not match alignment)
                0x00000001                        . = ASSERT ((__heap_size__ <= __HEAPSIZE__), error: .heap section is larger than specified size)
                0x2000e000                        __stack_load_start__ = (__RAM1_segment_start__ + (__RAM1_segment_size__ - 0x2000))

.stack          0x2000e000     0x2000
                0x2000e000                        __stack_start__ = .
                0x2000e000                        __StackLimit = __stack_start__
 *(.stack .stack.*)
                0x20010000                        . = ALIGN (MAX ((__stack_start__ + __STACKSIZE__), .), 0x8)
 *fill*         0x2000e000     0x2000 
                0x20010000                        __stack_end__ = (__stack_start__ + SIZEOF (.stack))
                0x00002000                        __stack_size__ = SIZEOF (.stack)
                0x20010000                        __StackTop = __stack_end__
                0x20010000                        __stack_load_end__ = __stack_end__
                0x00000001                        . = ASSERT (((__stack_start__ == __stack_end__) || ((__stack_end__ - __RAM1_segment_start__) <= __RAM1_segment_size__)), error: .stack is too large to fit in RAM1 memory segment)
                0x00000001                        . = ASSERT ((__heap_end__ <= __stack_start__), error: section .heap overlaps absolute placed section .stack)
                0x00000001                        . = ASSERT ((__STACKSIZE__ == ALIGN (__STACKSIZE__, 0x8)), error: .stack section size does not match alignment)
                0x00000001                        . = ASSERT ((__stack_size__ <= __STACKSIZE__), error: .stack section is larger than specified size)
                0x20010000                        __stack_process_load_start__ = ALIGN (__stack_end__, 0x8)

.stack_process  0x20010000        0x0
                0x20010000                        __stack_process_start__ = .
 *(.stack_process .stack_process.*)
                0x20010000                        . = ALIGN (MAX ((__stack_process_start__ + __STACKSIZE_PROCESS__), .), 0x8)
                0x20010000                        __stack_process_end__ = (__stack_process_start__ + SIZEOF (.stack_process))
                0x00000000                        __stack_process_size__ = SIZEOF (.stack_process)
                0x20010000                        __stack_process_load_end__ = __stack_process_end__
                0x20010000                        __RAM1_segment_used_end__ = (ALIGN (__stack_end__, 0x8) + SIZEOF (.stack_process))
                0x00010000                        __RAM1_segment_used_size__ = (__RAM1_segment_used_end__ - __RAM1_segment_start__)
                0x00000001                        . = ASSERT (((__stack_process_start__ == __stack_process_end__) || ((__stack_process_end__ - __RAM1_segment_start__) <= __RAM1_segment_size__)), error: .stack_process is too large to fit in RAM1 memory segment)
                0x00000001                        . = ASSERT ((__STACKSIZE_PROCESS__ == ALIGN (__STACKSIZE_PROCESS__, 0x8)), error: .stack_process section size does not match alignment)
                0x00000001                        . = ASSERT ((__stack_process_size__ <= __STACKSIZE_PROCESS__), error: .stack_process section is larger than specified size)
                0x00002000                        __STACKSIZE__ = 0x2000
                0x00000000                        __STACKSIZE_PROCESS__ = 0x0
                0x00002000                        __HEAPSIZE__ = 0x2000
                0x00000000                        __SEGGER_RTL_vfprintf = __SEGGER_RTL_vfprintf_long
                0x00000000                        __SEGGER_RTL_vfscanf = __SEGGER_RTL_vfscanf_long
START GROUP
LOAD Output/Debug/Obj/spi_pca10040/main.o
LOAD Output/Debug/Obj/spi_pca10040/meas.o
LOAD Output/Debug/Obj/spi_pca10040/boards.o
LOAD Output/Debug/Obj/spi_pca10040/bsp.o
LOAD Output/Debug/Obj/spi_pca10040/ses_startup_nrf52.o
LOAD Output/Debug/Obj/spi_pca10040/ses_startup_nrf_common.o
LOAD Output/Debug/Obj/spi_pca10040/system_nrf52.o
LOAD Output/Debug/Obj/spi_pca10040/nrf_drv_spi.o
LOAD Output/Debug/Obj/spi_pca10040/nrf_drv_uart.o
LOAD Output/Debug/Obj/spi_pca10040/nrfx_atomic.o
LOAD Output/Debug/Obj/spi_pca10040/nrfx_gpiote.o
LOAD Output/Debug/Obj/spi_pca10040/nrfx_ppi.o
LOAD Output/Debug/Obj/spi_pca10040/nrfx_prs.o
LOAD Output/Debug/Obj/spi_pca10040/nrfx_saadc.o
LOAD Output/Debug/Obj/spi_pca10040/nrfx_spi.o
LOAD Output/Debug/Obj/spi_pca10040/nrfx_spim.o
LOAD Output/Debug/Obj/spi_pca10040/nrfx_timer.o
LOAD Output/Debug/Obj/spi_pca10040/nrfx_uart.o
LOAD Output/Debug/Obj/spi_pca10040/nrfx_uarte.o
LOAD Output/Debug/Obj/spi_pca10040/app_button.o
LOAD Output/Debug/Obj/spi_pca10040/app_error.o
LOAD Output/Debug/Obj/spi_pca10040/app_error_handler_gcc.o
LOAD Output/Debug/Obj/spi_pca10040/app_error_weak.o
LOAD Output/Debug/Obj/spi_pca10040/app_scheduler.o
LOAD Output/Debug/Obj/spi_pca10040/app_timer2.o
LOAD Output/Debug/Obj/spi_pca10040/app_util_platform.o
LOAD Output/Debug/Obj/spi_pca10040/drv_rtc.o
LOAD Output/Debug/Obj/spi_pca10040/nrf_assert.o
LOAD Output/Debug/Obj/spi_pca10040/nrf_atfifo.o
LOAD Output/Debug/Obj/spi_pca10040/nrf_atomic.o
LOAD Output/Debug/Obj/spi_pca10040/nrf_balloc.o
LOAD Output/Debug/Obj/spi_pca10040/nrf_fprintf.o
LOAD Output/Debug/Obj/spi_pca10040/nrf_fprintf_format.o
LOAD Output/Debug/Obj/spi_pca10040/nrf_memobj.o
LOAD Output/Debug/Obj/spi_pca10040/nrf_ringbuf.o
LOAD Output/Debug/Obj/spi_pca10040/nrf_sortlist.o
LOAD Output/Debug/Obj/spi_pca10040/nrf_strerror.o
LOAD Output/Debug/Obj/spi_pca10040/nrf_log_backend_rtt.o
LOAD Output/Debug/Obj/spi_pca10040/nrf_log_backend_serial.o
LOAD Output/Debug/Obj/spi_pca10040/nrf_log_backend_uart.o
LOAD Output/Debug/Obj/spi_pca10040/nrf_log_default_backends.o
LOAD Output/Debug/Obj/spi_pca10040/nrf_log_frontend.o
LOAD Output/Debug/Obj/spi_pca10040/nrf_log_str_formatter.o
LOAD Output/Debug/Obj/spi_pca10040/SEGGER_RTT.o
LOAD Output/Debug/Obj/spi_pca10040/SEGGER_RTT_printf.o
LOAD Output/Debug/Obj/spi_pca10040/thumb_crt0.o
LOAD /Applications/SEGGER/SEGGER Embedded Studio 8.24/lib/libc_v7em_fpv4_sp_d16_hard_t_le_eabi_balanced.a
LOAD /Applications/SEGGER/SEGGER Embedded Studio 8.24/lib/heapops_basic_v7em_fpv4_sp_d16_hard_t_le_eabi_balanced.a
LOAD /Applications/SEGGER/SEGGER Embedded Studio 8.24/lib/heapops_disable_interrupts_locking_v7em_fpv4_sp_d16_hard_t_le_eabi_balanced.a
LOAD /Applications/SEGGER/SEGGER Embedded Studio 8.24/lib/strops_unaligned_v7em_fpv4_sp_d16_hard_t_le_eabi_balanced.a
LOAD /Applications/SEGGER/SEGGER Embedded Studio 8.24/lib/mbops_timeops_v7em_fpv4_sp_d16_hard_t_le_eabi_balanced.a
END GROUP
OUTPUT(/Users/rahilpasha/Desktop/combined_nRF5_SDK_17.0.2_d674dde/examples/peripheral/spi/pca10040/blank/ses/Output/Debug/Exe/spi_pca10040.elf elf32-littlearm)
LOAD linker stubs

.debug_info     0x00000000    0x1b847
 .debug_info    0x00000000     0x1a0c Output/Debug/Obj/spi_pca10040/main.o
 .debug_info    0x00001a0c      0x936 Output/Debug/Obj/spi_pca10040/boards.o
 .debug_info    0x00002342       0x23 Output/Debug/Obj/spi_pca10040/ses_startup_nrf52.o
 .debug_info    0x00002365       0x23 Output/Debug/Obj/spi_pca10040/ses_startup_nrf_common.o