Archive member included to satisfy reference by file (symbol)

/Applications/SEGGER/SEGGER Embedded Studio 8.24/lib/libc_v7em_fpv4_sp_d16_hard_t_le_eabi_balanced.a(floatasmops_arm.o)
                              Output/Debug/Obj/spi_pca10040/main.o (__aeabi_dsub)
/Applications/SEGGER/SEGGER Embedded Studio 8.24/lib/libc_v7em_fpv4_sp_d16_hard_t_le_eabi_balanced.a(intasmops_arm.o)
                              Output/Debug/Obj/spi_pca10040/bsp.o (__aeabi_uldivmod)
/Applications/SEGGER/SEGGER Embedded Studio 8.24/lib/libc_v7em_fpv4_sp_d16_hard_t_le_eabi_balanced.a(__SEGGER_RTL_vfprintf_long.o)
                              (__SEGGER_RTL_vfprintf_long)
/Applications/SEGGER/SEGGER Embedded Studio 8.24/lib/libc_v7em_fpv4_sp_d16_hard_t_le_eabi_balanced.a(__SEGGER_RTL_vfscanf_long.o)
                              (__SEGGER_RTL_vfscanf_long)
/Applications/SEGGER/SEGGER Embedded Studio 8.24/lib/libc_v7em_fpv4_sp_d16_hard_t_le_eabi_balanced.a(utilops.o)
                              /Applications/SEGGER/SEGGER Embedded Studio 8.24/lib/libc_v7em_fpv4_sp_d16_hard_t_le_eabi_balanced.a(__SEGGER_RTL_vfscanf_long.o) (__SEGGER_RTL_digit)
/Applications/SEGGER/SEGGER Embedded Studio 8.24/lib/libc_v7em_fpv4_sp_d16_hard_t_le_eabi_balanced.a(prinops.o)
                              /Applications/SEGGER/SEGGER Embedded Studio 8.24/lib/libc_v7em_fpv4_sp_d16_hard_t_le_eabi_balanced.a(__SEGGER_RTL_vfprintf_long.o) (__SEGGER_RTL_putc)
/Applications/SEGGER/SEGGER Embedded Studio 8.24/lib/libc_v7em_fpv4_sp_d16_hard_t_le_eabi_balanced.a(fileops.o)
                              /Applications/SEGGER/SEGGER Embedded Studio 8.24/lib/libc_v7em_fpv4_sp_d16_hard_t_le_eabi_balanced.a(prinops.o) (fwrite)
/Applications/SEGGER/SEGGER Embedded Studio 8.24/lib/libc_v7em_fpv4_sp_d16_hard_t_le_eabi_balanced.a(errno.o)
                              /Applications/SEGGER/SEGGER Embedded Studio 8.24/lib/libc_v7em_fpv4_sp_d16_hard_t_le_eabi_balanced.a(fileops.o) (__aeabi_errno_addr)
/Applications/SEGGER/SEGGER Embedded Studio 8.24/lib/heapops_basic_v7em_fpv4_sp_d16_hard_t_le_eabi_balanced.a(heapops_basic.o)
                              Output/Debug/Obj/spi_pca10040/thumb_crt0.o (__SEGGER_RTL_init_heap)
/Applications/SEGGER/SEGGER Embedded Studio 8.24/lib/heapops_disable_interrupts_locking_v7em_fpv4_sp_d16_hard_t_le_eabi_balanced.a(heapops.o)
                              /Applications/SEGGER/SEGGER Embedded Studio 8.24/lib/libc_v7em_fpv4_sp_d16_hard_t_le_eabi_balanced.a(prinops.o) (free)
/Applications/SEGGER/SEGGER Embedded Studio 8.24/lib/strops_unaligned_v7em_fpv4_sp_d16_hard_t_le_eabi_balanced.a(strops.o)
                              Output/Debug/Obj/spi_pca10040/nrf_fprintf_format.o (strlen)
/Applications/SEGGER/SEGGER Embedded Studio 8.24/lib/strops_unaligned_v7em_fpv4_sp_d16_hard_t_le_eabi_balanced.a(strasmops_arm.o)
                              /Applications/SEGGER/SEGGER Embedded Studio 8.24/lib/strops_unaligned_v7em_fpv4_sp_d16_hard_t_le_eabi_balanced.a(strops.o) (strcmp)
/Applications/SEGGER/SEGGER Embedded Studio 8.24/lib/mbops_timeops_v7em_fpv4_sp_d16_hard_t_le_eabi_balanced.a(mbops.o)
                              /Applications/SEGGER/SEGGER Embedded Studio 8.24/lib/libc_v7em_fpv4_sp_d16_hard_t_le_eabi_balanced.a(prinops.o) (__SEGGER_RTL_current_locale)
/Applications/SEGGER/SEGGER Embedded Studio 8.24/lib/mbops_timeops_v7em_fpv4_sp_d16_hard_t_le_eabi_balanced.a(timeops.o)
                              /Applications/SEGGER/SEGGER Embedded Studio 8.24/lib/mbops_timeops_v7em_fpv4_sp_d16_hard_t_le_eabi_balanced.a(mbops.o) (__SEGGER_RTL_string_list_encode)
/Applications/SEGGER/SEGGER Embedded Studio 8.24/lib/libc_v7em_fpv4_sp_d16_hard_t_le_eabi_balanced.a(execops.o)
                              /Applications/SEGGER/SEGGER Embedded Studio 8.24/lib/strops_unaligned_v7em_fpv4_sp_d16_hard_t_le_eabi_balanced.a(strops.o) (__SEGGER_RTL_constraint_violation)
/Applications/SEGGER/SEGGER Embedded Studio 8.24/lib/libc_v7em_fpv4_sp_d16_hard_t_le_eabi_balanced.a(execops_arm.o)
                              /Applications/SEGGER/SEGGER Embedded Studio 8.24/lib/libc_v7em_fpv4_sp_d16_hard_t_le_eabi_balanced.a(execops.o) (__aeabi_SIGABRT)
/Applications/SEGGER/SEGGER Embedded Studio 8.24/lib/libc_v7em_fpv4_sp_d16_hard_t_le_eabi_balanced.a(intops.o)
                              /Applications/SEGGER/SEGGER Embedded Studio 8.24/lib/mbops_timeops_v7em_fpv4_sp_d16_hard_t_le_eabi_balanced.a(timeops.o) (div)
/Applications/SEGGER/SEGGER Embedded Studio 8.24/lib/libc_v7em_fpv4_sp_d16_hard_t_le_eabi_balanced.a(sortops.o)
                              /Applications/SEGGER/SEGGER Embedded Studio 8.24/lib/mbops_timeops_v7em_fpv4_sp_d16_hard_t_le_eabi_balanced.a(mbops.o) (bsearch)
/Applications/SEGGER/SEGGER Embedded Studio 8.24/lib/libc_v7em_fpv4_sp_d16_hard_t_le_eabi_balanced.a(convops.o)
                              /Applications/SEGGER/SEGGER Embedded Studio 8.24/lib/libc_v7em_fpv4_sp_d16_hard_t_le_eabi_balanced.a(execops.o) (itoa)
[...]
Memory Configuration

Name             Origin             Length             Attributes
UNPLACED_SECTIONS 0x00000000         0x00000000         xw
RAM1             0x20000000         0x00010000         xw
FLASH            0x00000000         0x00080000         xw
*default*        0x00000000         0xffffffff

Linker script and memory map

                0x20000000                        __RAM1_segment_start__ = 0x20000000
                0x20010000                        __RAM1_segment_end__ = 0x20010000
                0x00010000                        __RAM1_segment_size__ = 0x10000
                0x00000000                        __FLASH_segment_start__ = 0x0
                0x00080000                        __FLASH_segment_end__ = 0x80000
                0x00080000                        __FLASH_segment_size__ = 0x80000
                0x00002000                        __HEAPSIZE__ = 0x2000
                0x00000000                        __SEGGER_RTL_vfprintf = __SEGGER_RTL_vfprintf_long
                0x00000000                        __SEGGER_RTL_vfscanf = __SEGGER_RTL_vfscanf_long
                0x00000000                        __STACKSIZE_PROCESS__ = 0x0
                0x00002000                        __STACKSIZE__ = 0x2000
                0x20000000                        __vectors_ram_load_start__ = 0x20000000

.vectors_ram    0x20000000        0x0
                0x20000000                        __vectors_ram_start__ = .
                0x20000000                        __app_ram_start__ = __vectors_ram_start__
 *(.vectors_ram .vectors_ram.*)
                0x20000000                        __vectors_ram_end__ = (__vectors_ram_start__ + SIZEOF (.vectors_ram))
                0x00000000                        __vectors_ram_size__ = SIZEOF (.vectors_ram)
                0x20000000                        __vectors_ram_load_end__ = __vectors_ram_end__
                0x00000001                        . = ASSERT (((__vectors_ram_start__ == __vectors_ram_end__) || ((__vectors_ram_end__ - __RAM1_segment_start__) <= __RAM1_segment_size__)), error: .vectors_ram is too large to fit in RAM1 memory segment)
                0x20000000                        __nrf_sections_run_load_start__ = ALIGN (__vectors_ram_end__, 0x4)

.nrf_sections_run
                0x20000000        0x0
                0x20000000                        __nrf_sections_run_start__ = .
                0x20000000                        __start_nrf_sections_run = __nrf_sections_run_start__
 *(.nrf_sections_run .nrf_sections_run.*)
                0x20000000                        __nrf_sections_run_end__ = (__nrf_sections_run_start__ + SIZEOF (.nrf_sections_run))
                0x00000000                        __nrf_sections_run_size__ = SIZEOF (.nrf_sections_run)
                0x20000000                        __nrf_sections_run_load_end__ = __nrf_sections_run_end__
                0x00000001                        . = ASSERT (((__nrf_sections_run_start__ == __nrf_sections_run_end__) || ((__nrf_sections_run_end__ - __RAM1_segment_start__) <= __RAM1_segment_size__)), error: .nrf_sections_run is too large to fit in RAM1 memory segment)
                0x00000000                        __vectors_load_start__ = 0x0

.vectors        0x00000000      0x200
                0x00000000                        __vectors_start__ = .
 *(.vectors .vectors.*)
 .vectors       0x00000000      0x200 Output/Debug/Obj/spi_pca10040/ses_startup_nrf52.o
                0x00000000                _vectors
                0x00000200                        __vectors_end__ = (__vectors_start__ + SIZEOF (.vectors))
                0x00000200                        __vectors_size__ = SIZEOF (.vectors)
                0x00000200                        __vectors_load_end__ = __vectors_end__
                0x00000001                        . = ASSERT (((__vectors_start__ == __vectors_end__) || ((__vectors_end__ - __FLASH_segment_start__) <= __FLASH_segment_size__)), error: .vectors is too large to fit in FLASH memory segment)
                0x00000200                        __init_load_start__ = ALIGN (__vectors_end__, 0x4)

.init           0x00000200      0x1e0
                0x00000200                        __init_start__ = .
 *(.init .init.*)
 .init          0x00000200       0x18 Output/Debug/Obj/spi_pca10040/ses_startup_nrf52.o
                0x00000200                NMI_Handler
                0x00000202                HardFault_Handler
                0x00000204                MemoryManagement_Handler
                0x00000206                BusFault_Handler
                0x00000208                UsageFault_Handler
                0x0000020a                SVC_Handler
                0x0000020c                DebugMon_Handler
                0x0000020e                PendSV_Handler
                0x00000210                SysTick_Handler
                0x00000212                QDEC_IRQHandler
                0x00000212                TIMER3_IRQHandler
                0x00000212                FPU_IRQHandler
                0x00000212                TIMER4_IRQHandler
                0x00000212                I2S_IRQHandler
                0x00000212                SWI4_EGU4_IRQHandler
                0x00000212                TIMER0_IRQHandler
                0x00000212                Dummy_Handler
                0x00000212                TIMER1_IRQHandler
                0x00000212                PWM2_IRQHandler
                0x00000212                ECB_IRQHandler
                0x00000212                SPIM1_SPIS1_TWIM1_TWIS1_SPI1_TWI1_IRQHandler
                0x00000212                CCM_AAR_IRQHandler
                0x00000212                WDT_IRQHandler
                0x00000212                SWI5_EGU5_IRQHandler
                0x00000212                RNG_IRQHandler
                0x00000212                RTC2_IRQHandler
                0x00000212                PWM0_IRQHandler
                0x00000212                SWI3_EGU3_IRQHandler
                0x00000212                SWI1_EGU1_IRQHandler
                0x00000212                SPIM2_SPIS2_SPI2_IRQHandler
                0x00000212                NFCT_IRQHandler
                0x00000212                MWU_IRQHandler
                0x00000212                COMP_LPCOMP_IRQHandler
                0x00000212                RTC0_IRQHandler
                0x00000212                SWI0_EGU0_IRQHandler
                0x00000212                SWI2_EGU2_IRQHandler
                0x00000212                PWM1_IRQHandler
                0x00000212                POWER_CLOCK_IRQHandler
                0x00000212                RADIO_IRQHandler
                0x00000212                PDM_IRQHandler
                0x00000212                TEMP_IRQHandler
                0x00000212                TIMER2_IRQHandler
                0x00000214                nRFInitialize
 .init          0x00000218       0x5c Output/Debug/Obj/spi_pca10040/ses_startup_nrf_common.o
                0x00000218                Reset_Handler
                0x0000021c                afterInitialize
                0x00000240                InitializeUserMemorySections
 .init          0x00000274      0x16c Output/Debug/Obj/spi_pca10040/thumb_crt0.o
                0x00000274                _start
                0x0000031c                _Exit
                0x0000031c                exit
                0x000003e0                        __init_end__ = (__init_start__ + SIZEOF (.init))
                0x000001e0                        __init_size__ = SIZEOF (.init)
                0x000003e0                        __init_load_end__ = __init_end__
                0x00000001                        . = ASSERT (((__init_start__ == __init_end__) || ((__init_end__ - __FLASH_segment_start__) <= __FLASH_segment_size__)), error: .init is too large to fit in FLASH memory segment)
                0x000003e0                        __init_rodata_load_start__ = ALIGN (__init_end__, 0x4)

.init_rodata    0x000003e0        0x0
                0x000003e0                        __init_rodata_start__ = .
 *(.init_rodata .init_rodata.*)
                0x000003e0                        __init_rodata_end__ = (__init_rodata_start__ + SIZEOF (.init_rodata))
                0x00000000                        __init_rodata_size__ = SIZEOF (.init_rodata)
                0x000003e0                        __init_rodata_load_end__ = __init_rodata_end__
                0x00000001                        . = ASSERT (((__init_rodata_start__ == __init_rodata_end__) || ((__init_rodata_end__ - __FLASH_segment_start__) <= __FLASH_segment_size__)), error: .init_rodata is too large to fit in FLASH memory segment)
                0x000003e0                        __text_load_start__ = ALIGN (__init_rodata_end__, 0x4)

.text           0x000003e0     0x5968
                0x000003e0                        __text_start__ = .
 *(.text .text.* .gnu.linkonce.t.* .glue_7t .glue_7 .gcc_except_table .ARM.extab* .gnu.linkonce.armextab.*)
 .glue_7        0x000003e0        0x0 linker stubs
 .glue_7t       0x000003e0        0x0 linker stubs
 .text.nrfx_coredep_delay_us
                0x000003e0       0x30 Output/Debug/Obj/spi_pca10040/main.o
 .text.nrf_drv_spi_uninit
                0x00000410       0x18 Output/Debug/Obj/spi_pca10040/main.o
 .text.nrf_drv_spi_transfer
                0x00000428       0x42 Output/Debug/Obj/spi_pca10040/main.o
 *fill*         0x0000046a        0x2 
 .text.nrf_gpio_pin_port_decode
                0x0000046c       0x30 Output/Debug/Obj/spi_pca10040/main.o
 .text.nrf_gpio_cfg
                0x0000049c       0x62 Output/Debug/Obj/spi_pca10040/main.o
 .text.nrf_gpio_cfg_output
                0x000004fe       0x22 Output/Debug/Obj/spi_pca10040/main.o
 .text.nrf_gpio_cfg_input
                0x00000520       0x2a Output/Debug/Obj/spi_pca10040/main.o
 .text.nrf_gpio_pin_set
                0x0000054a       0x28 Output/Debug/Obj/spi_pca10040/main.o
 .text.nrf_gpio_pin_clear
                0x00000572       0x28 Output/Debug/Obj/spi_pca10040/main.o
 .text.nrf_gpio_pin_write
                0x0000059a       0x24 Output/Debug/Obj/spi_pca10040/main.o
 .text.nrf_gpio_pin_read
                0x000005be       0x2a Output/Debug/Obj/spi_pca10040/main.o
 .text.nrf_gpio_port_in_read
                0x000005e8       0x10 Output/Debug/Obj/spi_pca10040/main.o
 .text.nrf_gpio_port_out_set
                0x000005f8       0x14 Output/Debug/Obj/spi_pca10040/main.o
 .text.nrf_gpio_port_out_clear
                0x0000060c       0x14 Output/Debug/Obj/spi_pca10040/main.o
 .text.nrf_gpio_pin_present_check
                0x00000620       0x38 Output/Debug/Obj/spi_pca10040/main.o
 .text.nrf_delay_ms
                0x00000658       0x2a Output/Debug/Obj/spi_pca10040/main.o
 *fill*         0x00000682        0x2 
 .text.nrf_drv_saadc_init
                0x00000684       0x28 Output/Debug/Obj/spi_pca10040/main.o
 .text.spi_event_handler
                0x000006ac       0x18 Output/Debug/Obj/spi_pca10040/main.o
                0x000006ac                spi_event_handler
 .text.ad7789_reset
                0x000006c4       0x9c Output/Debug/Obj/spi_pca10040/main.o
                0x000006c4                ad7789_reset
 .text.ad7789_read_single
                0x00000760       0xec Output/Debug/Obj/spi_pca10040/main.o
                0x00000760                ad7789_read_single
 *fill*         0x0000084c        0x4 
 .text.ad7789_convert_voltage
                0x00000850       0x68 Output/Debug/Obj/spi_pca10040/main.o
                0x00000850                ad7789_convert_voltage
 .text.send_DAC_msg
                0x000008b8       0x6c Output/Debug/Obj/spi_pca10040/main.o
                0x000008b8                send_DAC_msg
 .text.saadc_callback_handler
                0x00000924        0xa Output/Debug/Obj/spi_pca10040/main.o
                0x00000924                saadc_callback_handler
 *fill*         0x0000092e        0x2 
 .text.saadc_init
                0x00000930       0x60 Output/Debug/Obj/spi_pca10040/main.o
                0x00000930                saadc_init
 .text.log_init
                0x00000990       0x30 Output/Debug/Obj/spi_pca10040/main.o
                0x00000990                log_init
 .text.main     0x000009c0      0x2c4 Output/Debug/Obj/spi_pca10040/main.o
                0x000009c0                main
 .text.nrf_gpio_pin_port_decode
                0x00000c84       0x30 Output/Debug/Obj/spi_pca10040/boards.o
 .text.nrf_gpio_cfg
                0x00000cb4       0x62 Output/Debug/Obj/spi_pca10040/boards.o
 .text.nrf_gpio_cfg_output
                0x00000d16       0x22 Output/Debug/Obj/spi_pca10040/boards.o
 .text.nrf_gpio_cfg_input
                0x00000d38       0x2a Output/Debug/Obj/spi_pca10040/boards.o
 .text.nrf_gpio_pin_set
                0x00000d62       0x28 Output/Debug/Obj/spi_pca10040/boards.o
 .text.nrf_gpio_pin_clear
                0x00000d8a       0x28 Output/Debug/Obj/spi_pca10040/boards.o
 .text.nrf_gpio_pin_toggle
                0x00000db2       0x44 Output/Debug/Obj/spi_pca10040/boards.o
 .text.nrf_gpio_pin_write
                0x00000df6       0x24 Output/Debug/Obj/spi_pca10040/boards.o
 .text.nrf_gpio_port_out_set
                0x00000e1a       0x14 Output/Debug/Obj/spi_pca10040/boards.o
 .text.nrf_gpio_port_out_clear
                0x00000e2e       0x14 Output/Debug/Obj/spi_pca10040/boards.o
 .text.nrf_gpio_pin_present_check
                0x00000e42       0x38 Output/Debug/Obj/spi_pca10040/boards.o
 *fill*         0x00000e7a        0x2 
 .text.bsp_board_led_off
                0x00000e7c       0x34 Output/Debug/Obj/spi_pca10040/boards.o
                0x00000e7c                bsp_board_led_off
 .text.bsp_board_leds_off
                0x00000eb0       0x26 Output/Debug/Obj/spi_pca10040/boards.o
                0x00000eb0                bsp_board_leds_off
 *fill*         0x00000ed6        0x2 
 .text.bsp_board_led_invert
                0x00000ed8       0x34 Output/Debug/Obj/spi_pca10040/boards.o
                0x00000ed8                bsp_board_led_invert
 .text.bsp_board_leds_init
                0x00000f0c       0x34 Output/Debug/Obj/spi_pca10040/boards.o
 .text.bsp_board_buttons_init
                0x00000f40       0x34 Output/Debug/Obj/spi_pca10040/boards.o
 .text.bsp_board_init
                0x00000f74       0x2a Output/Debug/Obj/spi_pca10040/boards.o
                0x00000f74                bsp_board_init
 *fill*         0x00000f9e        0x2 
 .text.__NVIC_SystemReset
                0x00000fa0       0x28 Output/Debug/Obj/spi_pca10040/system_nrf52.o
 .text.nrf52_errata_12
                0x00000fc8       0x80 Output/Debug/Obj/spi_pca10040/system_nrf52.o
 .text.nrf52_errata_16
                0x00001048       0x60 Output/Debug/Obj/spi_pca10040/system_nrf52.o
 .text.nrf52_errata_31
                0x000010a8       0x80 Output/Debug/Obj/spi_pca10040/system_nrf52.o
 .text.nrf52_errata_32
                0x00001128       0x60 Output/Debug/Obj/spi_pca10040/system_nrf52.o
 .text.nrf52_errata_36
                0x00001188       0x80 Output/Debug/Obj/spi_pca10040/system_nrf52.o
 .text.nrf52_errata_37
                0x00001208       0x60 Output/Debug/Obj/spi_pca10040/system_nrf52.o
 .text.nrf52_errata_57
                0x00001268       0x60 Output/Debug/Obj/spi_pca10040/system_nrf52.o
 .text.nrf52_errata_66
                0x000012c8       0x80 Output/Debug/Obj/spi_pca10040/system_nrf52.o
 .text.nrf52_errata_108
                0x00001348       0x80 Output/Debug/Obj/spi_pca10040/system_nrf52.o
 .text.nrf52_errata_136
                0x000013c8       0x80 Output/Debug/Obj/spi_pca10040/system_nrf52.o
 .text.nrf52_errata_182
                0x00001448       0x58 Output/Debug/Obj/spi_pca10040/system_nrf52.o
 .text.SystemCoreClockUpdate
                0x000014a0       0x14 Output/Debug/Obj/spi_pca10040/system_nrf52.o
                0x000014a0                SystemCoreClockUpdate
 .text.SystemInit
                0x000014b4      0x2d8 Output/Debug/Obj/spi_pca10040/system_nrf52.o
                0x000014b4                SystemInit
 .text.spim_evt_handler
                0x0000178c       0x5c Output/Debug/Obj/spi_pca10040/nrf_drv_spi.o
 .text.nrf_drv_spi_init
                0x000017e8       0xac Output/Debug/Obj/spi_pca10040/nrf_drv_spi.o
                0x000017e8                nrf_drv_spi_init
 .text.nrf_gpiote_event_is_set
                0x00001894       0x2a Output/Debug/Obj/spi_pca10040/nrfx_gpiote.o
 .text.nrf_gpiote_event_clear
                0x000018be       0x36 Output/Debug/Obj/spi_pca10040/nrfx_gpiote.o
 .text.nrf_gpiote_event_addr_get
                0x000018f4       0x1a Output/Debug/Obj/spi_pca10040/nrfx_gpiote.o
 *fill*         0x0000190e        0x2 
 .text.nrf_gpiote_int_is_enabled
                0x00001910       0x18 Output/Debug/Obj/spi_pca10040/nrfx_gpiote.o
 .text.nrf_gpiote_event_pin_get
                0x00001928       0x20 Output/Debug/Obj/spi_pca10040/nrfx_gpiote.o
 .text.nrf_gpiote_event_polarity_get
                0x00001948       0x24 Output/Debug/Obj/spi_pca10040/nrfx_gpiote.o
 .text.nrf_gpio_pin_port_decode
                0x0000196c       0x30 Output/Debug/Obj/spi_pca10040/nrfx_gpiote.o
 .text.nrf_gpio_cfg_sense_set
                0x0000199c       0x5a Output/Debug/Obj/spi_pca10040/nrfx_gpiote.o
 .text.nrf_gpio_pin_sense_get
                0x000019f6       0x2c Output/Debug/Obj/spi_pca10040/nrfx_gpiote.o
 .text.nrf_gpio_latches_read_and_clear
                0x00001a22       0x5c Output/Debug/Obj/spi_pca10040/nrfx_gpiote.o
 .text.nrf_gpio_pin_latch_clear
                0x00001a7e       0x28 Output/Debug/Obj/spi_pca10040/nrfx_gpiote.o
 .text.nrf_gpio_pin_present_check
                0x00001aa6       0x38 Output/Debug/Obj/spi_pca10040/nrfx_gpiote.o
 .text.nrf_bitmask_bit_is_set
                0x00001ade       0x30 Output/Debug/Obj/spi_pca10040/nrfx_gpiote.o
 *fill*         0x00001b0e        0x2 
 .text.channel_port_get
                0x00001b10       0x1c Output/Debug/Obj/spi_pca10040/nrfx_gpiote.o
 .text.channel_handler_get
                0x00001b2c       0x18 Output/Debug/Obj/spi_pca10040/nrfx_gpiote.o
 .text.port_handler_pin_get
                0x00001b44       0x28 Output/Debug/Obj/spi_pca10040/nrfx_gpiote.o
 .text.port_handler_polarity_get
                0x00001b6c       0x28 Output/Debug/Obj/spi_pca10040/nrfx_gpiote.o
 .text.latch_pending_read_and_check
                0x00001b94       0x3e Output/Debug/Obj/spi_pca10040/nrfx_gpiote.o
 *fill*         0x00001bd2        0x2 
 .text.port_event_handle
                0x00001bd4       0xe4 Output/Debug/Obj/spi_pca10040/nrfx_gpiote.o
 .text.GPIOTE_IRQHandler
                0x00001cb8      0x104 Output/Debug/Obj/spi_pca10040/nrfx_gpiote.o
                0x00001cb8                GPIOTE_IRQHandler
 .text.UARTE0_UART0_IRQHandler
                0x00001dbc       0x24 Output/Debug/Obj/spi_pca10040/nrfx_prs.o
                0x00001dbc                UARTE0_UART0_IRQHandler
 .text.prs_box_get
                0x00001de0       0x20 Output/Debug/Obj/spi_pca10040/nrfx_prs.o
 .text.nrfx_prs_acquire
                0x00001e00       0x74 Output/Debug/Obj/spi_pca10040/nrfx_prs.o
                0x00001e00                nrfx_prs_acquire
 .text.nrfx_prs_release
                0x00001e74       0x3c Output/Debug/Obj/spi_pca10040/nrfx_prs.o
                0x00001e74                nrfx_prs_release
 .text.__NVIC_EnableIRQ
                0x00001eb0       0x34 Output/Debug/Obj/spi_pca10040/nrfx_saadc.o
 .text.__NVIC_SetPriority
                0x00001ee4       0x50 Output/Debug/Obj/spi_pca10040/nrfx_saadc.o
 .text._NRFX_IRQ_PRIORITY_SET
                0x00001f34       0x40 Output/Debug/Obj/spi_pca10040/nrfx_saadc.o
 .text._NRFX_IRQ_ENABLE
                0x00001f74       0x1c Output/Debug/Obj/spi_pca10040/nrfx_saadc.o
 .text.nrf_saadc_task_trigger
                0x00001f90       0x1e Output/Debug/Obj/spi_pca10040/nrfx_saadc.o
 .text.nrf_saadc_event_check
                0x00001fae       0x26 Output/Debug/Obj/spi_pca10040/nrfx_saadc.o
 .text.nrf_saadc_event_clear
                0x00001fd4       0x30 Output/Debug/Obj/spi_pca10040/nrfx_saadc.o
 .text.nrf_saadc_channel_input_set
                0x00002004       0x44 Output/Debug/Obj/spi_pca10040/nrfx_saadc.o
 .text.nrf_saadc_int_enable
                0x00002048       0x18 Output/Debug/Obj/spi_pca10040/nrfx_saadc.o
 .text.nrf_saadc_int_disable
                0x00002060       0x18 Output/Debug/Obj/spi_pca10040/nrfx_saadc.o
 .text.nrf_saadc_enable
                0x00002078       0x10 Output/Debug/Obj/spi_pca10040/nrfx_saadc.o
 .text.nrf_saadc_disable
                0x00002088       0x10 Output/Debug/Obj/spi_pca10040/nrfx_saadc.o
 .text.nrf_saadc_buffer_init
                0x00002098       0x20 Output/Debug/Obj/spi_pca10040/nrfx_saadc.o
 .text.nrf_saadc_resolution_set
                0x000020b8       0x1c Output/Debug/Obj/spi_pca10040/nrfx_saadc.o
 .text.nrf_saadc_oversample_set
                0x000020d4       0x1c Output/Debug/Obj/spi_pca10040/nrfx_saadc.o
 .text.nrf_saadc_oversample_get
                0x000020f0       0x10 Output/Debug/Obj/spi_pca10040/nrfx_saadc.o
 .text.nrf_saadc_channel_init
                0x00002100       0x8c Output/Debug/Obj/spi_pca10040/nrfx_saadc.o
 .text.SAADC_IRQHandler
                0x0000218c      0x258 Output/Debug/Obj/spi_pca10040/nrfx_saadc.o
                0x0000218c                SAADC_IRQHandler
 .text.nrfx_saadc_init
                0x000023e4       0xe0 Output/Debug/Obj/spi_pca10040/nrfx_saadc.o
                0x000023e4                nrfx_saadc_init
 .text.nrfx_saadc_channel_init
                0x000024c4      0x124 Output/Debug/Obj/spi_pca10040/nrfx_saadc.o
                0x000024c4                nrfx_saadc_channel_init
 .text.__NVIC_EnableIRQ
                0x000025e8       0x34 Output/Debug/Obj/spi_pca10040/nrfx_spim.o
 .text.__NVIC_DisableIRQ
                0x0000261c       0x44 Output/Debug/Obj/spi_pca10040/nrfx_spim.o
 .text.__NVIC_SetPriority
                0x00002660       0x50 Output/Debug/Obj/spi_pca10040/nrfx_spim.o
 .text.nrfx_is_in_ram
                0x000026b0       0x1c Output/Debug/Obj/spi_pca10040/nrfx_spim.o
 .text.nrfx_get_irq_number
                0x000026cc       0x10 Output/Debug/Obj/spi_pca10040/nrfx_spim.o
 .text._NRFX_IRQ_PRIORITY_SET
                0x000026dc       0x40 Output/Debug/Obj/spi_pca10040/nrfx_spim.o
 .text._NRFX_IRQ_ENABLE
                0x0000271c       0x1c Output/Debug/Obj/spi_pca10040/nrfx_spim.o
 .text._NRFX_IRQ_DISABLE
                0x00002738       0x1c Output/Debug/Obj/spi_pca10040/nrfx_spim.o
 .text.nrf_spim_task_trigger
                0x00002754       0x1c Output/Debug/Obj/spi_pca10040/nrfx_spim.o
 .text.nrf_spim_event_clear
                0x00002770       0x2a Output/Debug/Obj/spi_pca10040/nrfx_spim.o
 .text.nrf_spim_event_check
                0x0000279a       0x24 Output/Debug/Obj/spi_pca10040/nrfx_spim.o
 .text.nrf_spim_int_enable
                0x000027be       0x14 Output/Debug/Obj/spi_pca10040/nrfx_spim.o
 .text.nrf_spim_int_disable
                0x000027d2       0x14 Output/Debug/Obj/spi_pca10040/nrfx_spim.o
 .text.nrf_spim_enable
                0x000027e6       0x12 Output/Debug/Obj/spi_pca10040/nrfx_spim.o
 .text.nrf_spim_disable
                0x000027f8       0x12 Output/Debug/Obj/spi_pca10040/nrfx_spim.o
 .text.nrf_spim_pins_set
                0x0000280a       0x28 Output/Debug/Obj/spi_pca10040/nrfx_spim.o
 .text.nrf_spim_frequency_set
                0x00002832       0x14 Output/Debug/Obj/spi_pca10040/nrfx_spim.o
 .text.nrf_spim_tx_buffer_set
                0x00002846       0x1e Output/Debug/Obj/spi_pca10040/nrfx_spim.o
 .text.nrf_spim_rx_buffer_set
                0x00002864       0x1e Output/Debug/Obj/spi_pca10040/nrfx_spim.o
 .text.nrf_spim_configure
                0x00002882       0x64 Output/Debug/Obj/spi_pca10040/nrfx_spim.o
 .text.nrf_spim_orc_set
                0x000028e6       0x1a Output/Debug/Obj/spi_pca10040/nrfx_spim.o
 .text.nrf_spim_tx_list_enable
                0x00002900       0x12 Output/Debug/Obj/spi_pca10040/nrfx_spim.o
 .text.nrf_spim_tx_list_disable
                0x00002912       0x12 Output/Debug/Obj/spi_pca10040/nrfx_spim.o
 .text.nrf_spim_rx_list_enable
                0x00002924       0x12 Output/Debug/Obj/spi_pca10040/nrfx_spim.o
 .text.nrf_spim_rx_list_disable
                0x00002936       0x12 Output/Debug/Obj/spi_pca10040/nrfx_spim.o
 .text.nrf_gpio_pin_port_decode
                0x00002948       0x30 Output/Debug/Obj/spi_pca10040/nrfx_spim.o
 .text.nrf_gpio_cfg
                0x00002978       0x62 Output/Debug/Obj/spi_pca10040/nrfx_spim.o
 .text.nrf_gpio_cfg_output
                0x000029da       0x22 Output/Debug/Obj/spi_pca10040/nrfx_spim.o
 .text.nrf_gpio_cfg_input
                0x000029fc       0x2a Output/Debug/Obj/spi_pca10040/nrfx_spim.o
 .text.nrf_gpio_cfg_default
                0x00002a26       0x22 Output/Debug/Obj/spi_pca10040/nrfx_spim.o
 .text.nrf_gpio_pin_set
                0x00002a48       0x28 Output/Debug/Obj/spi_pca10040/nrfx_spim.o
 .text.nrf_gpio_pin_clear
                0x00002a70       0x28 Output/Debug/Obj/spi_pca10040/nrfx_spim.o
 .text.nrf_gpio_port_out_set
                0x00002a98       0x14 Output/Debug/Obj/spi_pca10040/nrfx_spim.o
 .text.nrf_gpio_port_out_clear
                0x00002aac       0x14 Output/Debug/Obj/spi_pca10040/nrfx_spim.o
 .text.nrf_gpio_pin_present_check
                0x00002ac0       0x38 Output/Debug/Obj/spi_pca10040/nrfx_spim.o
 .text.nrfx_spim_init
                0x00002af8      0x1d0 Output/Debug/Obj/spi_pca10040/nrfx_spim.o
                0x00002af8                nrfx_spim_init
 .text.nrfx_spim_uninit
                0x00002cc8       0xcc Output/Debug/Obj/spi_pca10040/nrfx_spim.o
                0x00002cc8                nrfx_spim_uninit
 .text.finish_transfer
                0x00002d94       0x52 Output/Debug/Obj/spi_pca10040/nrfx_spim.o
 .text.spim_int_enable
                0x00002de6       0x34 Output/Debug/Obj/spi_pca10040/nrfx_spim.o
 .text.spim_list_enable_handle
                0x00002e1a       0x40 Output/Debug/Obj/spi_pca10040/nrfx_spim.o
 .text.spim_xfer
                0x00002e5a      0x108 Output/Debug/Obj/spi_pca10040/nrfx_spim.o
 *fill*         0x00002f62        0x2 
 .text.nrfx_spim_xfer
                0x00002f64      0x108 Output/Debug/Obj/spi_pca10040/nrfx_spim.o
                0x00002f64                nrfx_spim_xfer
 .text.irq_handler
                0x0000306c       0x48 Output/Debug/Obj/spi_pca10040/nrfx_spim.o
 .text.SPIM0_SPIS0_TWIM0_TWIS0_SPI0_TWI0_IRQHandler
                0x000030b4       0x18 Output/Debug/Obj/spi_pca10040/nrfx_spim.o
                0x000030b4                SPIM0_SPIS0_TWIM0_TWIS0_SPI0_TWI0_IRQHandler
 .text.app_error_save_and_stop
                0x000030cc       0x98 Output/Debug/Obj/spi_pca10040/app_error.o
                0x000030cc                app_error_save_and_stop
 .text.app_error_handler
                0x00003164       0x1c Output/Debug/Obj/spi_pca10040/app_error_handler_gcc.o
                0x00003164                app_error_handler
 .text.app_error_fault_handler
                0x00003180      0x104 Output/Debug/Obj/spi_pca10040/app_error_weak.o
                0x00003180                app_error_fault_handler
 .text.app_util_disable_irq
                0x00003284       0x18 Output/Debug/Obj/spi_pca10040/app_util_platform.o
                0x00003284                app_util_disable_irq
 .text.app_util_enable_irq
                0x0000329c       0x20 Output/Debug/Obj/spi_pca10040/app_util_platform.o
                0x0000329c                app_util_enable_irq
 .text.app_util_critical_region_enter
                0x000032bc       0x28 Output/Debug/Obj/spi_pca10040/app_util_platform.o
                0x000032bc                app_util_critical_region_enter
 .text.app_util_critical_region_exit
                0x000032e4       0x2c Output/Debug/Obj/spi_pca10040/app_util_platform.o
                0x000032e4                app_util_critical_region_exit
 .text.privilege_level_get
                0x00003310       0x3a Output/Debug/Obj/spi_pca10040/app_util_platform.o
                0x00003310                privilege_level_get
 *fill*         0x0000334a        0x2 
 .text.RTC1_IRQHandler
                0x0000334c       0x1c Output/Debug/Obj/spi_pca10040/drv_rtc.o
                0x0000334c                RTC1_IRQHandler
 .text.assert_nrf_callback
                0x00003368       0x2c Output/Debug/Obj/spi_pca10040/nrf_assert.o
                0x00003368                assert_nrf_callback
 .text.nrf_atomic_u32_fetch_store
                0x00003394       0x2e Output/Debug/Obj/spi_pca10040/nrf_atomic.o
                0x00003394                nrf_atomic_u32_fetch_store
 .text.nrf_atomic_u32_or
                0x000033c2       0x30 Output/Debug/Obj/spi_pca10040/nrf_atomic.o
                0x000033c2                nrf_atomic_u32_or
 .text.nrf_atomic_u32_fetch_and
                0x000033f2       0x30 Output/Debug/Obj/spi_pca10040/nrf_atomic.o
                0x000033f2                nrf_atomic_u32_fetch_and
 .text.nrf_atomic_u32_add
                0x00003422       0x30 Output/Debug/Obj/spi_pca10040/nrf_atomic.o
                0x00003422                nrf_atomic_u32_add
 .text.nrf_atomic_u32_sub
                0x00003452       0x30 Output/Debug/Obj/spi_pca10040/nrf_atomic.o
                0x00003452                nrf_atomic_u32_sub
 .text.nrf_atomic_flag_set
                0x00003482       0x18 Output/Debug/Obj/spi_pca10040/nrf_atomic.o
                0x00003482                nrf_atomic_flag_set
 .text.nrf_atomic_flag_clear_fetch
                0x0000349a       0x18 Output/Debug/Obj/spi_pca10040/nrf_atomic.o
                0x0000349a                nrf_atomic_flag_clear_fetch
 *fill*         0x000034b2        0x2 
 .text.nrf_balloc_idx2block
                0x000034b4       0x38 Output/Debug/Obj/spi_pca10040/nrf_balloc.o
 .text.nrf_balloc_block2idx
                0x000034ec       0x34 Output/Debug/Obj/spi_pca10040/nrf_balloc.o
 .text.nrf_balloc_init
                0x00003520       0xb8 Output/Debug/Obj/spi_pca10040/nrf_balloc.o
                0x00003520                nrf_balloc_init
 .text.nrf_balloc_alloc
                0x000035d8       0x84 Output/Debug/Obj/spi_pca10040/nrf_balloc.o
                0x000035d8                nrf_balloc_alloc
 .text.nrf_balloc_free
                0x0000365c       0x58 Output/Debug/Obj/spi_pca10040/nrf_balloc.o
                0x0000365c                nrf_balloc_free
 .text.nrf_fprintf_buffer_flush
                0x000036b4       0x44 Output/Debug/Obj/spi_pca10040/nrf_fprintf.o
                0x000036b4                nrf_fprintf_buffer_flush
 .text.nrf_fprintf
                0x000036f8       0x74 Output/Debug/Obj/spi_pca10040/nrf_fprintf.o
                0x000036f8                nrf_fprintf
 .text.buffer_add
                0x0000376c       0x4c Output/Debug/Obj/spi_pca10040/nrf_fprintf_format.o
 .text.string_print
                0x000037b8       0xc2 Output/Debug/Obj/spi_pca10040/nrf_fprintf_format.o
 *fill*         0x0000387a        0x2 
 .text.unsigned_print
                0x0000387c      0x130 Output/Debug/Obj/spi_pca10040/nrf_fprintf_format.o
 .text.int_print
                0x000039ac      0x11c Output/Debug/Obj/spi_pca10040/nrf_fprintf_format.o
 .text.nrf_fprintf_fmt
                0x00003ac8      0x388 Output/Debug/Obj/spi_pca10040/nrf_fprintf_format.o
                0x00003ac8                nrf_fprintf_fmt
 .text.nrf_memobj_pool_init
                0x00003e50       0x16 Output/Debug/Obj/spi_pca10040/nrf_memobj.o
                0x00003e50                nrf_memobj_pool_init
 .text.nrf_memobj_alloc
                0x00003e66       0xae Output/Debug/Obj/spi_pca10040/nrf_memobj.o
                0x00003e66                nrf_memobj_alloc
 .text.nrf_memobj_free
                0x00003f14       0x74 Output/Debug/Obj/spi_pca10040/nrf_memobj.o
                0x00003f14                nrf_memobj_free
 .text.nrf_memobj_get
                0x00003f88       0x1e Output/Debug/Obj/spi_pca10040/nrf_memobj.o
                0x00003f88                nrf_memobj_get
 .text.nrf_memobj_put
                0x00003fa6       0x34 Output/Debug/Obj/spi_pca10040/nrf_memobj.o
                0x00003fa6                nrf_memobj_put
 *fill*         0x00003fda        0x2 
 .text.memobj_op
                0x00003fdc      0x124 Output/Debug/Obj/spi_pca10040/nrf_memobj.o
 .text.nrf_memobj_write
                0x00004100       0x3c Output/Debug/Obj/spi_pca10040/nrf_memobj.o
                0x00004100                nrf_memobj_write
 .text.nrf_memobj_read
                0x0000413c       0x40 Output/Debug/Obj/spi_pca10040/nrf_memobj.o
                0x0000413c                nrf_memobj_read
 .text.nrf_ringbuf_init
                0x0000417c       0x3a Output/Debug/Obj/spi_pca10040/nrf_ringbuf.o
                0x0000417c                nrf_ringbuf_init
 *fill*         0x000041b6        0x2 
 .text.nrf_strerror_get
                0x000041b8       0x28 Output/Debug/Obj/spi_pca10040/nrf_strerror.o
                0x000041b8                nrf_strerror_get
 .text.nrf_strerror_find
                0x000041e0       0x68 Output/Debug/Obj/spi_pca10040/nrf_strerror.o
                0x000041e0                nrf_strerror_find
 .text.nrfx_coredep_delay_us
                0x00004248       0x30 Output/Debug/Obj/spi_pca10040/nrf_log_backend_rtt.o
 .text.nrf_delay_ms
                0x00004278       0x2a Output/Debug/Obj/spi_pca10040/nrf_log_backend_rtt.o
 .text.nrf_log_backend_rtt_init
                0x000042a2        0xa Output/Debug/Obj/spi_pca10040/nrf_log_backend_rtt.o
                0x000042a2                nrf_log_backend_rtt_init
 .text.serial_tx
                0x000042ac       0x84 Output/Debug/Obj/spi_pca10040/nrf_log_backend_rtt.o
 .text.nrf_log_backend_rtt_put
                0x00004330       0x28 Output/Debug/Obj/spi_pca10040/nrf_log_backend_rtt.o
 .text.nrf_log_backend_rtt_flush
                0x00004358        0xa Output/Debug/Obj/spi_pca10040/nrf_log_backend_rtt.o
 .text.nrf_log_backend_rtt_panic_set
                0x00004362        0xa Output/Debug/Obj/spi_pca10040/nrf_log_backend_rtt.o
 .text.nrf_log_backend_serial_put
                0x0000436c      0x124 Output/Debug/Obj/spi_pca10040/nrf_log_backend_serial.o
                0x0000436c                nrf_log_backend_serial_put
 .text.nrf_log_backend_enable
                0x00004490       0x12 Output/Debug/Obj/spi_pca10040/nrf_log_default_backends.o
 *fill*         0x000044a2        0x2 
 .text.nrf_log_default_backends_init
                0x000044a4       0x3c Output/Debug/Obj/spi_pca10040/nrf_log_default_backends.o
                0x000044a4                nrf_log_default_backends_init
 .text.nrf_log_backend_put
                0x000044e0       0x1c Output/Debug/Obj/spi_pca10040/nrf_log_frontend.o
 .text.nrf_log_backend_panic_set
                0x000044fc       0x18 Output/Debug/Obj/spi_pca10040/nrf_log_frontend.o
 .text.nrf_log_backend_flush
                0x00004514       0x18 Output/Debug/Obj/spi_pca10040/nrf_log_frontend.o
 .text.nrf_log_backend_id_set
                0x0000452c       0x1a Output/Debug/Obj/spi_pca10040/nrf_log_frontend.o
 .text.nrf_log_backend_id_get
                0x00004546       0x10 Output/Debug/Obj/spi_pca10040/nrf_log_frontend.o
 .text.nrf_log_backend_enable
                0x00004556       0x12 Output/Debug/Obj/spi_pca10040/nrf_log_frontend.o
 .text.nrf_log_backend_is_enabled
                0x00004568       0x10 Output/Debug/Obj/spi_pca10040/nrf_log_frontend.o
 .text.nrf_log_init
                0x00004578       0x50 Output/Debug/Obj/spi_pca10040/nrf_log_frontend.o
                0x00004578                nrf_log_init
 .text.nrf_log_module_cnt_get
                0x000045c8       0x14 Output/Debug/Obj/spi_pca10040/nrf_log_frontend.o
                0x000045c8                nrf_log_module_cnt_get
 .text.module_idx_get
                0x000045dc       0x64 Output/Debug/Obj/spi_pca10040/nrf_log_frontend.o
 .text.nrf_log_module_name_get
                0x00004640       0x40 Output/Debug/Obj/spi_pca10040/nrf_log_frontend.o
                0x00004640                nrf_log_module_name_get
 .text.nrf_log_color_id_get
                0x00004680       0x70 Output/Debug/Obj/spi_pca10040/nrf_log_frontend.o
                0x00004680                nrf_log_color_id_get
 .text.invalid_packets_omit
                0x000046f0       0x6e Output/Debug/Obj/spi_pca10040/nrf_log_frontend.o
 *fill*         0x0000475e        0x2 
 .text.log_skip
                0x00004760      0x118 Output/Debug/Obj/spi_pca10040/nrf_log_frontend.o
 .text.dropped_sat16_get
                0x00004878       0x28 Output/Debug/Obj/spi_pca10040/nrf_log_frontend.o
 .text.std_header_set
                0x000048a0       0xb4 Output/Debug/Obj/spi_pca10040/nrf_log_frontend.o
 .text.buf_prealloc
                0x00004954      0x128 Output/Debug/Obj/spi_pca10040/nrf_log_frontend.o
 .text.std_n    0x00004a7c       0x90 Output/Debug/Obj/spi_pca10040/nrf_log_frontend.o
 .text.nrf_log_frontend_std_0
                0x00004b0c       0x1c Output/Debug/Obj/spi_pca10040/nrf_log_frontend.o
                0x00004b0c                nrf_log_frontend_std_0
 .text.nrf_log_frontend_std_1
                0x00004b28       0x22 Output/Debug/Obj/spi_pca10040/nrf_log_frontend.o
                0x00004b28                nrf_log_frontend_std_1
 .text.nrf_log_frontend_std_2
                0x00004b4a       0x28 Output/Debug/Obj/spi_pca10040/nrf_log_frontend.o
                0x00004b4a                nrf_log_frontend_std_2
 .text.nrf_log_frontend_std_5
                0x00004b72       0x34 Output/Debug/Obj/spi_pca10040/nrf_log_frontend.o
                0x00004b72                nrf_log_frontend_std_5
 *fill*         0x00004ba6        0x2 
 .text.buffer_is_empty
                0x00004ba8       0x1c Output/Debug/Obj/spi_pca10040/nrf_log_frontend.o
                0x00004ba8                buffer_is_empty
 .text.nrf_log_frontend_dequeue
                0x00004bc4      0x3a4 Output/Debug/Obj/spi_pca10040/nrf_log_frontend.o
                0x00004bc4                nrf_log_frontend_dequeue
 .text.backend_id_assign
                0x00004f68       0x68 Output/Debug/Obj/spi_pca10040/nrf_log_frontend.o
 .text.nrf_log_backend_add
                0x00004fd0       0x70 Output/Debug/Obj/spi_pca10040/nrf_log_frontend.o
                0x00004fd0                nrf_log_backend_add
 .text.nrf_log_panic
                0x00005040       0x3c Output/Debug/Obj/spi_pca10040/nrf_log_frontend.o
                0x00005040                nrf_log_panic
 .text.timestamp_print
                0x0000507c        0xc Output/Debug/Obj/spi_pca10040/nrf_log_str_formatter.o
 .text.prefix_process
                0x00005088       0xb0 Output/Debug/Obj/spi_pca10040/nrf_log_str_formatter.o
 .text.postfix_process
                0x00005138       0x60 Output/Debug/Obj/spi_pca10040/nrf_log_str_formatter.o
 .text.nrf_log_std_entry_process
                0x00005198      0x144 Output/Debug/Obj/spi_pca10040/nrf_log_str_formatter.o
                0x00005198                nrf_log_std_entry_process
 .text.nrf_log_hexdump_entry_process
                0x000052dc       0xf0 Output/Debug/Obj/spi_pca10040/nrf_log_str_formatter.o
                0x000052dc                nrf_log_hexdump_entry_process
 .text._DoInit  0x000053cc       0x9c Output/Debug/Obj/spi_pca10040/SEGGER_RTT.o
 .text._WriteBlocking
                0x00005468       0xb2 Output/Debug/Obj/spi_pca10040/SEGGER_RTT.o
 .text._WriteNoCheck
                0x0000551a       0x7e Output/Debug/Obj/spi_pca10040/SEGGER_RTT.o
 .text._GetAvailWriteSpace
                0x00005598       0x3c Output/Debug/Obj/spi_pca10040/SEGGER_RTT.o
 .text.SEGGER_RTT_WriteNoLock
                0x000055d4       0xa0 Output/Debug/Obj/spi_pca10040/SEGGER_RTT.o
                0x000055d4                SEGGER_RTT_WriteNoLock
 .text.SEGGER_RTT_Init
                0x00005674        0xa Output/Debug/Obj/spi_pca10040/SEGGER_RTT.o
                0x00005674                SEGGER_RTT_Init
 *fill*         0x0000567e        0x2 
 .text.libc.__aeabi_dadd
                0x00005680      0x240 /Applications/SEGGER/SEGGER Embedded Studio 8.24/lib/libc_v7em_fpv4_sp_d16_hard_t_le_eabi_balanced.a(floatasmops_arm.o)
                0x00005680                __aeabi_dadd
 .text.libc.__aeabi_dsub
                0x000058c0        0x8 /Applications/SEGGER/SEGGER Embedded Studio 8.24/lib/libc_v7em_fpv4_sp_d16_hard_t_le_eabi_balanced.a(floatasmops_arm.o)
                0x000058c0                __aeabi_dsub
 .text.libc.__aeabi_dmul
                0x000058c8      0x130 /Applications/SEGGER/SEGGER Embedded Studio 8.24/lib/libc_v7em_fpv4_sp_d16_hard_t_le_eabi_balanced.a(floatasmops_arm.o)
                0x000058c8                __aeabi_dmul
 .text.libc.__aeabi_ddiv
                0x000059f8      0x1c4 /Applications/SEGGER/SEGGER Embedded Studio 8.24/lib/libc_v7em_fpv4_sp_d16_hard_t_le_eabi_balanced.a(floatasmops_arm.o)
                0x000059f8                __aeabi_ddiv
 .text.libc.__aeabi_ui2d
                0x00005bbc       0x1c /Applications/SEGGER/SEGGER Embedded Studio 8.24/lib/libc_v7em_fpv4_sp_d16_hard_t_le_eabi_balanced.a(floatasmops_arm.o)
                0x00005bbc                __aeabi_ui2d
 .text.libc.__SEGGER_RTL_init_heap
                0x00005bd8       0x16 /Applications/SEGGER/SEGGER Embedded Studio 8.24/lib/heapops_basic_v7em_fpv4_sp_d16_hard_t_le_eabi_balanced.a(heapops_basic.o)
                0x00005bd8                __SEGGER_RTL_init_heap
 .text.libc.strlen
                0x00005bee       0x2a /Applications/SEGGER/SEGGER Embedded Studio 8.24/lib/strops_unaligned_v7em_fpv4_sp_d16_hard_t_le_eabi_balanced.a(strops.o)
                0x00005bee                strlen
 .text.libc.memcpy
                0x00005c18       0x5c /Applications/SEGGER/SEGGER Embedded Studio 8.24/lib/strops_unaligned_v7em_fpv4_sp_d16_hard_t_le_eabi_balanced.a(strasmops_arm.o)
                0x00005c18                memcpy
                0x00005c18                __aeabi_memcpy
                0x00005c36                __aeabi_memcpy4
                0x00005c36                __aeabi_memcpy8
 .text.libc.__SEGGER_RTL_ascii_mbtowc
                0x00005c74       0x32 /Applications/SEGGER/SEGGER Embedded Studio 8.24/lib/mbops_timeops_v7em_fpv4_sp_d16_hard_t_le_eabi_balanced.a(mbops.o)
                0x00005c74                __SEGGER_RTL_ascii_mbtowc
 .text.libc.__SEGGER_RTL_ascii_wctomb
                0x00005ca6        0xe /Applications/SEGGER/SEGGER Embedded Studio 8.24/lib/mbops_timeops_v7em_fpv4_sp_d16_hard_t_le_eabi_balanced.a(mbops.o)
                0x00005ca6                __SEGGER_RTL_ascii_wctomb
 .text.libc.isprint
                0x00005cb4       0x20 /Applications/SEGGER/SEGGER Embedded Studio 8.24/lib/mbops_timeops_v7em_fpv4_sp_d16_hard_t_le_eabi_balanced.a(mbops.o)
                0x00005cb4                isprint
 .text.libc.__SEGGER_RTL_ascii_isctype
                0x00005cd4       0x20 /Applications/SEGGER/SEGGER Embedded Studio 8.24/lib/mbops_timeops_v7em_fpv4_sp_d16_hard_t_le_eabi_balanced.a(mbops.o)
 .text.libc.__SEGGER_RTL_ascii_toupper
                0x00005cf4        0xc /Applications/SEGGER/SEGGER Embedded Studio 8.24/lib/mbops_timeops_v7em_fpv4_sp_d16_hard_t_le_eabi_balanced.a(mbops.o)
 .text.libc.__SEGGER_RTL_ascii_tolower
                0x00005d00        0xe /Applications/SEGGER/SEGGER Embedded Studio 8.24/lib/mbops_timeops_v7em_fpv4_sp_d16_hard_t_le_eabi_balanced.a(mbops.o)
 .text.libc.__SEGGER_RTL_ascii_iswctype
                0x00005d0e       0x20 /Applications/SEGGER/SEGGER Embedded Studio 8.24/lib/mbops_timeops_v7em_fpv4_sp_d16_hard_t_le_eabi_balanced.a(mbops.o)
 .text.libc.__SEGGER_RTL_ascii_towupper
                0x00005d2e        0xc /Applications/SEGGER/SEGGER Embedded Studio 8.24/lib/mbops_timeops_v7em_fpv4_sp_d16_hard_t_le_eabi_balanced.a(mbops.o)
 .text.libc.__SEGGER_RTL_ascii_towlower
                0x00005d3a        0xe /Applications/SEGGER/SEGGER Embedded Studio 8.24/lib/mbops_timeops_v7em_fpv4_sp_d16_hard_t_le_eabi_balanced.a(mbops.o)
                0x00005d48                        __text_end__ = (__text_start__ + SIZEOF (.text))
                0x00005968                        __text_size__ = SIZEOF (.text)
                0x00005d48                        __text_load_end__ = __text_end__

.vfp11_veneer   0x00000000        0x0
 .vfp11_veneer  0x00000000        0x0 linker stubs

.v4_bx          0x00000000        0x0
 .v4_bx         0x00000000        0x0 linker stubs

.iplt           0x00000000        0x0
 .iplt          0x00000000        0x0 Output/Debug/Obj/spi_pca10040/main.o
                0x00000001                        . = ASSERT (((__text_start__ == __text_end__) || ((__text_end__ - __FLASH_segment_start__) <= __FLASH_segment_size__)), error: .text is too large to fit in FLASH memory segment)
                0x00005d48                        __log_const_data_load_start__ = ALIGN (__text_end__, 0x4)

.log_const_data
                0x00005d48       0x50
                0x00005d48                        __log_const_data_start__ = .
                0x00005d48                        __start_log_const_data = __log_const_data_start__
 *(SORT_BY_NAME(.log_const_data*))
 .log_const_data_GPIOTE
                0x00005d48        0x8 Output/Debug/Obj/spi_pca10040/nrfx_gpiote.o
                0x00005d48                m_nrf_log_GPIOTE_logs_data_const
 .log_const_data_PRS
                0x00005d50        0x8 Output/Debug/Obj/spi_pca10040/nrfx_prs.o
                0x00005d50                m_nrf_log_PRS_logs_data_const
 .log_const_data_SAADC
                0x00005d58        0x8 Output/Debug/Obj/spi_pca10040/nrfx_saadc.o
                0x00005d58                m_nrf_log_SAADC_logs_data_const
 .log_const_data_SPIM
                0x00005d60        0x8 Output/Debug/Obj/spi_pca10040/nrfx_spim.o
                0x00005d60                m_nrf_log_SPIM_logs_data_const
 .log_const_data_UART
                0x00005d68        0x8 Output/Debug/Obj/spi_pca10040/nrfx_uart.o
                0x00005d68                m_nrf_log_UART_logs_data_const
 .log_const_data_UARTE
                0x00005d70        0x8 Output/Debug/Obj/spi_pca10040/nrfx_uarte.o
                0x00005d70                m_nrf_log_UARTE_logs_data_const
 .log_const_data_app
                0x00005d78        0x8 Output/Debug/Obj/spi_pca10040/nrf_log_frontend.o
                0x00005d78                m_nrf_log_app_logs_data_const
 .log_const_data_app_button
                0x00005d80        0x8 Output/Debug/Obj/spi_pca10040/app_button.o
                0x00005d80                m_nrf_log_app_button_logs_data_const
 .log_const_data_app_timer
                0x00005d88        0x8 Output/Debug/Obj/spi_pca10040/app_timer2.o
                0x00005d88                m_nrf_log_app_timer_logs_data_const
 .log_const_data_sortlist
                0x00005d90        0x8 Output/Debug/Obj/spi_pca10040/nrf_sortlist.o
                0x00005d90                m_nrf_log_sortlist_logs_data_const
                0x00005d98                        __log_const_data_end__ = (__log_const_data_start__ + SIZEOF (.log_const_data))
                0x00000050                        __log_const_data_size__ = SIZEOF (.log_const_data)
                0x00005d98                        __stop_log_const_data = __log_const_data_end__
                0x00005d98                        __log_const_data_load_end__ = __log_const_data_end__
                0x00000001                        . = ASSERT (((__log_const_data_start__ == __log_const_data_end__) || ((__log_const_data_end__ - __FLASH_segment_start__) <= __FLASH_segment_size__)), error: .log_const_data is too large to fit in FLASH memory segment)
                0x00005d98                        __log_backends_load_start__ = ALIGN (__log_const_data_end__, 0x4)

.log_backends   0x00005d98       0x10
                0x00005d98                        __log_backends_start__ = .
                0x00005d98                        __start_log_backends = __log_backends_start__
 *(SORT_BY_NAME(.log_backends*))
 .log_backends  0x00005d98       0x10 Output/Debug/Obj/spi_pca10040/nrf_log_default_backends.o
                0x00005da8                        __log_backends_end__ = (__log_backends_start__ + SIZEOF (.log_backends))
                0x00000010                        __log_backends_size__ = SIZEOF (.log_backends)
                0x00005da8                        __stop_log_backends = __log_backends_end__
                0x00005da8                        __log_backends_load_end__ = __log_backends_end__
                0x00000001                        . = ASSERT (((__log_backends_start__ == __log_backends_end__) || ((__log_backends_end__ - __FLASH_segment_start__) <= __FLASH_segment_size__)), error: .log_backends is too large to fit in FLASH memory segment)
                0x00005da8                        __nrf_balloc_load_start__ = ALIGN (__log_backends_end__, 0x4)

.nrf_balloc     0x00005da8       0x14
                0x00005da8                        __nrf_balloc_start__ = .
                0x00005da8                        __start_nrf_balloc = __nrf_balloc_start__
 *(.nrf_balloc*)
 .nrf_balloc    0x00005da8       0x14 Output/Debug/Obj/spi_pca10040/nrf_log_frontend.o
                0x00005da8                log_mempool
                0x00005dbc                        __nrf_balloc_end__ = (__nrf_balloc_start__ + SIZEOF (.nrf_balloc))
                0x00000014                        __nrf_balloc_size__ = SIZEOF (.nrf_balloc)
                0x00005dbc                        __stop_nrf_balloc = __nrf_balloc_end__
                0x00005dbc                        __nrf_balloc_load_end__ = __nrf_balloc_end__
                0x00000001                        . = ASSERT (((__nrf_balloc_start__ == __nrf_balloc_end__) || ((__nrf_balloc_end__ - __FLASH_segment_start__) <= __FLASH_segment_size__)), error: .nrf_balloc is too large to fit in FLASH memory segment)
                0x00005dbc                        __nrf_sections_load_start__ = ALIGN (__nrf_balloc_end__, 0x4)

.nrf_sections   0x00005dbc        0x0
                0x00005dbc                        __nrf_sections_start__ = .
                0x00005dbc                        __start_nrf_sections = __nrf_sections_start__
 *(.nrf_sections .nrf_sections.*)
                0x00005dbc                        __nrf_sections_end__ = (__nrf_sections_start__ + SIZEOF (.nrf_sections))
                0x00000000                        __nrf_sections_size__ = SIZEOF (.nrf_sections)
                0x00005dbc                        __nrf_sections_load_end__ = __nrf_sections_end__
                0x00000001                        . = ASSERT (((__nrf_sections_start__ == __nrf_sections_end__) || ((__nrf_sections_end__ - __FLASH_segment_start__) <= __FLASH_segment_size__)), error: .nrf_sections is too large to fit in FLASH memory segment)
                0x00005dbc                        __log_dynamic_data_load_start__ = ALIGN (__nrf_sections_end__, 0x4)

.log_dynamic_data
                0x20000000        0x0 load address 0x00005dbc
                0x20000000                        __log_dynamic_data_start__ = .
 *(SORT_BY_NAME(.log_dynamic_data*))
                0x20000000                        __log_dynamic_data_end__ = (__log_dynamic_data_start__ + SIZEOF (.log_dynamic_data))
                0x00000000                        __log_dynamic_data_size__ = SIZEOF (.log_dynamic_data)
                0x00005dbc                        __log_dynamic_data_load_end__ = (__log_dynamic_data_load_start__ + SIZEOF (.log_dynamic_data))
                0x00000001                        . = ASSERT (((__log_dynamic_data_load_start__ == __log_dynamic_data_load_end__) || ((__log_dynamic_data_load_end__ - __FLASH_segment_start__) <= __FLASH_segment_size__)), error: .log_dynamic_data is too large to fit in FLASH memory segment)

.log_dynamic_data_run
                0x20000000        0x0
                0x20000000                        __log_dynamic_data_run_start__ = .
                0x20000000                        __start_log_dynamic_data = __log_dynamic_data_run_start__
                0x20000000                        __log_dynamic_data_run_end__ = (__log_dynamic_data_run_start__ + SIZEOF (.log_dynamic_data))
                0x00000000                        __log_dynamic_data_run_size__ = (__log_dynamic_data_run_end__ - __log_dynamic_data_run_start__)
                0x20000000                        __stop_log_dynamic_data = __log_dynamic_data_run_end__
                0x20000000                        __log_dynamic_data_run_load_end__ = __log_dynamic_data_run_end__
                0x00000001                        . = ASSERT (((__log_dynamic_data_run_start__ == __log_dynamic_data_run_end__) || ((__log_dynamic_data_run_end__ - __RAM1_segment_start__) <= __RAM1_segment_size__)), error: .log_dynamic_data_run is too large to fit in RAM1 memory segment)
                0x00005dbc                        __log_filter_data_load_start__ = ALIGN ((__log_dynamic_data_load_start__ + SIZEOF (.log_dynamic_data)), 0x4)

.log_filter_data
                0x20000000        0x0 load address 0x00005dbc
                0x20000000                        __log_filter_data_start__ = .
 *(SORT_BY_NAME(.log_filter_data*))
                0x20000000                        __log_filter_data_end__ = (__log_filter_data_start__ + SIZEOF (.log_filter_data))
                0x00000000                        __log_filter_data_size__ = SIZEOF (.log_filter_data)
                0x00005dbc                        __log_filter_data_load_end__ = (__log_filter_data_load_start__ + SIZEOF (.log_filter_data))
                0x00000001                        . = ASSERT (((__log_filter_data_load_start__ == __log_filter_data_load_end__) || ((__log_filter_data_load_end__ - __FLASH_segment_start__) <= __FLASH_segment_size__)), error: .log_filter_data is too large to fit in FLASH memory segment)

.log_filter_data_run
                0x20000000        0x0
                0x20000000                        __log_filter_data_run_start__ = .
                0x20000000                        __start_log_filter_data = __log_filter_data_run_start__
                0x20000000                        __log_filter_data_run_end__ = (__log_filter_data_run_start__ + SIZEOF (.log_filter_data))
                0x00000000                        __log_filter_data_run_size__ = (__log_filter_data_run_end__ - __log_filter_data_run_start__)
                0x20000000                        __stop_log_filter_data = __log_filter_data_run_end__
                0x20000000                        __log_filter_data_run_load_end__ = __log_filter_data_run_end__
                0x00000001                        . = ASSERT (((__log_filter_data_run_start__ == __log_filter_data_run_end__) || ((__log_filter_data_run_end__ - __RAM1_segment_start__) <= __RAM1_segment_size__)), error: .log_filter_data_run is too large to fit in RAM1 memory segment)
                0x20000000                        __nrf_sections_run_end_load_start__ = ALIGN (__log_filter_data_run_end__, 0x4)

.nrf_sections_run_end
                0x20000000        0x0
                0x20000000                        __nrf_sections_run_end_start__ = .
                0x20000000                        __end_nrf_sections_run = __nrf_sections_run_end_start__
 *(.nrf_sections_run_end .nrf_sections_run_end.*)
                0x20000000                        __nrf_sections_run_end_end__ = (__nrf_sections_run_end_start__ + SIZEOF (.nrf_sections_run_end))
                0x00000000                        __nrf_sections_run_end_size__ = SIZEOF (.nrf_sections_run_end)
                0x20000000                        __nrf_sections_run_end_load_end__ = __nrf_sections_run_end_end__
                0x00000001                        . = ASSERT (((__nrf_sections_run_end_start__ == __nrf_sections_run_end_end__) || ((__nrf_sections_run_end_end__ - __RAM1_segment_start__) <= __RAM1_segment_size__)), error: .nrf_sections_run_end is too large to fit in RAM1 memory segment)
                0x00005dbc                        __dtors_load_start__ = ALIGN ((__log_filter_data_load_start__ + SIZEOF (.log_filter_data)), 0x4)

.dtors          0x00005dbc        0x0
                0x00005dbc                        __dtors_start__ = .
 *(SORT_BY_NAME(.dtors.*))
 *(.dtors)
 *(.fini_array)
 *(SORT_BY_NAME(.fini_array.*))
                0x00005dbc                        __dtors_end__ = (__dtors_start__ + SIZEOF (.dtors))
                0x00000000                        __dtors_size__ = SIZEOF (.dtors)
                0x00005dbc                        __dtors_load_end__ = __dtors_end__
                0x00000001                        . = ASSERT (((__dtors_start__ == __dtors_end__) || ((__dtors_end__ - __FLASH_segment_start__) <= __FLASH_segment_size__)), error: .dtors is too large to fit in FLASH memory segment)
                0x00005dbc                        __ctors_load_start__ = ALIGN (__dtors_end__, 0x4)

.ctors          0x00005dbc        0x0
                0x00005dbc                        __ctors_start__ = .
 *(SORT_BY_NAME(.ctors.*))
 *(.ctors)
 *(.init_array)
 *(SORT_BY_NAME(.init_array.*))
                0x00005dbc                        __ctors_end__ = (__ctors_start__ + SIZEOF (.ctors))
                0x00000000                        __ctors_size__ = SIZEOF (.ctors)
                0x00005dbc                        __ctors_load_end__ = __ctors_end__
                0x00000001                        . = ASSERT (((__ctors_start__ == __ctors_end__) || ((__ctors_end__ - __FLASH_segment_start__) <= __FLASH_segment_size__)), error: .ctors is too large to fit in FLASH memory segment)
                0x00005dbc                        __rodata_load_start__ = ALIGN (__ctors_end__, 0x4)

.rodata         0x00005dbc     0x1365
                0x00005dbc                        __rodata_start__ = .
 *(.rodata .rodata.* .gnu.linkonce.r.* .data.rel.ro .data.rel.ro.*)
 .rodata        0x00005dbc      0x160 Output/Debug/Obj/spi_pca10040/main.o
 .rodata.spi    0x00005f1c       0x10 Output/Debug/Obj/spi_pca10040/main.o
 *fill*         0x00005f2c        0x4 
 .rodata.delay_machine_code.1
                0x00005f30        0x6 Output/Debug/Obj/spi_pca10040/main.o
 *fill*         0x00005f36        0x2 
 .rodata.default_config.0
                0x00005f38        0x4 Output/Debug/Obj/spi_pca10040/main.o
 .rodata        0x00005f3c       0x86 Output/Debug/Obj/spi_pca10040/boards.o
 *fill*         0x00005fc2        0x2 
 .rodata.m_board_led_list
                0x00005fc4        0x4 Output/Debug/Obj/spi_pca10040/boards.o
 .rodata.m_board_btn_list
                0x00005fc8        0x4 Output/Debug/Obj/spi_pca10040/boards.o
 .rodata        0x00005fcc       0x10 Output/Debug/Obj/spi_pca10040/nrf_drv_spi.o
 .rodata        0x00005fdc       0xca Output/Debug/Obj/spi_pca10040/nrfx_gpiote.o
 *fill*         0x000060a6        0x2 
 .rodata        0x000060a8       0x67 Output/Debug/Obj/spi_pca10040/nrfx_prs.o
 *fill*         0x0000610f        0x1 
 .rodata        0x00006110       0xc9 Output/Debug/Obj/spi_pca10040/nrfx_saadc.o
 *fill*         0x000061d9        0x3 
 .rodata        0x000061dc       0xda Output/Debug/Obj/spi_pca10040/nrfx_spim.o
 *fill*         0x000062b6        0x2 
 .rodata.irq_handlers.0
                0x000062b8        0x4 Output/Debug/Obj/spi_pca10040/nrfx_spim.o
 .rodata        0x000062bc       0xc8 Output/Debug/Obj/spi_pca10040/nrfx_uart.o
 .rodata        0x00006384       0xc9 Output/Debug/Obj/spi_pca10040/nrfx_uarte.o
 *fill*         0x0000644d        0x3 
 .rodata        0x00006450       0x70 Output/Debug/Obj/spi_pca10040/app_button.o
 .rodata        0x000064c0       0x70 Output/Debug/Obj/spi_pca10040/app_error_weak.o
 .rodata        0x00006530       0x74 Output/Debug/Obj/spi_pca10040/app_timer2.o
 .rodata        0x000065a4       0x69 Output/Debug/Obj/spi_pca10040/app_util_platform.o
 *fill*         0x0000660d        0x3 
 .rodata        0x00006610       0x64 Output/Debug/Obj/spi_pca10040/nrf_balloc.o
 .rodata        0x00006674       0x5a Output/Debug/Obj/spi_pca10040/nrf_fprintf.o
 *fill*         0x000066ce        0x2 
 .rodata        0x000066d0       0x61 Output/Debug/Obj/spi_pca10040/nrf_fprintf_format.o
 *fill*         0x00006731        0x3 
 .rodata._aV2C.0
                0x00006734       0x10 Output/Debug/Obj/spi_pca10040/nrf_fprintf_format.o
 .rodata        0x00006744       0x64 Output/Debug/Obj/spi_pca10040/nrf_memobj.o
 .rodata        0x000067a8       0x74 Output/Debug/Obj/spi_pca10040/nrf_sortlist.o
 .rodata.m_unknown_str
                0x0000681c       0x13 Output/Debug/Obj/spi_pca10040/nrf_strerror.o
 *fill*         0x0000682f        0x1 
 .rodata        0x00006830      0x3bd Output/Debug/Obj/spi_pca10040/nrf_strerror.o
 *fill*         0x00006bed        0x3 
 .rodata.nrf_strerror_array
                0x00006bf0      0x118 Output/Debug/Obj/spi_pca10040/nrf_strerror.o
 .rodata.nrf_log_backend_rtt_api
                0x00006d08        0xc Output/Debug/Obj/spi_pca10040/nrf_log_backend_rtt.o
                0x00006d08                nrf_log_backend_rtt_api
 *fill*         0x00006d14        0xc 
 .rodata.delay_machine_code.0
                0x00006d20        0x6 Output/Debug/Obj/spi_pca10040/nrf_log_backend_rtt.o
 *fill*         0x00006d26        0x2 
 .rodata        0x00006d28       0x83 Output/Debug/Obj/spi_pca10040/nrf_log_default_backends.o
 *fill*         0x00006dab        0x1 
 .rodata.m_log_push_ringbuf
                0x00006dac        0xc Output/Debug/Obj/spi_pca10040/nrf_log_frontend.o
 .rodata        0x00006db8       0x81 Output/Debug/Obj/spi_pca10040/nrf_log_frontend.o
 *fill*         0x00006e39        0x3 
 .rodata        0x00006e3c       0xaa Output/Debug/Obj/spi_pca10040/nrf_log_str_formatter.o
 *fill*         0x00006ee6        0x2 
 .rodata        0x00006ee8       0x17 Output/Debug/Obj/spi_pca10040/SEGGER_RTT.o
 *fill*         0x00006eff        0x1 
 .rodata.libc.__SEGGER_RTL_c_locale
                0x00006f00        0xc /Applications/SEGGER/SEGGER Embedded Studio 8.24/lib/mbops_timeops_v7em_fpv4_sp_d16_hard_t_le_eabi_balanced.a(mbops.o)
                0x00006f00                __SEGGER_RTL_c_locale
 .rodata.libc.__SEGGER_RTL_c_locale_day_names
                0x00006f0c       0x3a /Applications/SEGGER/SEGGER Embedded Studio 8.24/lib/mbops_timeops_v7em_fpv4_sp_d16_hard_t_le_eabi_balanced.a(mbops.o)
                0x00006f0c                __SEGGER_RTL_c_locale_day_names
 .rodata.libc.__SEGGER_RTL_c_locale_month_names
                0x00006f46       0x57 /Applications/SEGGER/SEGGER Embedded Studio 8.24/lib/mbops_timeops_v7em_fpv4_sp_d16_hard_t_le_eabi_balanced.a(mbops.o)
                0x00006f46                __SEGGER_RTL_c_locale_month_names
 .rodata.libc.__SEGGER_RTL_c_locale_am_pm_indicator
                0x00006f9d        0x7 /Applications/SEGGER/SEGGER Embedded Studio 8.24/lib/mbops_timeops_v7em_fpv4_sp_d16_hard_t_le_eabi_balanced.a(mbops.o)
                0x00006f9d                __SEGGER_RTL_c_locale_am_pm_indicator
 .rodata.libc.__SEGGER_RTL_c_locale_date_format
                0x00006fa4        0x9 /Applications/SEGGER/SEGGER Embedded Studio 8.24/lib/mbops_timeops_v7em_fpv4_sp_d16_hard_t_le_eabi_balanced.a(mbops.o)
                0x00006fa4                __SEGGER_RTL_c_locale_date_format
 .rodata.libc.__SEGGER_RTL_c_locale_time_format
                0x00006fad        0x9 /Applications/SEGGER/SEGGER Embedded Studio 8.24/lib/mbops_timeops_v7em_fpv4_sp_d16_hard_t_le_eabi_balanced.a(mbops.o)
                0x00006fad                __SEGGER_RTL_c_locale_time_format
 .rodata.libc.__SEGGER_RTL_c_locale_date_time_format
                0x00006fb6        0xf /Applications/SEGGER/SEGGER Embedded Studio 8.24/lib/mbops_timeops_v7em_fpv4_sp_d16_hard_t_le_eabi_balanced.a(mbops.o)
                0x00006fb6                __SEGGER_RTL_c_locale_date_time_format
 .rodata.libc..L.str
                0x00006fc5        0x2 /Applications/SEGGER/SEGGER Embedded Studio 8.24/lib/mbops_timeops_v7em_fpv4_sp_d16_hard_t_le_eabi_balanced.a(mbops.o)
 *fill*         0x00006fc7        0x1 
 .rodata.libc.__SEGGER_RTL_codeset_ascii
                0x00006fc8       0x20 /Applications/SEGGER/SEGGER Embedded Studio 8.24/lib/mbops_timeops_v7em_fpv4_sp_d16_hard_t_le_eabi_balanced.a(mbops.o)
                0x00006fc8                __SEGGER_RTL_codeset_ascii
 .rodata.libc.__SEGGER_RTL_c_locale_abbrev_day_names
                0x00006fe8       0x1d /Applications/SEGGER/SEGGER Embedded Studio 8.24/lib/mbops_timeops_v7em_fpv4_sp_d16_hard_t_le_eabi_balanced.a(mbops.o)
                0x00006fe8                __SEGGER_RTL_c_locale_abbrev_day_names
 .rodata.libc.__SEGGER_RTL_c_locale_abbrev_month_names
                0x00007005       0x31 /Applications/SEGGER/SEGGER Embedded Studio 8.24/lib/mbops_timeops_v7em_fpv4_sp_d16_hard_t_le_eabi_balanced.a(mbops.o)
                0x00007005                __SEGGER_RTL_c_locale_abbrev_month_names
 .rodata.libc.__SEGGER_RTL_data_utf8_period
                0x00007036        0x2 /Applications/SEGGER/SEGGER Embedded Studio 8.24/lib/mbops_timeops_v7em_fpv4_sp_d16_hard_t_le_eabi_balanced.a(mbops.o)
                0x00007036                __SEGGER_RTL_data_utf8_period
 .rodata.libc.__SEGGER_RTL_data_empty_string
                0x00007038        0x1 /Applications/SEGGER/SEGGER Embedded Studio 8.24/lib/mbops_timeops_v7em_fpv4_sp_d16_hard_t_le_eabi_balanced.a(mbops.o)
                0x00007038                __SEGGER_RTL_data_empty_string
 *fill*         0x00007039        0x3 
 .rodata.libc.__SEGGER_RTL_c_locale_data
                0x0000703c       0x58 /Applications/SEGGER/SEGGER Embedded Studio 8.24/lib/mbops_timeops_v7em_fpv4_sp_d16_hard_t_le_eabi_balanced.a(mbops.o)
                0x0000703c                __SEGGER_RTL_c_locale_data
 .rodata.libc.__SEGGER_RTL_ascii_ctype_map
                0x00007094       0x80 /Applications/SEGGER/SEGGER Embedded Studio 8.24/lib/mbops_timeops_v7em_fpv4_sp_d16_hard_t_le_eabi_balanced.a(mbops.o)
 .rodata.libc.__SEGGER_RTL_ascii_ctype_mask
                0x00007114        0xd /Applications/SEGGER/SEGGER Embedded Studio 8.24/lib/mbops_timeops_v7em_fpv4_sp_d16_hard_t_le_eabi_balanced.a(mbops.o)
                0x00007121                        __rodata_end__ = (__rodata_start__ + SIZEOF (.rodata))
                0x00001365                        __rodata_size__ = SIZEOF (.rodata)
                0x00007121                        __rodata_load_end__ = __rodata_end__

.rel.dyn        0x00007124        0x0
 .rel.iplt      0x00007124        0x0 Output/Debug/Obj/spi_pca10040/main.o
                0x00000001                        . = ASSERT (((__rodata_start__ == __rodata_end__) || ((__rodata_end__ - __FLASH_segment_start__) <= __FLASH_segment_size__)), error: .rodata is too large to fit in FLASH memory segment)
                0x00007124                        __ARM.exidx_load_start__ = ALIGN (__rodata_end__, 0x4)

.ARM.exidx      0x00007124        0x0
                0x00007124                        __ARM.exidx_start__ = .
                0x00007124                        __exidx_start = __ARM.exidx_start__
 *(.ARM.exidx .ARM.exidx.*)
                0x00007124                        __ARM.exidx_end__ = (__ARM.exidx_start__ + SIZEOF (.ARM.exidx))
                0x00000000                        __ARM.exidx_size__ = SIZEOF (.ARM.exidx)
                0x00007124                        __exidx_end = __ARM.exidx_end__
                0x00007124                        __ARM.exidx_load_end__ = __ARM.exidx_end__
                0x00000001                        . = ASSERT (((__ARM.exidx_start__ == __ARM.exidx_end__) || ((__ARM.exidx_end__ - __FLASH_segment_start__) <= __FLASH_segment_size__)), error: .ARM.exidx is too large to fit in FLASH memory segment)
                0x00007124                        __fast_load_start__ = ALIGN (__ARM.exidx_end__, 0x4)

.fast           0x20000000        0x0 load address 0x00007124
                0x20000000                        __fast_start__ = .
 *(.fast .fast.*)
                0x20000000                        __fast_end__ = (__fast_start__ + SIZEOF (.fast))
                0x00000000                        __fast_size__ = SIZEOF (.fast)
                0x00007124                        __fast_load_end__ = (__fast_load_start__ + SIZEOF (.fast))
                0x00000001                        . = ASSERT (((__fast_load_start__ == __fast_load_end__) || ((__fast_load_end__ - __FLASH_segment_start__) <= __FLASH_segment_size__)), error: .fast is too large to fit in FLASH memory segment)

.fast_run       0x20000000        0x0
                0x20000000                        __fast_run_start__ = .
                0x20000000                        __fast_run_end__ = (__fast_run_start__ + SIZEOF (.fast))
                0x00000000                        __fast_run_size__ = (__fast_run_end__ - __fast_run_start__)
                0x20000000                        __fast_run_load_end__ = __fast_run_end__
                0x00000001                        . = ASSERT (((__fast_run_start__ == __fast_run_end__) || ((__fast_run_end__ - __RAM1_segment_start__) <= __RAM1_segment_size__)), error: .fast_run is too large to fit in RAM1 memory segment)
                0x00007124                        __data_load_start__ = ALIGN ((__fast_load_start__ + SIZEOF (.fast)), 0x4)

.data           0x20000000       0x64 load address 0x00007124
                0x20000000                        __data_start__ = .
 *(.data .data.* .gnu.linkonce.d.*)
 .data.m_tx_dac_use_internal_ref
                0x20000000        0x3 Output/Debug/Obj/spi_pca10040/main.o
 *fill*         0x20000003        0x1 
 .data.m_tx_dac_set_500mV
                0x20000004        0x3 Output/Debug/Obj/spi_pca10040/main.o
 *fill*         0x20000007        0x1 
 .data.SystemCoreClock
                0x20000008        0x4 Output/Debug/Obj/spi_pca10040/system_nrf52.o
                0x20000008                SystemCoreClock
 .data.log_backend_cb_rtt_log_backend
                0x2000000c        0x8 Output/Debug/Obj/spi_pca10040/nrf_log_default_backends.o
 .data.m_buffer_mask
                0x20000014        0x4 Output/Debug/Obj/spi_pca10040/nrf_log_frontend.o
 .data.severity_names
                0x20000018       0x14 Output/Debug/Obj/spi_pca10040/nrf_log_str_formatter.o
 .data.m_colors
                0x2000002c       0x24 Output/Debug/Obj/spi_pca10040/nrf_log_str_formatter.o
 .data.libc.__SEGGER_RTL_global_locale
                0x20000050       0x14 /Applications/SEGGER/SEGGER Embedded Studio 8.24/lib/mbops_timeops_v7em_fpv4_sp_d16_hard_t_le_eabi_balanced.a(mbops.o)
                0x20000050                __RAL_global_locale
                0x20000050                __SEGGER_RTL_global_locale
                0x20000064                        __data_end__ = (__data_start__ + SIZEOF (.data))
                0x00000064                        __data_size__ = SIZEOF (.data)
                0x00007188                        __data_load_end__ = (__data_load_start__ + SIZEOF (.data))

.igot.plt       0x00000000        0x0
 .igot.plt      0x00000000        0x0 Output/Debug/Obj/spi_pca10040/main.o
                0x00000001                        . = ASSERT (((__data_load_start__ == __data_load_end__) || ((__data_load_end__ - __FLASH_segment_start__) <= __FLASH_segment_size__)), error: .data is too large to fit in FLASH memory segment)

.data_run       0x20000000        0x0
                0x20000000                        __data_run_start__ = .
                0x20000064                        __data_run_end__ = (__data_run_start__ + SIZEOF (.data))
                0x00000064                        __data_run_size__ = (__data_run_end__ - __data_run_start__)
                0x20000064                        __data_run_load_end__ = __data_run_end__
                0x00000001                        . = ASSERT (((__data_run_start__ == __data_run_end__) || ((__data_run_end__ - __RAM1_segment_start__) <= __RAM1_segment_size__)), error: .data_run is too large to fit in RAM1 memory segment)
                0x00007188                        __tdata_load_start__ = ALIGN ((__data_load_start__ + SIZEOF (.data)), 0x4)

.tdata          0x20000064        0x0 load address 0x00007188
                0x20000064                        __tdata_start__ = .
 *(.tdata .tdata.*)
                0x20000064                        __tdata_end__ = (__tdata_start__ + SIZEOF (.tdata))
                0x00000000                        __tdata_size__ = SIZEOF (.tdata)
                0x00007188                        __tdata_load_end__ = (__tdata_load_start__ + SIZEOF (.tdata))
                0x00007188                        __FLASH_segment_used_end__ = (ALIGN ((__data_load_start__ + SIZEOF (.data)), 0x4) + SIZEOF (.tdata))
                0x00007188                        __FLASH_segment_used_size__ = (__FLASH_segment_used_end__ - __FLASH_segment_start__)
                0x00000001                        . = ASSERT (((__tdata_load_start__ == __tdata_load_end__) || ((__tdata_load_end__ - __FLASH_segment_start__) <= __FLASH_segment_size__)), error: .tdata is too large to fit in FLASH memory segment)

.tdata_run      0x20000064        0x0
                0x20000064                        __tdata_run_start__ = .
                0x20000064                        __tdata_run_end__ = (__tdata_run_start__ + SIZEOF (.tdata))
                0x00000000                        __tdata_run_size__ = (__tdata_run_end__ - __tdata_run_start__)
                0x20000064                        __tdata_run_load_end__ = __tdata_run_end__
                0x00000001                        . = ASSERT (((__tdata_run_start__ == __tdata_run_end__) || ((__tdata_run_end__ - __RAM1_segment_start__) <= __RAM1_segment_size__)), error: .tdata_run is too large to fit in RAM1 memory segment)
                0x20000064                        __bss_load_start__ = ALIGN (__tdata_run_end__, 0x4)

.bss            0x20000064      0xb7c
                0x20000064                        __bss_start__ = .
 *(.bss .bss.* .gnu.linkonce.b.*)
 .bss.spi_xfer_done
                0x20000064        0x1 Output/Debug/Obj/spi_pca10040/main.o
 *fill*         0x20000065        0x3 
 .bss.m_handlers
                0x20000068        0xc Output/Debug/Obj/spi_pca10040/nrf_drv_spi.o
 .bss.m_contexts
                0x20000074        0xc Output/Debug/Obj/spi_pca10040/nrf_drv_spi.o
 .bss.m_cb      0x20000080       0x5c Output/Debug/Obj/spi_pca10040/nrfx_gpiote.o
 .bss.m_prs_box_4
                0x200000dc        0x8 Output/Debug/Obj/spi_pca10040/nrfx_prs.o
 .bss.m_cb      0x200000e4       0x30 Output/Debug/Obj/spi_pca10040/nrfx_saadc.o
 .bss.m_cb      0x20000114       0x24 Output/Debug/Obj/spi_pca10040/nrfx_spim.o
 .bss.m_error_data.0
                0x20000138       0x20 Output/Debug/Obj/spi_pca10040/app_error.o
 .bss.m_in_critical_region
                0x20000158        0x4 Output/Debug/Obj/spi_pca10040/app_util_platform.o
 .bss.m_handlers
                0x2000015c        0x4 Output/Debug/Obj/spi_pca10040/drv_rtc.o
 .bss.m_cb      0x20000160        0x8 Output/Debug/Obj/spi_pca10040/drv_rtc.o
 .bss.m_host_present
                0x20000168        0x1 Output/Debug/Obj/spi_pca10040/nrf_log_backend_rtt.o
 *fill*         0x20000169        0x3 
 .bss.m_string_buff
                0x2000016c       0x40 Output/Debug/Obj/spi_pca10040/nrf_log_backend_rtt.o
 .bss.log_mempool_nrf_balloc_pool_stack
                0x200001ac       0x14 Output/Debug/Obj/spi_pca10040/nrf_log_frontend.o
 .bss.log_mempool_nrf_balloc_pool_mem
                0x200001c0      0x2d0 Output/Debug/Obj/spi_pca10040/nrf_log_frontend.o
 .bss.log_mempool_nrf_balloc_cb
                0x20000490        0x8 Output/Debug/Obj/spi_pca10040/nrf_log_frontend.o
 .bss.m_log_push_ringbuf_buf
                0x20000498       0x80 Output/Debug/Obj/spi_pca10040/nrf_log_frontend.o
 .bss.m_log_push_ringbuf_cb
                0x20000518       0x18 Output/Debug/Obj/spi_pca10040/nrf_log_frontend.o
 .bss.m_log_data
                0x20000530      0x420 Output/Debug/Obj/spi_pca10040/nrf_log_frontend.o
 .bss._SEGGER_RTT
                0x20000950       0x78 Output/Debug/Obj/spi_pca10040/SEGGER_RTT.o
                0x20000950                _SEGGER_RTT
 .bss._acUpBuffer
                0x200009c8      0x200 Output/Debug/Obj/spi_pca10040/SEGGER_RTT.o
 .bss._acDownBuffer
                0x20000bc8       0x10 Output/Debug/Obj/spi_pca10040/SEGGER_RTT.o
 .bss.libc.__SEGGER_RTL_heap_globals.0
                0x20000bd8        0x4 /Applications/SEGGER/SEGGER Embedded Studio 8.24/lib/heapops_basic_v7em_fpv4_sp_d16_hard_t_le_eabi_balanced.a(heapops_basic.o)
 .bss.libc.__SEGGER_RTL_locale_ptr
                0x20000bdc        0x4 /Applications/SEGGER/SEGGER Embedded Studio 8.24/lib/mbops_timeops_v7em_fpv4_sp_d16_hard_t_le_eabi_balanced.a(mbops.o)
                0x20000bdc                __SEGGER_RTL_locale_ptr
 *(COMMON)
                0x20000be0                        __bss_end__ = (__bss_start__ + SIZEOF (.bss))
                0x00000b7c                        __bss_size__ = SIZEOF (.bss)
                0x20000be0                        __bss_load_end__ = __bss_end__
                0x00000001                        . = ASSERT (((__bss_start__ == __bss_end__) || ((__bss_end__ - __RAM1_segment_start__) <= __RAM1_segment_size__)), error: .bss is too large to fit in RAM1 memory segment)
                0x20000be0                        __tbss_load_start__ = ALIGN (__bss_end__, 0x4)

.tbss           0x20000be0        0x0
                0x20000be0                        __tbss_start__ = .
 *(.tbss .tbss.*)
                0x20000be0                        __tbss_end__ = (__tbss_start__ + SIZEOF (.tbss))
                0x00000000                        __tbss_size__ = SIZEOF (.tbss)
                0x20000be0                        __tbss_load_end__ = __tbss_end__
                0x00000001                        . = ASSERT (((__tbss_start__ == __tbss_end__) || ((__tbss_end__ - __RAM1_segment_start__) <= __RAM1_segment_size__)), error: .tbss is too large to fit in RAM1 memory segment)
                0x20000be0                        __non_init_load_start__ = ALIGN (__tbss_end__, 0x4)

.non_init       0x20000be0        0x0
                0x20000be0                        __non_init_start__ = .
 *(.non_init .non_init.*)
                0x20000be0                        __non_init_end__ = (__non_init_start__ + SIZEOF (.non_init))
                0x00000000                        __non_init_size__ = SIZEOF (.non_init)
                0x20000be0                        __non_init_load_end__ = __non_init_end__
                0x00000001                        . = ASSERT (((__non_init_start__ == __non_init_end__) || ((__non_init_end__ - __RAM1_segment_start__) <= __RAM1_segment_size__)), error: .non_init is too large to fit in RAM1 memory segment)
                0x20000be0                        __heap_load_start__ = ALIGN (__non_init_end__, 0x4)

.heap           0x20000be0     0x2000
                0x20000be0                        __heap_start__ = .
 *(.heap .heap.*)
                0x20002be0                        . = ALIGN (MAX ((__heap_start__ + __HEAPSIZE__), .), 0x4)
 *fill*         0x20000be0     0x2000 
                0x20002be0                        __heap_end__ = (__heap_start__ + SIZEOF (.heap))
                0x00002000                        __heap_size__ = SIZEOF (.heap)
                0x20002be0                        __heap_load_end__ = __heap_end__
                0x00000001                        . = ASSERT (((__heap_start__ == __heap_end__) || ((__heap_end__ - __RAM1_segment_start__) <= __RAM1_segment_size__)), error: .heap is too large to fit in RAM1 memory segment)
                0x00000001                        . = ASSERT ((__HEAPSIZE__ == ALIGN (__HEAPSIZE__, 0x4)), error: .heap section size does not match alignment)
                0x00000001                        . = ASSERT ((__heap_size__ <= __HEAPSIZE__), error: .heap section is larger than specified size)
                0x2000e000                        __stack_load_start__ = (__RAM1_segment_start__ + (__RAM1_segment_size__ - 0x2000))

.stack          0x2000e000     0x2000
                0x2000e000                        __stack_start__ = .
                0x2000e000                        __StackLimit = __stack_start__
 *(.stack .stack.*)
                0x20010000                        . = ALIGN (MAX ((__stack_start__ + __STACKSIZE__), .), 0x8)
 *fill*         0x2000e000     0x2000 
                0x20010000                        __stack_end__ = (__stack_start__ + SIZEOF (.stack))
                0x00002000                        __stack_size__ = SIZEOF (.stack)
                0x20010000                        __StackTop = __stack_end__
                0x20010000                        __stack_load_end__ = __stack_end__
                0x00000001                        . = ASSERT (((__stack_start__ == __stack_end__) || ((__stack_end__ - __RAM1_segment_start__) <= __RAM1_segment_size__)), error: .stack is too large to fit in RAM1 memory segment)
                0x00000001                        . = ASSERT ((__heap_end__ <= __stack_start__), error: section .heap overlaps absolute placed section .stack)
                0x00000001                        . = ASSERT ((__STACKSIZE__ == ALIGN (__STACKSIZE__, 0x8)), error: .stack section size does not match alignment)
                0x00000001                        . = ASSERT ((__stack_size__ <= __STACKSIZE__), error: .stack section is larger than specified size)
                0x20010000                        __stack_process_load_start__ = ALIGN (__stack_end__, 0x8)

.stack_process  0x20010000        0x0
                0x20010000                        __stack_process_start__ = .
 *(.stack_process .stack_process.*)
                0x20010000                        . = ALIGN (MAX ((__stack_process_start__ + __STACKSIZE_PROCESS__), .), 0x8)
                0x20010000                        __stack_process_end__ = (__stack_process_start__ + SIZEOF (.stack_process))
                0x00000000                        __stack_process_size__ = SIZEOF (.stack_process)
                0x20010000                        __stack_process_load_end__ = __stack_process_end__
                0x20010000                        __RAM1_segment_used_end__ = (ALIGN (__stack_end__, 0x8) + SIZEOF (.stack_process))
                0x00010000                        __RAM1_segment_used_size__ = (__RAM1_segment_used_end__ - __RAM1_segment_start__)
                0x00000001                        . = ASSERT (((__stack_process_start__ == __stack_process_end__) || ((__stack_process_end__ - __RAM1_segment_start__) <= __RAM1_segment_size__)), error: .stack_process is too large to fit in RAM1 memory segment)
                0x00000001                        . = ASSERT ((__STACKSIZE_PROCESS__ == ALIGN (__STACKSIZE_PROCESS__, 0x8)), error: .stack_process section size does not match alignment)
                0x00000001                        . = ASSERT ((__stack_process_size__ <= __STACKSIZE_PROCESS__), error: .stack_process section is larger than specified size)
                0x00002000                        __STACKSIZE__ = 0x2000
                0x00000000                        __STACKSIZE_PROCESS__ = 0x0
                0x00002000                        __HEAPSIZE__ = 0x2000
                0x00000000                        __SEGGER_RTL_vfprintf = __SEGGER_RTL_vfprintf_long
                0x00000000                        __SEGGER_RTL_vfscanf = __SEGGER_RTL_vfscanf_long
START GROUP
LOAD Output/Debug/Obj/spi_pca10040/main.o
LOAD Output/Debug/Obj/spi_pca10040/meas.o
LOAD Output/Debug/Obj/spi_pca10040/boards.o
LOAD Output/Debug/Obj/spi_pca10040/bsp.o
LOAD Output/Debug/Obj/spi_pca10040/ses_startup_nrf52.o
LOAD Output/Debug/Obj/spi_pca10040/ses_startup_nrf_common.o
LOAD Output/Debug/Obj/spi_pca10040/system_nrf52.o
LOAD Output/Debug/Obj/spi_pca10040/nrf_drv_spi.o
LOAD Output/Debug/Obj/spi_pca10040/nrf_drv_uart.o
LOAD Output/Debug/Obj/spi_pca10040/nrfx_atomic.o
LOAD Output/Debug/Obj/spi_pca10040/nrfx_gpiote.o
LOAD Output/Debug/Obj/spi_pca10040/nrfx_ppi.o
LOAD Output/Debug/Obj/spi_pca10040/nrfx_prs.o
LOAD Output/Debug/Obj/spi_pca10040/nrfx_saadc.o
LOAD Output/Debug/Obj/spi_pca10040/nrfx_spi.o
LOAD Output/Debug/Obj/spi_pca10040/nrfx_spim.o
LOAD Output/Debug/Obj/spi_pca10040/nrfx_timer.o
LOAD Output/Debug/Obj/spi_pca10040/nrfx_uart.o
LOAD Output/Debug/Obj/spi_pca10040/nrfx_uarte.o
LOAD Output/Debug/Obj/spi_pca10040/app_button.o
LOAD Output/Debug/Obj/spi_pca10040/app_error.o
LOAD Output/Debug/Obj/spi_pca10040/app_error_handler_gcc.o
LOAD Output/Debug/Obj/spi_pca10040/app_error_weak.o
LOAD Output/Debug/Obj/spi_pca10040/app_scheduler.o
LOAD Output/Debug/Obj/spi_pca10040/app_timer2.o
LOAD Output/Debug/Obj/spi_pca10040/app_util_platform.o
LOAD Output/Debug/Obj/spi_pca10040/drv_rtc.o
LOAD Output/Debug/Obj/spi_pca10040/nrf_assert.o
LOAD Output/Debug/Obj/spi_pca10040/nrf_atfifo.o
LOAD Output/Debug/Obj/spi_pca10040/nrf_atomic.o
LOAD Output/Debug/Obj/spi_pca10040/nrf_balloc.o
LOAD Output/Debug/Obj/spi_pca10040/nrf_fprintf.o
LOAD Output/Debug/Obj/spi_pca10040/nrf_fprintf_format.o
LOAD Output/Debug/Obj/spi_pca10040/nrf_memobj.o
LOAD Output/Debug/Obj/spi_pca10040/nrf_ringbuf.o
LOAD Output/Debug/Obj/spi_pca10040/nrf_sortlist.o
LOAD Output/Debug/Obj/spi_pca10040/nrf_strerror.o
LOAD Output/Debug/Obj/spi_pca10040/nrf_log_backend_rtt.o
LOAD Output/Debug/Obj/spi_pca10040/nrf_log_backend_serial.o
LOAD Output/Debug/Obj/spi_pca10040/nrf_log_backend_uart.o
LOAD Output/Debug/Obj/spi_pca10040/nrf_log_default_backends.o
LOAD Output/Debug/Obj/spi_pca10040/nrf_log_frontend.o
LOAD Output/Debug/Obj/spi_pca10040/nrf_log_str_formatter.o
LOAD Output/Debug/Obj/spi_pca10040/SEGGER_RTT.o
LOAD Output/Debug/Obj/spi_pca10040/SEGGER_RTT_printf.o
LOAD Output/Debug/Obj/spi_pca10040/thumb_crt0.o
LOAD /Applications/SEGGER/SEGGER Embedded Studio 8.24/lib/libc_v7em_fpv4_sp_d16_hard_t_le_eabi_balanced.a
LOAD /Applications/SEGGER/SEGGER Embedded Studio 8.24/lib/heapops_basic_v7em_fpv4_sp_d16_hard_t_le_eabi_balanced.a
LOAD /Applications/SEGGER/SEGGER Embedded Studio 8.24/lib/heapops_disable_interrupts_locking_v7em_fpv4_sp_d16_hard_t_le_eabi_balanced.a
LOAD /Applications/SEGGER/SEGGER Embedded Studio 8.24/lib/strops_unaligned_v7em_fpv4_sp_d16_hard_t_le_eabi_balanced.a
LOAD /Applications/SEGGER/SEGGER Embedded Studio 8.24/lib/mbops_timeops_v7em_fpv4_sp_d16_hard_t_le_eabi_balanced.a
END GROUP
OUTPUT(/Users/rahilpasha/Desktop/combined_nRF5_SDK_17.0.2_d674dde/examples/peripheral/spi/pca10040/blank/ses/Output/Debug/Exe/spi_pca10040.elf elf32-littlearm)
LOAD linker stubs

.debug_info     0x00000000    0x1b3ba
 .debug_info    0x00000000     0x1c76 Output/Debug/Obj/spi_pca10040/main.o
 .debug_info    0x00001c76      0x936 Output/Debug/Obj/spi_pca10040/boards.o
 .debug_info    0x000025ac       0x23 Output/Debug/Obj/spi_pca10040/ses_startup_nrf52.o
 .debug_info    0x000025cf       0x23 Output/Debug/Obj/spi_pca10040/ses_startup_nrf_common.o
 .debug_info    0x000025f2     0x40f4 Output/Debug/Obj/spi_pca10040/system_nrf52.o
 .debug_info    0x000066e6      0xf1e Output/Debug/Obj/spi_pca10040/nrf_drv_spi.o
 .debug_info    0x00007604     0x221b Output/Debug/Obj/spi_pca10040/nrfx_gpiote.o
 .debug_info    0x0000981f      0x796 Output/Debug/Obj/spi_pca10040/nrfx_prs.o
 .debug_info    0x00009fb5     0x1a57 Output/Debug/Obj/spi_pca10040/nrfx_saadc.o
 .debug_info    0x0000ba0c     0x1c27 Output/Debug/Obj/spi_pca10040/nrfx_spim.o
 .debug_info    0x0000d633     0x1e8c Output/Debug/Obj/spi_pca10040/nrfx_uart.o
 .debug_info    0x0000f4bf     0x1fd5 Output/Debug/Obj/spi_pca10040/nrfx_uarte.o
 .debug_info    0x00011494      0x9d6 Output/Debug/Obj/spi_pca10040/app_button.o
 .debug_info    0x00011e6a      0x289 Output/Debug/Obj/spi_pca10040/app_error.o
 .debug_info    0x000120f3      0x108 Output/Debug/Obj/spi_pca10040/app_error_handler_gcc.o
 .debug_info    0x000121fb      0x3b1 Output/Debug/Obj/spi_pca10040/app_error_weak.o
 .debug_info    0x000125ac     0x110d Output/Debug/Obj/spi_pca10040/app_timer2.o
 .debug_info    0x000136b9      0x74f Output/Debug/Obj/spi_pca10040/app_util_platform.o
 .debug_info    0x00013e08     0x13e0 Output/Debug/Obj/spi_pca10040/drv_rtc.o
 .debug_info    0x000151e8      0x135 Output/Debug/Obj/spi_pca10040/nrf_assert.o
 .debug_info    0x0001531d      0x880 Output/Debug/Obj/spi_pca10040/nrf_atomic.o
 .debug_info    0x00015b9d      0x322 Output/Debug/Obj/spi_pca10040/nrf_balloc.o
 .debug_info    0x00015ebf      0x23c Output/Debug/Obj/spi_pca10040/nrf_fprintf.o
 .debug_info    0x000160fb      0x4ca Output/Debug/Obj/spi_pca10040/nrf_fprintf_format.o
 .debug_info    0x000165c5      0x76a Output/Debug/Obj/spi_pca10040/nrf_memobj.o
 .debug_info    0x00016d2f      0x518 Output/Debug/Obj/spi_pca10040/nrf_ringbuf.o
 .debug_info    0x00017247      0x38e Output/Debug/Obj/spi_pca10040/nrf_sortlist.o
 .debug_info    0x000175d5      0x1d0 Output/Debug/Obj/spi_pca10040/nrf_strerror.o
 .debug_info    0x000177a5      0x482 Output/Debug/Obj/spi_pca10040/nrf_log_backend_rtt.o
 .debug_info    0x00017c27      0x6ed Output/Debug/Obj/spi_pca10040/nrf_log_backend_serial.o
 .debug_info    0x00018314      0x2dd Output/Debug/Obj/spi_pca10040/nrf_log_default_backends.o
 .debug_info    0x000185f1     0x1a51 Output/Debug/Obj/spi_pca10040/nrf_log_frontend.o
 .debug_info    0x0001a042      0x513 Output/Debug/Obj/spi_pca10040/nrf_log_str_formatter.o
 .debug_info    0x0001a555      0xe43 Output/Debug/Obj/spi_pca10040/SEGGER_RTT.o
 .debug_info    0x0001b398       0x22 Output/Debug/Obj/spi_pca10040/thumb_crt0.o

.debug_abbrev   0x00000000     0x4a2e
 .debug_abbrev  0x00000000      0x44d Output/Debug/Obj/spi_pca10040/main.o
 .debug_abbrev  0x0000044d      0x269 Output/Debug/Obj/spi_pca10040/boards.o
 .debug_abbrev  0x000006b6       0x14 Output/Debug/Obj/spi_pca10040/ses_startup_nrf52.o
 .debug_abbrev  0x000006ca       0x14 Output/Debug/Obj/spi_pca10040/ses_startup_nrf_common.o
 .debug_abbrev  0x000006de      0x261 Output/Debug/Obj/spi_pca10040/system_nrf52.o
 .debug_abbrev  0x0000093f      0x23f Output/Debug/Obj/spi_pca10040/nrf_drv_spi.o
 .debug_abbrev  0x00000b7e      0x3bc Output/Debug/Obj/spi_pca10040/nrfx_gpiote.o
 .debug_abbrev  0x00000f3a      0x205 Output/Debug/Obj/spi_pca10040/nrfx_prs.o
 .debug_abbrev  0x0000113f      0x40c Output/Debug/Obj/spi_pca10040/nrfx_saadc.o
 .debug_abbrev  0x0000154b      0x346 Output/Debug/Obj/spi_pca10040/nrfx_spim.o
 .debug_abbrev  0x00001891      0x3ce Output/Debug/Obj/spi_pca10040/nrfx_uart.o
 .debug_abbrev  0x00001c5f      0x396 Output/Debug/Obj/spi_pca10040/nrfx_uarte.o
 .debug_abbrev  0x00001ff5      0x2b0 Output/Debug/Obj/spi_pca10040/app_button.o
 .debug_abbrev  0x000022a5      0x13f Output/Debug/Obj/spi_pca10040/app_error.o
 .debug_abbrev  0x000023e4       0xa5 Output/Debug/Obj/spi_pca10040/app_error_handler_gcc.o
 .debug_abbrev  0x00002489      0x1d3 Output/Debug/Obj/spi_pca10040/app_error_weak.o
 .debug_abbrev  0x0000265c      0x37c Output/Debug/Obj/spi_pca10040/app_timer2.o
 .debug_abbrev  0x000029d8      0x275 Output/Debug/Obj/spi_pca10040/app_util_platform.o
 .debug_abbrev  0x00002c4d      0x387 Output/Debug/Obj/spi_pca10040/drv_rtc.o
 .debug_abbrev  0x00002fd4       0xd6 Output/Debug/Obj/spi_pca10040/nrf_assert.o
 .debug_abbrev  0x000030aa      0x130 Output/Debug/Obj/spi_pca10040/nrf_atomic.o
 .debug_abbrev  0x000031da      0x1ae Output/Debug/Obj/spi_pca10040/nrf_balloc.o
 .debug_abbrev  0x00003388      0x12a Output/Debug/Obj/spi_pca10040/nrf_fprintf.o
 .debug_abbrev  0x000034b2      0x1fa Output/Debug/Obj/spi_pca10040/nrf_fprintf_format.o
 .debug_abbrev  0x000036ac      0x1ee Output/Debug/Obj/spi_pca10040/nrf_memobj.o
 .debug_abbrev  0x0000389a      0x13e Output/Debug/Obj/spi_pca10040/nrf_ringbuf.o
 .debug_abbrev  0x000039d8      0x15f Output/Debug/Obj/spi_pca10040/nrf_sortlist.o
 .debug_abbrev  0x00003b37       0xf5 Output/Debug/Obj/spi_pca10040/nrf_strerror.o
 .debug_abbrev  0x00003c2c      0x1e3 Output/Debug/Obj/spi_pca10040/nrf_log_backend_rtt.o
 .debug_abbrev  0x00003e0f      0x1d3 Output/Debug/Obj/spi_pca10040/nrf_log_backend_serial.o
 .debug_abbrev  0x00003fe2      0x17b Output/Debug/Obj/spi_pca10040/nrf_log_default_backends.o
 .debug_abbrev  0x0000415d      0x4ae Output/Debug/Obj/spi_pca10040/nrf_log_frontend.o
 .debug_abbrev  0x0000460b      0x1cc Output/Debug/Obj/spi_pca10040/nrf_log_str_formatter.o
 .debug_abbrev  0x000047d7      0x245 Output/Debug/Obj/spi_pca10040/SEGGER_RTT.o
 .debug_abbrev  0x00004a1c       0x12 Output/Debug/Obj/spi_pca10040/thumb_crt0.o

.debug_pubnames
                0x00000000     0xaf0a
 .debug_pubnames
                0x00000000      0xc97 Output/Debug/Obj/spi_pca10040/main.o
 .debug_pubnames
                0x00000c97      0x4f4 Output/Debug/Obj/spi_pca10040/boards.o
 .debug_pubnames
                0x0000118b     0x1d77 Output/Debug/Obj/spi_pca10040/system_nrf52.o
 .debug_pubnames
                0x00002f02      0x2e8 Output/Debug/Obj/spi_pca10040/nrf_drv_spi.o
 .debug_pubnames
                0x000031ea     0x11bd Output/Debug/Obj/spi_pca10040/nrfx_gpiote.o
 .debug_pubnames
                0x000043a7      0x19c Output/Debug/Obj/spi_pca10040/nrfx_prs.o
 .debug_pubnames
                0x00004543     0x116a Output/Debug/Obj/spi_pca10040/nrfx_saadc.o
 .debug_pubnames
                0x000056ad      0xa78 Output/Debug/Obj/spi_pca10040/nrfx_spim.o
 .debug_pubnames
                0x00006125      0xb29 Output/Debug/Obj/spi_pca10040/nrfx_uart.o
 .debug_pubnames
                0x00006c4e      0xcda Output/Debug/Obj/spi_pca10040/nrfx_uarte.o
 .debug_pubnames
                0x00007928      0x53e Output/Debug/Obj/spi_pca10040/app_button.o
 .debug_pubnames
                0x00007e66       0x88 Output/Debug/Obj/spi_pca10040/app_error.o
 .debug_pubnames
                0x00007eee       0x44 Output/Debug/Obj/spi_pca10040/app_error_handler_gcc.o
 .debug_pubnames
                0x00007f32      0x1b1 Output/Debug/Obj/spi_pca10040/app_error_weak.o
 .debug_pubnames
                0x000080e3      0x9ef Output/Debug/Obj/spi_pca10040/app_timer2.o
 .debug_pubnames
                0x00008ad2      0x23b Output/Debug/Obj/spi_pca10040/app_util_platform.o
 .debug_pubnames
                0x00008d0d      0x744 Output/Debug/Obj/spi_pca10040/drv_rtc.o
 .debug_pubnames
                0x00009451       0x46 Output/Debug/Obj/spi_pca10040/nrf_assert.o
 .debug_pubnames
                0x00009497      0x233 Output/Debug/Obj/spi_pca10040/nrf_atomic.o
 .debug_pubnames